Archive member included to satisfy reference by file (symbol)

d:/stm32cubeide_1.0.1/stm32cubeide/plugins/com.st.stm32cube.ide.mcu.externaltools.gnu-tools-for-stm32.7-2018-q2-update.win32_1.5.0.202011040924/tools/bin/../lib/gcc/arm-none-eabi/7.3.1/../../../../arm-none-eabi/lib/thumb/v7e-m/fpv5/hard\libc_nano.a(lib_a-errno.o)
                              Core/Src/syscalls.o (__errno)
d:/stm32cubeide_1.0.1/stm32cubeide/plugins/com.st.stm32cube.ide.mcu.externaltools.gnu-tools-for-stm32.7-2018-q2-update.win32_1.5.0.202011040924/tools/bin/../lib/gcc/arm-none-eabi/7.3.1/../../../../arm-none-eabi/lib/thumb/v7e-m/fpv5/hard\libc_nano.a(lib_a-exit.o)
                              d:/stm32cubeide_1.0.1/stm32cubeide/plugins/com.st.stm32cube.ide.mcu.externaltools.gnu-tools-for-stm32.7-2018-q2-update.win32_1.5.0.202011040924/tools/bin/../lib/gcc/arm-none-eabi/7.3.1/../../../../arm-none-eabi/lib/thumb/v7e-m/fpv5/hard/crt0.o (exit)
d:/stm32cubeide_1.0.1/stm32cubeide/plugins/com.st.stm32cube.ide.mcu.externaltools.gnu-tools-for-stm32.7-2018-q2-update.win32_1.5.0.202011040924/tools/bin/../lib/gcc/arm-none-eabi/7.3.1/../../../../arm-none-eabi/lib/thumb/v7e-m/fpv5/hard\libc_nano.a(lib_a-impure.o)
                              d:/stm32cubeide_1.0.1/stm32cubeide/plugins/com.st.stm32cube.ide.mcu.externaltools.gnu-tools-for-stm32.7-2018-q2-update.win32_1.5.0.202011040924/tools/bin/../lib/gcc/arm-none-eabi/7.3.1/../../../../arm-none-eabi/lib/thumb/v7e-m/fpv5/hard\libc_nano.a(lib_a-exit.o) (_global_impure_ptr)
d:/stm32cubeide_1.0.1/stm32cubeide/plugins/com.st.stm32cube.ide.mcu.externaltools.gnu-tools-for-stm32.7-2018-q2-update.win32_1.5.0.202011040924/tools/bin/../lib/gcc/arm-none-eabi/7.3.1/../../../../arm-none-eabi/lib/thumb/v7e-m/fpv5/hard\libc_nano.a(lib_a-init.o)
                              d:/stm32cubeide_1.0.1/stm32cubeide/plugins/com.st.stm32cube.ide.mcu.externaltools.gnu-tools-for-stm32.7-2018-q2-update.win32_1.5.0.202011040924/tools/bin/../lib/gcc/arm-none-eabi/7.3.1/../../../../arm-none-eabi/lib/thumb/v7e-m/fpv5/hard/crt0.o (__libc_init_array)
d:/stm32cubeide_1.0.1/stm32cubeide/plugins/com.st.stm32cube.ide.mcu.externaltools.gnu-tools-for-stm32.7-2018-q2-update.win32_1.5.0.202011040924/tools/bin/../lib/gcc/arm-none-eabi/7.3.1/../../../../arm-none-eabi/lib/thumb/v7e-m/fpv5/hard\libc_nano.a(lib_a-memset.o)
                              d:/stm32cubeide_1.0.1/stm32cubeide/plugins/com.st.stm32cube.ide.mcu.externaltools.gnu-tools-for-stm32.7-2018-q2-update.win32_1.5.0.202011040924/tools/bin/../lib/gcc/arm-none-eabi/7.3.1/../../../../arm-none-eabi/lib/thumb/v7e-m/fpv5/hard/crt0.o (memset)
d:/stm32cubeide_1.0.1/stm32cubeide/plugins/com.st.stm32cube.ide.mcu.externaltools.gnu-tools-for-stm32.7-2018-q2-update.win32_1.5.0.202011040924/tools/bin/../lib/gcc/arm-none-eabi/7.3.1/thumb/v7e-m/fpv5/hard\libgcc.a(_aeabi_uldivmod.o)
                              Drivers/STM32H7xx_HAL_Driver/Src/stm32h7xx_hal_uart.o (__aeabi_uldivmod)
d:/stm32cubeide_1.0.1/stm32cubeide/plugins/com.st.stm32cube.ide.mcu.externaltools.gnu-tools-for-stm32.7-2018-q2-update.win32_1.5.0.202011040924/tools/bin/../lib/gcc/arm-none-eabi/7.3.1/thumb/v7e-m/fpv5/hard\libgcc.a(_udivmoddi4.o)
                              d:/stm32cubeide_1.0.1/stm32cubeide/plugins/com.st.stm32cube.ide.mcu.externaltools.gnu-tools-for-stm32.7-2018-q2-update.win32_1.5.0.202011040924/tools/bin/../lib/gcc/arm-none-eabi/7.3.1/thumb/v7e-m/fpv5/hard\libgcc.a(_aeabi_uldivmod.o) (__udivmoddi4)
d:/stm32cubeide_1.0.1/stm32cubeide/plugins/com.st.stm32cube.ide.mcu.externaltools.gnu-tools-for-stm32.7-2018-q2-update.win32_1.5.0.202011040924/tools/bin/../lib/gcc/arm-none-eabi/7.3.1/thumb/v7e-m/fpv5/hard\libgcc.a(_dvmd_tls.o)
                              d:/stm32cubeide_1.0.1/stm32cubeide/plugins/com.st.stm32cube.ide.mcu.externaltools.gnu-tools-for-stm32.7-2018-q2-update.win32_1.5.0.202011040924/tools/bin/../lib/gcc/arm-none-eabi/7.3.1/thumb/v7e-m/fpv5/hard\libgcc.a(_aeabi_uldivmod.o) (__aeabi_ldiv0)

Allocating common symbols
Common symbol       size              file

DCMI_hdcmi          0x4               Hardware/OV2640.o
htim4               0x4c              Core/Src/tim.o
hi2c1               0x4c              Core/Src/i2c.o
hi2c2               0x4c              Core/Src/i2c.o
hdma_dcmi           0x78              Core/Src/dcmi.o
mHuart              0x4               Hardware/OV2640.o
uwTick              0x4               Drivers/STM32H7xx_HAL_Driver/Src/stm32h7xx_hal.o
pFlash              0x1c              Drivers/STM32H7xx_HAL_Driver/Src/stm32h7xx_hal_flash.o
OV2640ID            0x4               Hardware/OV2640.o
htim5               0x4c              Core/Src/tim.o
hdcmi               0x50              Core/Src/dcmi.o
mI2C                0x4               Hardware/OV2640.o
huart4              0x8c              Core/Src/usart.o
hspi1               0x88              Core/Src/spi.o

Discarded input sections

[...]
Memory Configuration

Name             Origin             Length             Attributes
DTCMRAM          0x0000000020000000 0x0000000000020000 xrw
ITCMRAM          0x0000000000000000 0x0000000000010000 xrw
RAM_D1           0x0000000024000000 0x0000000000080000 xrw
RAM_D2           0x0000000030000000 0x0000000000048000 xrw
RAM_D3           0x0000000038000000 0x0000000000010000 xrw
FLASH            0x0000000008000000 0x0000000000020000 xr
*default*        0x0000000000000000 0xffffffffffffffff

Linker script and memory map

LOAD d:/stm32cubeide_1.0.1/stm32cubeide/plugins/com.st.stm32cube.ide.mcu.externaltools.gnu-tools-for-stm32.7-2018-q2-update.win32_1.5.0.202011040924/tools/bin/../lib/gcc/arm-none-eabi/7.3.1/thumb/v7e-m/fpv5/hard/crti.o
LOAD d:/stm32cubeide_1.0.1/stm32cubeide/plugins/com.st.stm32cube.ide.mcu.externaltools.gnu-tools-for-stm32.7-2018-q2-update.win32_1.5.0.202011040924/tools/bin/../lib/gcc/arm-none-eabi/7.3.1/thumb/v7e-m/fpv5/hard/crtbegin.o
LOAD d:/stm32cubeide_1.0.1/stm32cubeide/plugins/com.st.stm32cube.ide.mcu.externaltools.gnu-tools-for-stm32.7-2018-q2-update.win32_1.5.0.202011040924/tools/bin/../lib/gcc/arm-none-eabi/7.3.1/../../../../arm-none-eabi/lib/thumb/v7e-m/fpv5/hard/crt0.o
LOAD Core/Src/dcmi.o
LOAD Core/Src/dma.o
LOAD Core/Src/gpio.o
LOAD Core/Src/i2c.o
LOAD Core/Src/main.o
LOAD Core/Src/spi.o
LOAD Core/Src/stm32h7xx_hal_msp.o
LOAD Core/Src/stm32h7xx_it.o
LOAD Core/Src/syscalls.o
LOAD Core/Src/sysmem.o
LOAD Core/Src/system_stm32h7xx.o
LOAD Core/Src/tim.o
LOAD Core/Src/usart.o
LOAD Core/Startup/startup_stm32h750vbtx.o
LOAD Drivers/STM32H7xx_HAL_Driver/Src/stm32h7xx_hal.o
LOAD Drivers/STM32H7xx_HAL_Driver/Src/stm32h7xx_hal_cortex.o
LOAD Drivers/STM32H7xx_HAL_Driver/Src/stm32h7xx_hal_dcmi.o
LOAD Drivers/STM32H7xx_HAL_Driver/Src/stm32h7xx_hal_dma.o
LOAD Drivers/STM32H7xx_HAL_Driver/Src/stm32h7xx_hal_dma_ex.o
LOAD Drivers/STM32H7xx_HAL_Driver/Src/stm32h7xx_hal_exti.o
LOAD Drivers/STM32H7xx_HAL_Driver/Src/stm32h7xx_hal_flash.o
LOAD Drivers/STM32H7xx_HAL_Driver/Src/stm32h7xx_hal_flash_ex.o
LOAD Drivers/STM32H7xx_HAL_Driver/Src/stm32h7xx_hal_gpio.o
LOAD Drivers/STM32H7xx_HAL_Driver/Src/stm32h7xx_hal_hsem.o
LOAD Drivers/STM32H7xx_HAL_Driver/Src/stm32h7xx_hal_i2c.o
LOAD Drivers/STM32H7xx_HAL_Driver/Src/stm32h7xx_hal_i2c_ex.o
LOAD Drivers/STM32H7xx_HAL_Driver/Src/stm32h7xx_hal_mdma.o
LOAD Drivers/STM32H7xx_HAL_Driver/Src/stm32h7xx_hal_pwr.o
LOAD Drivers/STM32H7xx_HAL_Driver/Src/stm32h7xx_hal_pwr_ex.o
LOAD Drivers/STM32H7xx_HAL_Driver/Src/stm32h7xx_hal_rcc.o
LOAD Drivers/STM32H7xx_HAL_Driver/Src/stm32h7xx_hal_rcc_ex.o
LOAD Drivers/STM32H7xx_HAL_Driver/Src/stm32h7xx_hal_spi.o
LOAD Drivers/STM32H7xx_HAL_Driver/Src/stm32h7xx_hal_spi_ex.o
LOAD Drivers/STM32H7xx_HAL_Driver/Src/stm32h7xx_hal_tim.o
LOAD Drivers/STM32H7xx_HAL_Driver/Src/stm32h7xx_hal_tim_ex.o
LOAD Drivers/STM32H7xx_HAL_Driver/Src/stm32h7xx_hal_uart.o
LOAD Drivers/STM32H7xx_HAL_Driver/Src/stm32h7xx_hal_uart_ex.o
LOAD Hardware/OV2640.o
START GROUP
LOAD d:/stm32cubeide_1.0.1/stm32cubeide/plugins/com.st.stm32cube.ide.mcu.externaltools.gnu-tools-for-stm32.7-2018-q2-update.win32_1.5.0.202011040924/tools/bin/../lib/gcc/arm-none-eabi/7.3.1/../../../../arm-none-eabi/lib/thumb/v7e-m/fpv5/hard\libc_nano.a
LOAD d:/stm32cubeide_1.0.1/stm32cubeide/plugins/com.st.stm32cube.ide.mcu.externaltools.gnu-tools-for-stm32.7-2018-q2-update.win32_1.5.0.202011040924/tools/bin/../lib/gcc/arm-none-eabi/7.3.1/../../../../arm-none-eabi/lib/thumb/v7e-m/fpv5/hard\libm.a
END GROUP
START GROUP
LOAD d:/stm32cubeide_1.0.1/stm32cubeide/plugins/com.st.stm32cube.ide.mcu.externaltools.gnu-tools-for-stm32.7-2018-q2-update.win32_1.5.0.202011040924/tools/bin/../lib/gcc/arm-none-eabi/7.3.1/thumb/v7e-m/fpv5/hard\libgcc.a
LOAD d:/stm32cubeide_1.0.1/stm32cubeide/plugins/com.st.stm32cube.ide.mcu.externaltools.gnu-tools-for-stm32.7-2018-q2-update.win32_1.5.0.202011040924/tools/bin/../lib/gcc/arm-none-eabi/7.3.1/../../../../arm-none-eabi/lib/thumb/v7e-m/fpv5/hard\libc_nano.a
END GROUP
START GROUP
LOAD d:/stm32cubeide_1.0.1/stm32cubeide/plugins/com.st.stm32cube.ide.mcu.externaltools.gnu-tools-for-stm32.7-2018-q2-update.win32_1.5.0.202011040924/tools/bin/../lib/gcc/arm-none-eabi/7.3.1/thumb/v7e-m/fpv5/hard\libgcc.a
LOAD d:/stm32cubeide_1.0.1/stm32cubeide/plugins/com.st.stm32cube.ide.mcu.externaltools.gnu-tools-for-stm32.7-2018-q2-update.win32_1.5.0.202011040924/tools/bin/../lib/gcc/arm-none-eabi/7.3.1/../../../../arm-none-eabi/lib/thumb/v7e-m/fpv5/hard\libc_nano.a
LOAD d:/stm32cubeide_1.0.1/stm32cubeide/plugins/com.st.stm32cube.ide.mcu.externaltools.gnu-tools-for-stm32.7-2018-q2-update.win32_1.5.0.202011040924/tools/bin/../lib/gcc/arm-none-eabi/7.3.1/../../../../arm-none-eabi/lib/thumb/v7e-m/fpv5/hard\libnosys.a
END GROUP
START GROUP
LOAD d:/stm32cubeide_1.0.1/stm32cubeide/plugins/com.st.stm32cube.ide.mcu.externaltools.gnu-tools-for-stm32.7-2018-q2-update.win32_1.5.0.202011040924/tools/bin/../lib/gcc/arm-none-eabi/7.3.1/thumb/v7e-m/fpv5/hard\libgcc.a
LOAD d:/stm32cubeide_1.0.1/stm32cubeide/plugins/com.st.stm32cube.ide.mcu.externaltools.gnu-tools-for-stm32.7-2018-q2-update.win32_1.5.0.202011040924/tools/bin/../lib/gcc/arm-none-eabi/7.3.1/../../../../arm-none-eabi/lib/thumb/v7e-m/fpv5/hard\libc_nano.a
LOAD d:/stm32cubeide_1.0.1/stm32cubeide/plugins/com.st.stm32cube.ide.mcu.externaltools.gnu-tools-for-stm32.7-2018-q2-update.win32_1.5.0.202011040924/tools/bin/../lib/gcc/arm-none-eabi/7.3.1/../../../../arm-none-eabi/lib/thumb/v7e-m/fpv5/hard\libnosys.a
END GROUP
LOAD d:/stm32cubeide_1.0.1/stm32cubeide/plugins/com.st.stm32cube.ide.mcu.externaltools.gnu-tools-for-stm32.7-2018-q2-update.win32_1.5.0.202011040924/tools/bin/../lib/gcc/arm-none-eabi/7.3.1/thumb/v7e-m/fpv5/hard/crtend.o
LOAD d:/stm32cubeide_1.0.1/stm32cubeide/plugins/com.st.stm32cube.ide.mcu.externaltools.gnu-tools-for-stm32.7-2018-q2-update.win32_1.5.0.202011040924/tools/bin/../lib/gcc/arm-none-eabi/7.3.1/thumb/v7e-m/fpv5/hard/crtn.o
                0x0000000024080000                _estack = (ORIGIN (RAM_D1) + LENGTH (RAM_D1))
                0x0000000000000200                _Min_Heap_Size = 0x200
                0x0000000000000400                _Min_Stack_Size = 0x400

.isr_vector     0x0000000008000000      0x298
                0x0000000008000000                . = ALIGN (0x4)
 *(.isr_vector)
 .isr_vector    0x0000000008000000      0x298 Core/Startup/startup_stm32h750vbtx.o
                0x0000000008000000                g_pfnVectors
                0x0000000008000298                . = ALIGN (0x4)

.text           0x0000000008000298     0xb234
                0x0000000008000298                . = ALIGN (0x4)
 *(.text)
 .text          0x0000000008000298       0x40 d:/stm32cubeide_1.0.1/stm32cubeide/plugins/com.st.stm32cube.ide.mcu.externaltools.gnu-tools-for-stm32.7-2018-q2-update.win32_1.5.0.202011040924/tools/bin/../lib/gcc/arm-none-eabi/7.3.1/thumb/v7e-m/fpv5/hard/crtbegin.o
 .text          0x00000000080002d8       0x30 d:/stm32cubeide_1.0.1/stm32cubeide/plugins/com.st.stm32cube.ide.mcu.externaltools.gnu-tools-for-stm32.7-2018-q2-update.win32_1.5.0.202011040924/tools/bin/../lib/gcc/arm-none-eabi/7.3.1/thumb/v7e-m/fpv5/hard\libgcc.a(_aeabi_uldivmod.o)
                0x00000000080002d8                __aeabi_uldivmod
 .text          0x0000000008000308      0x2cc d:/stm32cubeide_1.0.1/stm32cubeide/plugins/com.st.stm32cube.ide.mcu.externaltools.gnu-tools-for-stm32.7-2018-q2-update.win32_1.5.0.202011040924/tools/bin/../lib/gcc/arm-none-eabi/7.3.1/thumb/v7e-m/fpv5/hard\libgcc.a(_udivmoddi4.o)
                0x0000000008000308                __udivmoddi4
 .text          0x00000000080005d4        0x4 d:/stm32cubeide_1.0.1/stm32cubeide/plugins/com.st.stm32cube.ide.mcu.externaltools.gnu-tools-for-stm32.7-2018-q2-update.win32_1.5.0.202011040924/tools/bin/../lib/gcc/arm-none-eabi/7.3.1/thumb/v7e-m/fpv5/hard\libgcc.a(_dvmd_tls.o)
                0x00000000080005d4                __aeabi_idiv0
                0x00000000080005d4                __aeabi_ldiv0
 *(.text*)
 .text.MX_DCMI_Init
                0x00000000080005d8       0x68 Core/Src/dcmi.o
                0x00000000080005d8                MX_DCMI_Init
 .text.HAL_DCMI_MspInit
                0x0000000008000640      0x22c Core/Src/dcmi.o
                0x0000000008000640                HAL_DCMI_MspInit
 .text.MX_DMA_Init
                0x000000000800086c       0x40 Core/Src/dma.o
                0x000000000800086c                MX_DMA_Init
 .text.MX_GPIO_Init
                0x00000000080008ac      0x1e4 Core/Src/gpio.o
                0x00000000080008ac                MX_GPIO_Init
 .text.MX_I2C1_Init
                0x0000000008000a90       0x80 Core/Src/i2c.o
                0x0000000008000a90                MX_I2C1_Init
 .text.MX_I2C2_Init
                0x0000000008000b10       0x80 Core/Src/i2c.o
                0x0000000008000b10                MX_I2C2_Init
 .text.HAL_I2C_MspInit
                0x0000000008000b90      0x104 Core/Src/i2c.o
                0x0000000008000b90                HAL_I2C_MspInit
 .text.main     0x0000000008000c94       0x90 Core/Src/main.o
                0x0000000008000c94                main
 .text.SystemClock_Config
                0x0000000008000d24      0x18c Core/Src/main.o
                0x0000000008000d24                SystemClock_Config
 .text.Error_Handler
                0x0000000008000eb0        0xe Core/Src/main.o
                0x0000000008000eb0                Error_Handler
 *fill*         0x0000000008000ebe        0x2 
 .text.MX_SPI1_Init
                0x0000000008000ec0       0xac Core/Src/spi.o
                0x0000000008000ec0                MX_SPI1_Init
 .text.HAL_SPI_MspInit
                0x0000000008000f6c       0xd8 Core/Src/spi.o
                0x0000000008000f6c                HAL_SPI_MspInit
 .text.HAL_MspInit
                0x0000000008001044       0x34 Core/Src/stm32h7xx_hal_msp.o
                0x0000000008001044                HAL_MspInit
 .text.NMI_Handler
                0x0000000008001078        0xe Core/Src/stm32h7xx_it.o
                0x0000000008001078                NMI_Handler
 .text.HardFault_Handler
                0x0000000008001086        0x6 Core/Src/stm32h7xx_it.o
                0x0000000008001086                HardFault_Handler
 .text.MemManage_Handler
                0x000000000800108c        0x6 Core/Src/stm32h7xx_it.o
                0x000000000800108c                MemManage_Handler
 .text.BusFault_Handler
                0x0000000008001092        0x6 Core/Src/stm32h7xx_it.o
                0x0000000008001092                BusFault_Handler
 .text.UsageFault_Handler
                0x0000000008001098        0x6 Core/Src/stm32h7xx_it.o
                0x0000000008001098                UsageFault_Handler
 .text.SVC_Handler
                0x000000000800109e        0xe Core/Src/stm32h7xx_it.o
                0x000000000800109e                SVC_Handler
 .text.DebugMon_Handler
                0x00000000080010ac        0xe Core/Src/stm32h7xx_it.o
                0x00000000080010ac                DebugMon_Handler
 .text.PendSV_Handler
                0x00000000080010ba        0xe Core/Src/stm32h7xx_it.o
                0x00000000080010ba                PendSV_Handler
 .text.SysTick_Handler
                0x00000000080010c8        0xc Core/Src/stm32h7xx_it.o
                0x00000000080010c8                SysTick_Handler
 .text.DMA1_Stream0_IRQHandler
                0x00000000080010d4       0x14 Core/Src/stm32h7xx_it.o
                0x00000000080010d4                DMA1_Stream0_IRQHandler
 .text.DCMI_IRQHandler
                0x00000000080010e8       0x14 Core/Src/stm32h7xx_it.o
                0x00000000080010e8                DCMI_IRQHandler
 .text.SystemInit
                0x00000000080010fc       0xc4 Core/Src/system_stm32h7xx.o
                0x00000000080010fc                SystemInit
 .text.MX_TIM4_Init
                0x00000000080011c0      0x11c Core/Src/tim.o
                0x00000000080011c0                MX_TIM4_Init
 .text.MX_TIM5_Init
                0x00000000080012dc      0x118 Core/Src/tim.o
                0x00000000080012dc                MX_TIM5_Init
 .text.HAL_TIM_Base_MspInit
                0x00000000080013f4       0x74 Core/Src/tim.o
                0x00000000080013f4                HAL_TIM_Base_MspInit
 .text.HAL_TIM_MspPostInit
                0x0000000008001468      0x10c Core/Src/tim.o
                0x0000000008001468                HAL_TIM_MspPostInit
 .text.MX_UART4_Init
                0x0000000008001574       0x9c Core/Src/usart.o
                0x0000000008001574                MX_UART4_Init
 .text.HAL_UART_MspInit
                0x0000000008001610       0x94 Core/Src/usart.o
                0x0000000008001610                HAL_UART_MspInit
 .text.Reset_Handler
                0x00000000080016a4       0x50 Core/Startup/startup_stm32h750vbtx.o
                0x00000000080016a4                Reset_Handler
 .text.Default_Handler
                0x00000000080016f4        0x2 Core/Startup/startup_stm32h750vbtx.o
                0x00000000080016f4                RTC_Alarm_IRQHandler
                0x00000000080016f4                HASH_RNG_IRQHandler
                0x00000000080016f4                EXTI2_IRQHandler
                0x00000000080016f4                TIM8_CC_IRQHandler
                0x00000000080016f4                HRTIM1_Master_IRQHandler
                0x00000000080016f4                UART8_IRQHandler
                0x00000000080016f4                SPI4_IRQHandler
                0x00000000080016f4                TIM1_CC_IRQHandler
                0x00000000080016f4                BDMA_Channel6_IRQHandler
                0x00000000080016f4                DMA2_Stream5_IRQHandler
                0x00000000080016f4                HRTIM1_FLT_IRQHandler
                0x00000000080016f4                JPEG_IRQHandler
                0x00000000080016f4                DMA1_Stream5_IRQHandler
                0x00000000080016f4                BDMA_Channel1_IRQHandler
                0x00000000080016f4                HRTIM1_TIMD_IRQHandler
                0x00000000080016f4                TAMP_STAMP_IRQHandler
                0x00000000080016f4                EXTI3_IRQHandler
                0x00000000080016f4                LPTIM4_IRQHandler
                0x00000000080016f4                TIM8_TRG_COM_TIM14_IRQHandler
                0x00000000080016f4                LPTIM2_IRQHandler
                0x00000000080016f4                DFSDM1_FLT1_IRQHandler
                0x00000000080016f4                DMAMUX2_OVR_IRQHandler
                0x00000000080016f4                TIM8_UP_TIM13_IRQHandler
                0x00000000080016f4                I2C3_ER_IRQHandler
                0x00000000080016f4                DFSDM1_FLT2_IRQHandler
                0x00000000080016f4                MDMA_IRQHandler
                0x00000000080016f4                LPTIM3_IRQHandler
                0x00000000080016f4                HSEM1_IRQHandler
                0x00000000080016f4                EXTI0_IRQHandler
                0x00000000080016f4                I2C2_EV_IRQHandler
                0x00000000080016f4                DMA1_Stream2_IRQHandler
                0x00000000080016f4                FPU_IRQHandler
                0x00000000080016f4                OTG_HS_WKUP_IRQHandler
                0x00000000080016f4                FDCAN1_IT1_IRQHandler
                0x00000000080016f4                LTDC_ER_IRQHandler
                0x00000000080016f4                DMA2_Stream2_IRQHandler
                0x00000000080016f4                HRTIM1_TIME_IRQHandler
                0x00000000080016f4                SPI1_IRQHandler
                0x00000000080016f4                TIM6_DAC_IRQHandler
                0x00000000080016f4                HRTIM1_TIMC_IRQHandler
                0x00000000080016f4                DMA2_Stream3_IRQHandler
                0x00000000080016f4                SAI2_IRQHandler
                0x00000000080016f4                DFSDM1_FLT3_IRQHandler
                0x00000000080016f4                USART6_IRQHandler
                0x00000000080016f4                TIM17_IRQHandler
                0x00000000080016f4                USART3_IRQHandler
                0x00000000080016f4                BDMA_Channel7_IRQHandler
                0x00000000080016f4                CRYP_IRQHandler
                0x00000000080016f4                LPTIM5_IRQHandler
                0x00000000080016f4                UART5_IRQHandler
                0x00000000080016f4                ADC3_IRQHandler
                0x00000000080016f4                DMA2_Stream0_IRQHandler
                0x00000000080016f4                TIM4_IRQHandler
                0x00000000080016f4                BDMA_Channel2_IRQHandler
                0x00000000080016f4                QUADSPI_IRQHandler
                0x00000000080016f4                I2C1_EV_IRQHandler
                0x00000000080016f4                DMA1_Stream6_IRQHandler
                0x00000000080016f4                DMAMUX1_OVR_IRQHandler
                0x00000000080016f4                DMA1_Stream1_IRQHandler
                0x00000000080016f4                TIM16_IRQHandler
                0x00000000080016f4                UART4_IRQHandler
                0x00000000080016f4                BDMA_Channel5_IRQHandler
                0x00000000080016f4                TIM3_IRQHandler
                0x00000000080016f4                RCC_IRQHandler
                0x00000000080016f4                TIM8_BRK_TIM12_IRQHandler
                0x00000000080016f4                TIM1_TRG_COM_IRQHandler
                0x00000000080016f4                Default_Handler
                0x00000000080016f4                ECC_IRQHandler
                0x00000000080016f4                CEC_IRQHandler
                0x00000000080016f4                EXTI15_10_IRQHandler
                0x00000000080016f4                BDMA_Channel0_IRQHandler
                0x00000000080016f4                ADC_IRQHandler
                0x00000000080016f4                DMA1_Stream7_IRQHandler
                0x00000000080016f4                HRTIM1_TIMA_IRQHandler
                0x00000000080016f4                SPI5_IRQHandler
                0x00000000080016f4                TIM7_IRQHandler
                0x00000000080016f4                SDMMC1_IRQHandler
                0x00000000080016f4                TIM5_IRQHandler
                0x00000000080016f4                DMA2_Stream7_IRQHandler
                0x00000000080016f4                TIM15_IRQHandler
                0x00000000080016f4                PVD_AVD_IRQHandler
                0x00000000080016f4                I2C3_EV_IRQHandler
                0x00000000080016f4                EXTI9_5_IRQHandler
                0x00000000080016f4                RTC_WKUP_IRQHandler
                0x00000000080016f4                LTDC_IRQHandler
                0x00000000080016f4                SAI3_IRQHandler
                0x00000000080016f4                ETH_WKUP_IRQHandler
                0x00000000080016f4                SPDIF_RX_IRQHandler
                0x00000000080016f4                SPI2_IRQHandler
                0x00000000080016f4                OTG_HS_EP1_IN_IRQHandler
                0x00000000080016f4                CRS_IRQHandler
                0x00000000080016f4                EXTI4_IRQHandler
                0x00000000080016f4                HRTIM1_TIMB_IRQHandler
                0x00000000080016f4                FDCAN2_IT1_IRQHandler
                0x00000000080016f4                ETH_IRQHandler
                0x00000000080016f4                TIM1_UP_IRQHandler
                0x00000000080016f4                BDMA_Channel4_IRQHandler
                0x00000000080016f4                OTG_HS_EP1_OUT_IRQHandler
                0x00000000080016f4                WWDG_IRQHandler
                0x00000000080016f4                SPI6_IRQHandler
                0x00000000080016f4                MDIOS_IRQHandler
                0x00000000080016f4                I2C4_EV_IRQHandler
                0x00000000080016f4                FDCAN2_IT0_IRQHandler
                0x00000000080016f4                LPUART1_IRQHandler
                0x00000000080016f4                FDCAN1_IT0_IRQHandler
                0x00000000080016f4                TIM2_IRQHandler
                0x00000000080016f4                OTG_FS_WKUP_IRQHandler
                0x00000000080016f4                OTG_HS_IRQHandler
                0x00000000080016f4                DMA2D_IRQHandler
                0x00000000080016f4                TIM1_BRK_IRQHandler
                0x00000000080016f4                EXTI1_IRQHandler
                0x00000000080016f4                SDMMC2_IRQHandler
                0x00000000080016f4                OTG_FS_EP1_OUT_IRQHandler
                0x00000000080016f4                BDMA_Channel3_IRQHandler
                0x00000000080016f4                UART7_IRQHandler
                0x00000000080016f4                MDIOS_WKUP_IRQHandler
                0x00000000080016f4                USART2_IRQHandler
                0x00000000080016f4                DFSDM1_FLT0_IRQHandler
                0x00000000080016f4                SAI4_IRQHandler
                0x00000000080016f4                I2C2_ER_IRQHandler
                0x00000000080016f4                DMA2_Stream1_IRQHandler
                0x00000000080016f4                FLASH_IRQHandler
                0x00000000080016f4                DMA2_Stream4_IRQHandler
                0x00000000080016f4                USART1_IRQHandler
                0x00000000080016f4                OTG_FS_IRQHandler
                0x00000000080016f4                SPI3_IRQHandler
                0x00000000080016f4                WAKEUP_PIN_IRQHandler
                0x00000000080016f4                DMA1_Stream4_IRQHandler
                0x00000000080016f4                OTG_FS_EP1_IN_IRQHandler
                0x00000000080016f4                I2C1_ER_IRQHandler
                0x00000000080016f4                FMC_IRQHandler
                0x00000000080016f4                FDCAN_CAL_IRQHandler
                0x00000000080016f4                SWPMI1_IRQHandler
                0x00000000080016f4                COMP1_IRQHandler
                0x00000000080016f4                LPTIM1_IRQHandler
                0x00000000080016f4                I2C4_ER_IRQHandler
                0x00000000080016f4                DMA2_Stream6_IRQHandler
                0x00000000080016f4                SAI1_IRQHandler
                0x00000000080016f4                DMA1_Stream3_IRQHandler
 *fill*         0x00000000080016f6        0x2 
 .text.HAL_Init
                0x00000000080016f8       0x78 Drivers/STM32H7xx_HAL_Driver/Src/stm32h7xx_hal.o
                0x00000000080016f8                HAL_Init
 .text.HAL_InitTick
                0x0000000008001770       0x6c Drivers/STM32H7xx_HAL_Driver/Src/stm32h7xx_hal.o
                0x0000000008001770                HAL_InitTick
 .text.HAL_IncTick
                0x00000000080017dc       0x28 Drivers/STM32H7xx_HAL_Driver/Src/stm32h7xx_hal.o
                0x00000000080017dc                HAL_IncTick
 .text.HAL_GetTick
                0x0000000008001804       0x18 Drivers/STM32H7xx_HAL_Driver/Src/stm32h7xx_hal.o
                0x0000000008001804                HAL_GetTick
 .text.HAL_Delay
                0x000000000800181c       0x44 Drivers/STM32H7xx_HAL_Driver/Src/stm32h7xx_hal.o
                0x000000000800181c                HAL_Delay
 .text.HAL_GetREVID
                0x0000000008001860       0x18 Drivers/STM32H7xx_HAL_Driver/Src/stm32h7xx_hal.o
                0x0000000008001860                HAL_GetREVID
 .text.__NVIC_SetPriorityGrouping
                0x0000000008001878       0x48 Drivers/STM32H7xx_HAL_Driver/Src/stm32h7xx_hal_cortex.o
 .text.__NVIC_GetPriorityGrouping
                0x00000000080018c0       0x1c Drivers/STM32H7xx_HAL_Driver/Src/stm32h7xx_hal_cortex.o
 .text.__NVIC_EnableIRQ
                0x00000000080018dc       0x3c Drivers/STM32H7xx_HAL_Driver/Src/stm32h7xx_hal_cortex.o
 .text.__NVIC_SetPriority
                0x0000000008001918       0x54 Drivers/STM32H7xx_HAL_Driver/Src/stm32h7xx_hal_cortex.o
 .text.NVIC_EncodePriority
                0x000000000800196c       0x66 Drivers/STM32H7xx_HAL_Driver/Src/stm32h7xx_hal_cortex.o
 *fill*         0x00000000080019d2        0x2 
 .text.SysTick_Config
                0x00000000080019d4       0x44 Drivers/STM32H7xx_HAL_Driver/Src/stm32h7xx_hal_cortex.o
 .text.HAL_NVIC_SetPriorityGrouping
                0x0000000008001a18       0x16 Drivers/STM32H7xx_HAL_Driver/Src/stm32h7xx_hal_cortex.o
                0x0000000008001a18                HAL_NVIC_SetPriorityGrouping
 .text.HAL_NVIC_SetPriority
                0x0000000008001a2e       0x34 Drivers/STM32H7xx_HAL_Driver/Src/stm32h7xx_hal_cortex.o
                0x0000000008001a2e                HAL_NVIC_SetPriority
 .text.HAL_NVIC_EnableIRQ
                0x0000000008001a62       0x1c Drivers/STM32H7xx_HAL_Driver/Src/stm32h7xx_hal_cortex.o
                0x0000000008001a62                HAL_NVIC_EnableIRQ
 .text.HAL_SYSTICK_Config
                0x0000000008001a7e       0x18 Drivers/STM32H7xx_HAL_Driver/Src/stm32h7xx_hal_cortex.o
                0x0000000008001a7e                HAL_SYSTICK_Config
 *fill*         0x0000000008001a96        0x2 
 .text.HAL_DCMI_Init
                0x0000000008001a98       0xf4 Drivers/STM32H7xx_HAL_Driver/Src/stm32h7xx_hal_dcmi.o
                0x0000000008001a98                HAL_DCMI_Init
 .text.HAL_DCMI_Start_DMA
                0x0000000008001b8c      0x184 Drivers/STM32H7xx_HAL_Driver/Src/stm32h7xx_hal_dcmi.o
                0x0000000008001b8c                HAL_DCMI_Start_DMA
 .text.HAL_DCMI_Stop
                0x0000000008001d10       0xc0 Drivers/STM32H7xx_HAL_Driver/Src/stm32h7xx_hal_dcmi.o
                0x0000000008001d10                HAL_DCMI_Stop
 .text.HAL_DCMI_Suspend
                0x0000000008001dd0       0xb0 Drivers/STM32H7xx_HAL_Driver/Src/stm32h7xx_hal_dcmi.o
                0x0000000008001dd0                HAL_DCMI_Suspend
 .text.HAL_DCMI_IRQHandler
                0x0000000008001e80      0x104 Drivers/STM32H7xx_HAL_Driver/Src/stm32h7xx_hal_dcmi.o
                0x0000000008001e80                HAL_DCMI_IRQHandler
 .text.HAL_DCMI_ErrorCallback
                0x0000000008001f84       0x14 Drivers/STM32H7xx_HAL_Driver/Src/stm32h7xx_hal_dcmi.o
                0x0000000008001f84                HAL_DCMI_ErrorCallback
 .text.HAL_DCMI_LineEventCallback
                0x0000000008001f98       0x14 Drivers/STM32H7xx_HAL_Driver/Src/stm32h7xx_hal_dcmi.o
                0x0000000008001f98                HAL_DCMI_LineEventCallback
 .text.HAL_DCMI_VsyncEventCallback
                0x0000000008001fac       0x14 Drivers/STM32H7xx_HAL_Driver/Src/stm32h7xx_hal_dcmi.o
                0x0000000008001fac                HAL_DCMI_VsyncEventCallback
 .text.DCMI_DMAXferCplt
                0x0000000008001fc0      0x126 Drivers/STM32H7xx_HAL_Driver/Src/stm32h7xx_hal_dcmi.o
 .text.DCMI_DMAError
                0x00000000080020e6       0x3a Drivers/STM32H7xx_HAL_Driver/Src/stm32h7xx_hal_dcmi.o
 .text.HAL_DMA_Init
                0x0000000008002120      0x6b8 Drivers/STM32H7xx_HAL_Driver/Src/stm32h7xx_hal_dma.o
                0x0000000008002120                HAL_DMA_Init
 .text.HAL_DMA_Start_IT
                0x00000000080027d8      0x4d4 Drivers/STM32H7xx_HAL_Driver/Src/stm32h7xx_hal_dma.o
                0x00000000080027d8                HAL_DMA_Start_IT
 .text.HAL_DMA_Abort
                0x0000000008002cac      0x63c Drivers/STM32H7xx_HAL_Driver/Src/stm32h7xx_hal_dma.o
                0x0000000008002cac                HAL_DMA_Abort
 .text.HAL_DMA_Abort_IT
                0x00000000080032e8      0x488 Drivers/STM32H7xx_HAL_Driver/Src/stm32h7xx_hal_dma.o
                0x00000000080032e8                HAL_DMA_Abort_IT
 .text.HAL_DMA_IRQHandler
                0x0000000008003770      0xe54 Drivers/STM32H7xx_HAL_Driver/Src/stm32h7xx_hal_dma.o
                0x0000000008003770                HAL_DMA_IRQHandler
 .text.DMA_SetConfig
                0x00000000080045c4      0x358 Drivers/STM32H7xx_HAL_Driver/Src/stm32h7xx_hal_dma.o
 .text.DMA_CalcBaseAndBitshift
                0x000000000800491c      0x164 Drivers/STM32H7xx_HAL_Driver/Src/stm32h7xx_hal_dma.o
 .text.DMA_CheckFifoParam
                0x0000000008004a80       0xf8 Drivers/STM32H7xx_HAL_Driver/Src/stm32h7xx_hal_dma.o
 .text.DMA_CalcDMAMUXChannelBaseAndMask
                0x0000000008004b78      0x134 Drivers/STM32H7xx_HAL_Driver/Src/stm32h7xx_hal_dma.o
 .text.DMA_CalcDMAMUXRequestGenBaseAndMask
                0x0000000008004cac       0xe8 Drivers/STM32H7xx_HAL_Driver/Src/stm32h7xx_hal_dma.o
 .text.HAL_DMAEx_MultiBufferStart_IT
                0x0000000008004d94      0x6bc Drivers/STM32H7xx_HAL_Driver/Src/stm32h7xx_hal_dma_ex.o
                0x0000000008004d94                HAL_DMAEx_MultiBufferStart_IT
 .text.HAL_DMAEx_ChangeMemory
                0x0000000008005450      0x138 Drivers/STM32H7xx_HAL_Driver/Src/stm32h7xx_hal_dma_ex.o
                0x0000000008005450                HAL_DMAEx_ChangeMemory
 .text.DMA_MultiBufferSetConfig
                0x0000000008005588      0x16c Drivers/STM32H7xx_HAL_Driver/Src/stm32h7xx_hal_dma_ex.o
 .text.HAL_GPIO_Init
                0x00000000080056f4      0x360 Drivers/STM32H7xx_HAL_Driver/Src/stm32h7xx_hal_gpio.o
                0x00000000080056f4                HAL_GPIO_Init
 .text.HAL_GPIO_WritePin
                0x0000000008005a54       0x32 Drivers/STM32H7xx_HAL_Driver/Src/stm32h7xx_hal_gpio.o
                0x0000000008005a54                HAL_GPIO_WritePin
 *fill*         0x0000000008005a86        0x2 
 .text.HAL_I2C_Init
                0x0000000008005a88      0x120 Drivers/STM32H7xx_HAL_Driver/Src/stm32h7xx_hal_i2c.o
                0x0000000008005a88                HAL_I2C_Init
 .text.HAL_I2C_Master_Transmit
                0x0000000008005ba8      0x1e8 Drivers/STM32H7xx_HAL_Driver/Src/stm32h7xx_hal_i2c.o
                0x0000000008005ba8                HAL_I2C_Master_Transmit
 .text.HAL_I2C_Mem_Read
                0x0000000008005d90      0x234 Drivers/STM32H7xx_HAL_Driver/Src/stm32h7xx_hal_i2c.o
                0x0000000008005d90                HAL_I2C_Mem_Read
 .text.I2C_RequestMemoryRead
                0x0000000008005fc4       0xa8 Drivers/STM32H7xx_HAL_Driver/Src/stm32h7xx_hal_i2c.o
 .text.I2C_Flush_TXDR
                0x000000000800606c       0x48 Drivers/STM32H7xx_HAL_Driver/Src/stm32h7xx_hal_i2c.o
 .text.I2C_WaitOnFlagUntilTimeout
                0x00000000080060b4       0x80 Drivers/STM32H7xx_HAL_Driver/Src/stm32h7xx_hal_i2c.o
 .text.I2C_WaitOnTXISFlagUntilTimeout
                0x0000000008006134       0x80 Drivers/STM32H7xx_HAL_Driver/Src/stm32h7xx_hal_i2c.o
 .text.I2C_WaitOnSTOPFlagUntilTimeout
                0x00000000080061b4       0x78 Drivers/STM32H7xx_HAL_Driver/Src/stm32h7xx_hal_i2c.o
 .text.I2C_IsAcknowledgeFailed
                0x000000000800622c       0xcc Drivers/STM32H7xx_HAL_Driver/Src/stm32h7xx_hal_i2c.o
 .text.I2C_TransferConfig
                0x00000000080062f8       0x5c Drivers/STM32H7xx_HAL_Driver/Src/stm32h7xx_hal_i2c.o
 .text.HAL_I2CEx_ConfigAnalogFilter
                0x0000000008006354       0x96 Drivers/STM32H7xx_HAL_Driver/Src/stm32h7xx_hal_i2c_ex.o
                0x0000000008006354                HAL_I2CEx_ConfigAnalogFilter
 .text.HAL_I2CEx_ConfigDigitalFilter
                0x00000000080063ea       0x98 Drivers/STM32H7xx_HAL_Driver/Src/stm32h7xx_hal_i2c_ex.o
                0x00000000080063ea                HAL_I2CEx_ConfigDigitalFilter
 *fill*         0x0000000008006482        0x2 
 .text.HAL_PWREx_ConfigSupply
                0x0000000008006484       0x74 Drivers/STM32H7xx_HAL_Driver/Src/stm32h7xx_hal_pwr_ex.o
                0x0000000008006484                HAL_PWREx_ConfigSupply
 .text.HAL_RCC_OscConfig
                0x00000000080064f8      0x820 Drivers/STM32H7xx_HAL_Driver/Src/stm32h7xx_hal_rcc.o
                0x00000000080064f8                HAL_RCC_OscConfig
 .text.HAL_RCC_ClockConfig
                0x0000000008006d18      0x36c Drivers/STM32H7xx_HAL_Driver/Src/stm32h7xx_hal_rcc.o
                0x0000000008006d18                HAL_RCC_ClockConfig
 .text.HAL_RCC_MCOConfig
                0x0000000008007084       0xd4 Drivers/STM32H7xx_HAL_Driver/Src/stm32h7xx_hal_rcc.o
                0x0000000008007084                HAL_RCC_MCOConfig
 .text.HAL_RCC_GetSysClockFreq
                0x0000000008007158      0x2e4 Drivers/STM32H7xx_HAL_Driver/Src/stm32h7xx_hal_rcc.o
                0x0000000008007158                HAL_RCC_GetSysClockFreq
 .text.HAL_RCC_GetHCLKFreq
                0x000000000800743c       0x60 Drivers/STM32H7xx_HAL_Driver/Src/stm32h7xx_hal_rcc.o
                0x000000000800743c                HAL_RCC_GetHCLKFreq
 .text.HAL_RCC_GetPCLK1Freq
                0x000000000800749c       0x2c Drivers/STM32H7xx_HAL_Driver/Src/stm32h7xx_hal_rcc.o
                0x000000000800749c                HAL_RCC_GetPCLK1Freq
 .text.HAL_RCC_GetPCLK2Freq
                0x00000000080074c8       0x2c Drivers/STM32H7xx_HAL_Driver/Src/stm32h7xx_hal_rcc.o
                0x00000000080074c8                HAL_RCC_GetPCLK2Freq
 .text.HAL_RCCEx_PeriphCLKConfig
                0x00000000080074f4      0xddc Drivers/STM32H7xx_HAL_Driver/Src/stm32h7xx_hal_rcc_ex.o
                0x00000000080074f4                HAL_RCCEx_PeriphCLKConfig
 .text.HAL_RCCEx_GetD3PCLK1Freq
                0x00000000080082d0       0x2c Drivers/STM32H7xx_HAL_Driver/Src/stm32h7xx_hal_rcc_ex.o
                0x00000000080082d0                HAL_RCCEx_GetD3PCLK1Freq
 .text.HAL_RCCEx_GetPLL2ClockFreq
                0x00000000080082fc      0x298 Drivers/STM32H7xx_HAL_Driver/Src/stm32h7xx_hal_rcc_ex.o
                0x00000000080082fc                HAL_RCCEx_GetPLL2ClockFreq
 .text.HAL_RCCEx_GetPLL3ClockFreq
                0x0000000008008594      0x298 Drivers/STM32H7xx_HAL_Driver/Src/stm32h7xx_hal_rcc_ex.o
                0x0000000008008594                HAL_RCCEx_GetPLL3ClockFreq
 .text.RCCEx_PLL2_Config
                0x000000000800882c      0x164 Drivers/STM32H7xx_HAL_Driver/Src/stm32h7xx_hal_rcc_ex.o
 .text.RCCEx_PLL3_Config
                0x0000000008008990      0x164 Drivers/STM32H7xx_HAL_Driver/Src/stm32h7xx_hal_rcc_ex.o
 .text.HAL_SPI_Init
                0x0000000008008af4      0x1f0 Drivers/STM32H7xx_HAL_Driver/Src/stm32h7xx_hal_spi.o
                0x0000000008008af4                HAL_SPI_Init
 .text.SPI_GetPacketSize
                0x0000000008008ce4       0x36 Drivers/STM32H7xx_HAL_Driver/Src/stm32h7xx_hal_spi.o
 .text.HAL_TIM_Base_Init
                0x0000000008008d1a       0xae Drivers/STM32H7xx_HAL_Driver/Src/stm32h7xx_hal_tim.o
                0x0000000008008d1a                HAL_TIM_Base_Init
 .text.HAL_TIM_OC_Init
                0x0000000008008dc8       0xae Drivers/STM32H7xx_HAL_Driver/Src/stm32h7xx_hal_tim.o
                0x0000000008008dc8                HAL_TIM_OC_Init
 .text.HAL_TIM_OC_MspInit
                0x0000000008008e76       0x14 Drivers/STM32H7xx_HAL_Driver/Src/stm32h7xx_hal_tim.o
                0x0000000008008e76                HAL_TIM_OC_MspInit
 .text.HAL_TIM_PWM_Init
                0x0000000008008e8a       0xae Drivers/STM32H7xx_HAL_Driver/Src/stm32h7xx_hal_tim.o
                0x0000000008008e8a                HAL_TIM_PWM_Init
 .text.HAL_TIM_PWM_MspInit
                0x0000000008008f38       0x14 Drivers/STM32H7xx_HAL_Driver/Src/stm32h7xx_hal_tim.o
                0x0000000008008f38                HAL_TIM_PWM_MspInit
 .text.HAL_TIM_OC_ConfigChannel
                0x0000000008008f4c       0xec Drivers/STM32H7xx_HAL_Driver/Src/stm32h7xx_hal_tim.o
                0x0000000008008f4c                HAL_TIM_OC_ConfigChannel
 .text.HAL_TIM_PWM_ConfigChannel
                0x0000000008009038      0x220 Drivers/STM32H7xx_HAL_Driver/Src/stm32h7xx_hal_tim.o
                0x0000000008009038                HAL_TIM_PWM_ConfigChannel
 .text.HAL_TIM_ConfigClockSource
                0x0000000008009258      0x1a0 Drivers/STM32H7xx_HAL_Driver/Src/stm32h7xx_hal_tim.o
                0x0000000008009258                HAL_TIM_ConfigClockSource
 .text.TIM_Base_SetConfig
                0x00000000080093f8      0x134 Drivers/STM32H7xx_HAL_Driver/Src/stm32h7xx_hal_tim.o
                0x00000000080093f8                TIM_Base_SetConfig
 .text.TIM_OC1_SetConfig
                0x000000000800952c      0x120 Drivers/STM32H7xx_HAL_Driver/Src/stm32h7xx_hal_tim.o
 .text.TIM_OC2_SetConfig
                0x000000000800964c      0x114 Drivers/STM32H7xx_HAL_Driver/Src/stm32h7xx_hal_tim.o
                0x000000000800964c                TIM_OC2_SetConfig
 .text.TIM_OC3_SetConfig
                0x0000000008009760      0x10c Drivers/STM32H7xx_HAL_Driver/Src/stm32h7xx_hal_tim.o
 .text.TIM_OC4_SetConfig
                0x000000000800986c       0xd0 Drivers/STM32H7xx_HAL_Driver/Src/stm32h7xx_hal_tim.o
 .text.TIM_OC5_SetConfig
                0x000000000800993c       0xc4 Drivers/STM32H7xx_HAL_Driver/Src/stm32h7xx_hal_tim.o
 .text.TIM_OC6_SetConfig
                0x0000000008009a00       0xc8 Drivers/STM32H7xx_HAL_Driver/Src/stm32h7xx_hal_tim.o
 .text.TIM_TI1_ConfigInputStage
                0x0000000008009ac8       0x5e Drivers/STM32H7xx_HAL_Driver/Src/stm32h7xx_hal_tim.o
 .text.TIM_TI2_ConfigInputStage
                0x0000000008009b26       0x60 Drivers/STM32H7xx_HAL_Driver/Src/stm32h7xx_hal_tim.o
 *fill*         0x0000000008009b86        0x2 
 .text.TIM_ITRx_SetConfig
                0x0000000008009b88       0x3c Drivers/STM32H7xx_HAL_Driver/Src/stm32h7xx_hal_tim.o
 .text.TIM_ETR_SetConfig
                0x0000000008009bc4       0x40 Drivers/STM32H7xx_HAL_Driver/Src/stm32h7xx_hal_tim.o
                0x0000000008009bc4                TIM_ETR_SetConfig
 .text.HAL_TIMEx_MasterConfigSynchronization
                0x0000000008009c04      0x110 Drivers/STM32H7xx_HAL_Driver/Src/stm32h7xx_hal_tim_ex.o
                0x0000000008009c04                HAL_TIMEx_MasterConfigSynchronization
 .text.HAL_UART_Init
                0x0000000008009d14       0xa0 Drivers/STM32H7xx_HAL_Driver/Src/stm32h7xx_hal_uart.o
                0x0000000008009d14                HAL_UART_Init
 .text.HAL_UART_Transmit
                0x0000000008009db4      0x12c Drivers/STM32H7xx_HAL_Driver/Src/stm32h7xx_hal_uart.o
                0x0000000008009db4                HAL_UART_Transmit
 .text.UART_SetConfig
                0x0000000008009ee0      0xb60 Drivers/STM32H7xx_HAL_Driver/Src/stm32h7xx_hal_uart.o
                0x0000000008009ee0                UART_SetConfig
 .text.UART_AdvFeatureConfig
                0x000000000800aa40      0x144 Drivers/STM32H7xx_HAL_Driver/Src/stm32h7xx_hal_uart.o
                0x000000000800aa40                UART_AdvFeatureConfig
 .text.UART_CheckIdleState
                0x000000000800ab84       0x90 Drivers/STM32H7xx_HAL_Driver/Src/stm32h7xx_hal_uart.o
                0x000000000800ab84                UART_CheckIdleState
 .text.UART_WaitOnFlagUntilTimeout
                0x000000000800ac14      0x100 Drivers/STM32H7xx_HAL_Driver/Src/stm32h7xx_hal_uart.o
                0x000000000800ac14                UART_WaitOnFlagUntilTimeout
 .text.HAL_UARTEx_DisableFifoMode
                0x000000000800ad14       0x72 Drivers/STM32H7xx_HAL_Driver/Src/stm32h7xx_hal_uart_ex.o
                0x000000000800ad14                HAL_UARTEx_DisableFifoMode
 .text.HAL_UARTEx_SetTxFifoThreshold
                0x000000000800ad86       0x7c Drivers/STM32H7xx_HAL_Driver/Src/stm32h7xx_hal_uart_ex.o
                0x000000000800ad86                HAL_UARTEx_SetTxFifoThreshold
 .text.HAL_UARTEx_SetRxFifoThreshold
                0x000000000800ae02       0x7c Drivers/STM32H7xx_HAL_Driver/Src/stm32h7xx_hal_uart_ex.o
                0x000000000800ae02                HAL_UARTEx_SetRxFifoThreshold
 *fill*         0x000000000800ae7e        0x2 
 .text.UARTEx_SetNbDataToProcess
                0x000000000800ae80       0xd0 Drivers/STM32H7xx_HAL_Driver/Src/stm32h7xx_hal_uart_ex.o
 .text.OV2640_Init
                0x000000000800af50       0x4c Hardware/OV2640.o
                0x000000000800af50                OV2640_Init
 .text.OV2640_ReadID
                0x000000000800af9c       0x82 Hardware/OV2640.o
 *fill*         0x000000000800b01e        0x2 
 .text.i2c_sent
                0x000000000800b020       0x40 Hardware/OV2640.o
 .text.i2c_receive
                0x000000000800b060       0x40 Hardware/OV2640.o
 .text.ov2640_config
                0x000000000800b0a0       0x1a Hardware/OV2640.o
 *fill*         0x000000000800b0ba        0x2 
 .text.OV2640_JPEGConfig
                0x000000000800b0bc      0x1ec Hardware/OV2640.o
 .text.OV2640_BrightnessConfig
                0x000000000800b2a8       0x44 Hardware/OV2640.o
 .text.OV2640_AutoExposure
                0x000000000800b2ec       0x78 Hardware/OV2640.o
 .text.SCCB_WriteRegs
                0x000000000800b364       0x3a Hardware/OV2640.o
 *fill*         0x000000000800b39e        0x2 
 .text.StartOV2640
                0x000000000800b3a0       0x40 Hardware/OV2640.o
                0x000000000800b3a0                StartOV2640
 .text.HAL_DCMI_FrameEventCallback
                0x000000000800b3e0       0x7c Hardware/OV2640.o
                0x000000000800b3e0                HAL_DCMI_FrameEventCallback
 .text.__libc_init_array
                0x000000000800b45c       0x48 d:/stm32cubeide_1.0.1/stm32cubeide/plugins/com.st.stm32cube.ide.mcu.externaltools.gnu-tools-for-stm32.7-2018-q2-update.win32_1.5.0.202011040924/tools/bin/../lib/gcc/arm-none-eabi/7.3.1/../../../../arm-none-eabi/lib/thumb/v7e-m/fpv5/hard\libc_nano.a(lib_a-init.o)
                0x000000000800b45c                __libc_init_array
 .text.memset   0x000000000800b4a4       0x10 d:/stm32cubeide_1.0.1/stm32cubeide/plugins/com.st.stm32cube.ide.mcu.externaltools.gnu-tools-for-stm32.7-2018-q2-update.win32_1.5.0.202011040924/tools/bin/../lib/gcc/arm-none-eabi/7.3.1/../../../../arm-none-eabi/lib/thumb/v7e-m/fpv5/hard\libc_nano.a(lib_a-memset.o)
                0x000000000800b4a4                memset
 *(.glue_7)
 .glue_7        0x000000000800b4b4        0x0 linker stubs
 *(.glue_7t)
 .glue_7t       0x000000000800b4b4        0x0 linker stubs
 *(.eh_frame)
 .eh_frame      0x000000000800b4b4        0x0 d:/stm32cubeide_1.0.1/stm32cubeide/plugins/com.st.stm32cube.ide.mcu.externaltools.gnu-tools-for-stm32.7-2018-q2-update.win32_1.5.0.202011040924/tools/bin/../lib/gcc/arm-none-eabi/7.3.1/thumb/v7e-m/fpv5/hard/crtbegin.o
 *(.init)
 .init          0x000000000800b4b4        0x4 d:/stm32cubeide_1.0.1/stm32cubeide/plugins/com.st.stm32cube.ide.mcu.externaltools.gnu-tools-for-stm32.7-2018-q2-update.win32_1.5.0.202011040924/tools/bin/../lib/gcc/arm-none-eabi/7.3.1/thumb/v7e-m/fpv5/hard/crti.o
                0x000000000800b4b4                _init
 .init          0x000000000800b4b8        0x8 d:/stm32cubeide_1.0.1/stm32cubeide/plugins/com.st.stm32cube.ide.mcu.externaltools.gnu-tools-for-stm32.7-2018-q2-update.win32_1.5.0.202011040924/tools/bin/../lib/gcc/arm-none-eabi/7.3.1/thumb/v7e-m/fpv5/hard/crtn.o
 *(.fini)
 .fini          0x000000000800b4c0        0x4 d:/stm32cubeide_1.0.1/stm32cubeide/plugins/com.st.stm32cube.ide.mcu.externaltools.gnu-tools-for-stm32.7-2018-q2-update.win32_1.5.0.202011040924/tools/bin/../lib/gcc/arm-none-eabi/7.3.1/thumb/v7e-m/fpv5/hard/crti.o
                0x000000000800b4c0                _fini
 .fini          0x000000000800b4c4        0x8 d:/stm32cubeide_1.0.1/stm32cubeide/plugins/com.st.stm32cube.ide.mcu.externaltools.gnu-tools-for-stm32.7-2018-q2-update.win32_1.5.0.202011040924/tools/bin/../lib/gcc/arm-none-eabi/7.3.1/thumb/v7e-m/fpv5/hard/crtn.o
                0x000000000800b4cc                . = ALIGN (0x4)
                0x000000000800b4cc                _etext = .

.vfp11_veneer   0x000000000800b4cc        0x0
 .vfp11_veneer  0x000000000800b4cc        0x0 linker stubs

.v4_bx          0x000000000800b4cc        0x0
 .v4_bx         0x000000000800b4cc        0x0 linker stubs

.iplt           0x000000000800b4cc        0x0
 .iplt          0x000000000800b4cc        0x0 d:/stm32cubeide_1.0.1/stm32cubeide/plugins/com.st.stm32cube.ide.mcu.externaltools.gnu-tools-for-stm32.7-2018-q2-update.win32_1.5.0.202011040924/tools/bin/../lib/gcc/arm-none-eabi/7.3.1/thumb/v7e-m/fpv5/hard/crtbegin.o

.rodata         0x000000000800b4cc      0x3c0
                0x000000000800b4cc                . = ALIGN (0x4)
 *(.rodata)
 .rodata        0x000000000800b4cc       0x10 Drivers/STM32H7xx_HAL_Driver/Src/stm32h7xx_hal_uart_ex.o
 *(.rodata*)
 .rodata.D1CorePrescTable
                0x000000000800b4dc       0x10 Core/Src/system_stm32h7xx.o
                0x000000000800b4dc                D1CorePrescTable
 .rodata.flagBitshiftOffset.11014
                0x000000000800b4ec        0x8 Drivers/STM32H7xx_HAL_Driver/Src/stm32h7xx_hal_dma.o
 .rodata.UARTPrescTable
                0x000000000800b4f4       0x18 Drivers/STM32H7xx_HAL_Driver/Src/stm32h7xx_hal_uart.o
                0x000000000800b4f4                UARTPrescTable
 .rodata.OV2640_JPEG_INIT
                0x000000000800b50c      0x17c Hardware/OV2640.o
                0x000000000800b50c                OV2640_JPEG_INIT
 .rodata.OV2640_YUV422
                0x000000000800b688       0x12 Hardware/OV2640.o
                0x000000000800b688                OV2640_YUV422
 *fill*         0x000000000800b69a        0x2 
 .rodata.OV2640_JPEG
                0x000000000800b69c       0x10 Hardware/OV2640.o
                0x000000000800b69c                OV2640_JPEG
 .rodata.OV2640_160x120_JPEG
                0x000000000800b6ac       0x4e Hardware/OV2640.o
                0x000000000800b6ac                OV2640_160x120_JPEG
 *fill*         0x000000000800b6fa        0x2 
 .rodata.OV2640_176x144_JPEG
                0x000000000800b6fc       0x4e Hardware/OV2640.o
                0x000000000800b6fc                OV2640_176x144_JPEG
 *fill*         0x000000000800b74a        0x2 
 .rodata.OV2640_320x240_JPEG
                0x000000000800b74c       0x50 Hardware/OV2640.o
                0x000000000800b74c                OV2640_320x240_JPEG
 .rodata.OV2640_800x600_JPEG
                0x000000000800b79c       0x50 Hardware/OV2640.o
                0x000000000800b79c                OV2640_800x600_JPEG
 .rodata.OV2640_352x288_JPEG
                0x000000000800b7ec       0x4e Hardware/OV2640.o
                0x000000000800b7ec                OV2640_352x288_JPEG
 *fill*         0x000000000800b83a        0x2 
 .rodata.OV2640_AUTOEXPOSURE_LEVEL0
                0x000000000800b83c        0xf Hardware/OV2640.o
 *fill*         0x000000000800b84b        0x1 
 .rodata.OV2640_AUTOEXPOSURE_LEVEL1
                0x000000000800b84c        0xf Hardware/OV2640.o
 *fill*         0x000000000800b85b        0x1 
 .rodata.OV2640_AUTOEXPOSURE_LEVEL2
                0x000000000800b85c        0xf Hardware/OV2640.o
 *fill*         0x000000000800b86b        0x1 
 .rodata.OV2640_AUTOEXPOSURE_LEVEL3
                0x000000000800b86c        0xf Hardware/OV2640.o
 *fill*         0x000000000800b87b        0x1 
 .rodata.OV2640_AUTOEXPOSURE_LEVEL4
                0x000000000800b87c        0xf Hardware/OV2640.o
                0x000000000800b88c                . = ALIGN (0x4)
 *fill*         0x000000000800b88b        0x1 

.ARM.extab      0x000000000800b88c        0x0
                0x000000000800b88c                . = ALIGN (0x4)
 *(.ARM.extab* .gnu.linkonce.armextab.*)
                0x000000000800b88c                . = ALIGN (0x4)

.ARM            0x000000000800b88c        0x8
                0x000000000800b88c                . = ALIGN (0x4)
                0x000000000800b88c                __exidx_start = .
 *(.ARM.exidx*)
 .ARM.exidx     0x000000000800b88c        0x8 d:/stm32cubeide_1.0.1/stm32cubeide/plugins/com.st.stm32cube.ide.mcu.externaltools.gnu-tools-for-stm32.7-2018-q2-update.win32_1.5.0.202011040924/tools/bin/../lib/gcc/arm-none-eabi/7.3.1/thumb/v7e-m/fpv5/hard\libgcc.a(_udivmoddi4.o)
                0x000000000800b894                __exidx_end = .
                0x000000000800b894                . = ALIGN (0x4)

.rel.dyn        0x000000000800b894        0x0
 .rel.iplt      0x000000000800b894        0x0 d:/stm32cubeide_1.0.1/stm32cubeide/plugins/com.st.stm32cube.ide.mcu.externaltools.gnu-tools-for-stm32.7-2018-q2-update.win32_1.5.0.202011040924/tools/bin/../lib/gcc/arm-none-eabi/7.3.1/thumb/v7e-m/fpv5/hard/crtbegin.o

.preinit_array  0x000000000800b894        0x0
                0x000000000800b894                . = ALIGN (0x4)
                0x000000000800b894                PROVIDE (__preinit_array_start = .)
 *(.preinit_array*)
                0x000000000800b894                PROVIDE (__preinit_array_end = .)
                0x000000000800b894                . = ALIGN (0x4)

.init_array     0x000000000800b894        0x4
                0x000000000800b894                . = ALIGN (0x4)
                0x000000000800b894                PROVIDE (__init_array_start = .)
 *(SORT_BY_NAME(.init_array.*))
 *(.init_array*)
 .init_array    0x000000000800b894        0x4 d:/stm32cubeide_1.0.1/stm32cubeide/plugins/com.st.stm32cube.ide.mcu.externaltools.gnu-tools-for-stm32.7-2018-q2-update.win32_1.5.0.202011040924/tools/bin/../lib/gcc/arm-none-eabi/7.3.1/thumb/v7e-m/fpv5/hard/crtbegin.o
                0x000000000800b898                PROVIDE (__init_array_end = .)
                0x000000000800b898                . = ALIGN (0x4)

.fini_array     0x000000000800b898        0x4
                0x000000000800b898                . = ALIGN (0x4)
                [!provide]                        PROVIDE (__fini_array_start = .)
 *(SORT_BY_NAME(.fini_array.*))
 *(.fini_array*)
 .fini_array    0x000000000800b898        0x4 d:/stm32cubeide_1.0.1/stm32cubeide/plugins/com.st.stm32cube.ide.mcu.externaltools.gnu-tools-for-stm32.7-2018-q2-update.win32_1.5.0.202011040924/tools/bin/../lib/gcc/arm-none-eabi/7.3.1/thumb/v7e-m/fpv5/hard/crtbegin.o
                [!provide]                        PROVIDE (__fini_array_end = .)
                0x000000000800b89c                . = ALIGN (0x4)
                0x000000000800b89c                _sidata = LOADADDR (.data)

.data           0x0000000024000000       0x10 load address 0x000000000800b89c
                0x0000000024000000                . = ALIGN (0x4)
                0x0000000024000000                _sdata = .
 *(.data)
 *(.data*)
 .data.SystemCoreClock
                0x0000000024000000        0x4 Core/Src/system_stm32h7xx.o
                0x0000000024000000                SystemCoreClock
 .data.SystemD2Clock
                0x0000000024000004        0x4 Core/Src/system_stm32h7xx.o
                0x0000000024000004                SystemD2Clock
 .data.uwTickPrio
                0x0000000024000008        0x4 Drivers/STM32H7xx_HAL_Driver/Src/stm32h7xx_hal.o
                0x0000000024000008                uwTickPrio
 .data.uwTickFreq
                0x000000002400000c        0x1 Drivers/STM32H7xx_HAL_Driver/Src/stm32h7xx_hal.o
                0x000000002400000c                uwTickFreq
 *fill*         0x000000002400000d        0x1 
 .data.I2C_ADDRESS
                0x000000002400000e        0x2 Hardware/OV2640.o
                0x000000002400000e                I2C_ADDRESS
                0x0000000024000010                . = ALIGN (0x4)
                0x0000000024000010                _edata = .

.igot.plt       0x0000000024000010        0x0 load address 0x000000000800b8ac
 .igot.plt      0x0000000024000010        0x0 d:/stm32cubeide_1.0.1/stm32cubeide/plugins/com.st.stm32cube.ide.mcu.externaltools.gnu-tools-for-stm32.7-2018-q2-update.win32_1.5.0.202011040924/tools/bin/../lib/gcc/arm-none-eabi/7.3.1/thumb/v7e-m/fpv5/hard/crtbegin.o
                0x0000000024000010                . = ALIGN (0x4)

.bss            0x0000000024000010     0xa33c load address 0x000000000800b8ac
                0x0000000024000010                _sbss = .
                0x0000000024000010                __bss_start__ = _sbss
 *(.bss)
 .bss           0x0000000024000010       0x1c d:/stm32cubeide_1.0.1/stm32cubeide/plugins/com.st.stm32cube.ide.mcu.externaltools.gnu-tools-for-stm32.7-2018-q2-update.win32_1.5.0.202011040924/tools/bin/../lib/gcc/arm-none-eabi/7.3.1/thumb/v7e-m/fpv5/hard/crtbegin.o
 *(.bss*)
 .bss.JpegBuffer
                0x000000002400002c     0xa000 Hardware/OV2640.o
 *(COMMON)
 COMMON         0x000000002400a02c       0xc8 Core/Src/dcmi.o
                0x000000002400a02c                hdma_dcmi
                0x000000002400a0a4                hdcmi
 COMMON         0x000000002400a0f4       0x98 Core/Src/i2c.o
                0x000000002400a0f4                hi2c1
                0x000000002400a140                hi2c2
 COMMON         0x000000002400a18c       0x88 Core/Src/spi.o
                0x000000002400a18c                hspi1
 COMMON         0x000000002400a214       0x98 Core/Src/tim.o
                0x000000002400a214                htim4
                0x000000002400a260                htim5
 COMMON         0x000000002400a2ac       0x8c Core/Src/usart.o
                0x000000002400a2ac                huart4
 COMMON         0x000000002400a338        0x4 Drivers/STM32H7xx_HAL_Driver/Src/stm32h7xx_hal.o
                0x000000002400a338                uwTick
 COMMON         0x000000002400a33c       0x10 Hardware/OV2640.o
                0x000000002400a33c                DCMI_hdcmi
                0x000000002400a340                mHuart
                0x000000002400a344                OV2640ID
                0x000000002400a348                mI2C
                0x000000002400a34c                . = ALIGN (0x4)
                0x000000002400a34c                _ebss = .
                0x000000002400a34c                __bss_end__ = _ebss

._user_heap_stack
                0x000000002400a34c      0x604 load address 0x000000000800b8ac
                0x000000002400a350                . = ALIGN (0x8)
 *fill*         0x000000002400a34c        0x4 
                0x000000002400a350                PROVIDE (end = .)
                [!provide]                        PROVIDE (_end = .)
                0x000000002400a550                . = (. + _Min_Heap_Size)
 *fill*         0x000000002400a350      0x200 
                0x000000002400a950                . = (. + _Min_Stack_Size)
 *fill*         0x000000002400a550      0x400 
                0x000000002400a950                . = ALIGN (0x8)

/DISCARD/
 libc.a(*)
 libm.a(*)
 libgcc.a(*)

.ARM.attributes
                0x0000000000000000       0x2e
 *(.ARM.attributes)
 .ARM.attributes
                0x0000000000000000       0x20 d:/stm32cubeide_1.0.1/stm32cubeide/plugins/com.st.stm32cube.ide.mcu.externaltools.gnu-tools-for-stm32.7-2018-q2-update.win32_1.5.0.202011040924/tools/bin/../lib/gcc/arm-none-eabi/7.3.1/thumb/v7e-m/fpv5/hard/crti.o
 .ARM.attributes
                0x0000000000000020       0x32 d:/stm32cubeide_1.0.1/stm32cubeide/plugins/com.st.stm32cube.ide.mcu.externaltools.gnu-tools-for-stm32.7-2018-q2-update.win32_1.5.0.202011040924/tools/bin/../lib/gcc/arm-none-eabi/7.3.1/thumb/v7e-m/fpv5/hard/crtbegin.o
 .ARM.attributes
                0x0000000000000052       0x37 Core/Src/dcmi.o
 .ARM.attributes
                0x0000000000000089       0x37 Core/Src/dma.o
 .ARM.attributes
                0x00000000000000c0       0x37 Core/Src/gpio.o
 .ARM.attributes
                0x00000000000000f7       0x37 Core/Src/i2c.o
 .ARM.attributes
                0x000000000000012e       0x37 Core/Src/main.o
 .ARM.attributes
                0x0000000000000165       0x37 Core/Src/spi.o
 .ARM.attributes
                0x000000000000019c       0x37 Core/Src/stm32h7xx_hal_msp.o
 .ARM.attributes
                0x00000000000001d3       0x37 Core/Src/stm32h7xx_it.o
 .ARM.attributes
                0x000000000000020a       0x37 Core/Src/system_stm32h7xx.o
 .ARM.attributes
                0x0000000000000241       0x37 Core/Src/tim.o
 .ARM.attributes
                0x0000000000000278       0x37 Core/Src/usart.o
 .ARM.attributes
                0x00000000000002af       0x21 Core/Startup/startup_stm32h750vbtx.o
 .ARM.attributes
                0x00000000000002d0       0x37 Drivers/STM32H7xx_HAL_Driver/Src/stm32h7xx_hal.o
 .ARM.attributes
                0x0000000000000307       0x37 Drivers/STM32H7xx_HAL_Driver/Src/stm32h7xx_hal_cortex.o
 .ARM.attributes
                0x000000000000033e       0x37 Drivers/STM32H7xx_HAL_Driver/Src/stm32h7xx_hal_dcmi.o
 .ARM.attributes
                0x0000000000000375       0x37 Drivers/STM32H7xx_HAL_Driver/Src/stm32h7xx_hal_dma.o
 .ARM.attributes
                0x00000000000003ac       0x37 Drivers/STM32H7xx_HAL_Driver/Src/stm32h7xx_hal_dma_ex.o
 .ARM.attributes
                0x00000000000003e3       0x37 Drivers/STM32H7xx_HAL_Driver/Src/stm32h7xx_hal_gpio.o
 .ARM.attributes
                0x000000000000041a       0x37 Drivers/STM32H7xx_HAL_Driver/Src/stm32h7xx_hal_i2c.o
 .ARM.attributes
                0x0000000000000451       0x37 Drivers/STM32H7xx_HAL_Driver/Src/stm32h7xx_hal_i2c_ex.o
 .ARM.attributes
                0x0000000000000488       0x37 Drivers/STM32H7xx_HAL_Driver/Src/stm32h7xx_hal_pwr_ex.o
 .ARM.attributes
                0x00000000000004bf       0x37 Drivers/STM32H7xx_HAL_Driver/Src/stm32h7xx_hal_rcc.o
 .ARM.attributes
                0x00000000000004f6       0x37 Drivers/STM32H7xx_HAL_Driver/Src/stm32h7xx_hal_rcc_ex.o
 .ARM.attributes
                0x000000000000052d       0x37 Drivers/STM32H7xx_HAL_Driver/Src/stm32h7xx_hal_spi.o
 .ARM.attributes
                0x0000000000000564       0x37 Drivers/STM32H7xx_HAL_Driver/Src/stm32h7xx_hal_tim.o
 .ARM.attributes
                0x000000000000059b       0x37 Drivers/STM32H7xx_HAL_Driver/Src/stm32h7xx_hal_tim_ex.o
 .ARM.attributes
                0x00000000000005d2       0x37 Drivers/STM32H7xx_HAL_Driver/Src/stm32h7xx_hal_uart.o
 .ARM.attributes
                0x0000000000000609       0x37 Drivers/STM32H7xx_HAL_Driver/Src/stm32h7xx_hal_uart_ex.o
 .ARM.attributes
                0x0000000000000640       0x37 Hardware/OV2640.o
 .ARM.attributes
                0x0000000000000677       0x32 d:/stm32cubeide_1.0.1/stm32cubeide/plugins/com.st.stm32cube.ide.mcu.externaltools.gnu-tools-for-stm32.7-2018-q2-update.win32_1.5.0.202011040924/tools/bin/../lib/gcc/arm-none-eabi/7.3.1/../../../../arm-none-eabi/lib/thumb/v7e-m/fpv5/hard\libc_nano.a(lib_a-init.o)
 .ARM.attributes
                0x00000000000006a9       0x32 d:/stm32cubeide_1.0.1/stm32cubeide/plugins/com.st.stm32cube.ide.mcu.externaltools.gnu-tools-for-stm32.7-2018-q2-update.win32_1.5.0.202011040924/tools/bin/../lib/gcc/arm-none-eabi/7.3.1/../../../../arm-none-eabi/lib/thumb/v7e-m/fpv5/hard\libc_nano.a(lib_a-memset.o)
 .ARM.attributes
                0x00000000000006db       0x20 d:/stm32cubeide_1.0.1/stm32cubeide/plugins/com.st.stm32cube.ide.mcu.externaltools.gnu-tools-for-stm32.7-2018-q2-update.win32_1.5.0.202011040924/tools/bin/../lib/gcc/arm-none-eabi/7.3.1/thumb/v7e-m/fpv5/hard\libgcc.a(_aeabi_uldivmod.o)
 .ARM.attributes
                0x00000000000006fb       0x32 d:/stm32cubeide_1.0.1/stm32cubeide/plugins/com.st.stm32cube.ide.mcu.externaltools.gnu-tools-for-stm32.7-2018-q2-update.win32_1.5.0.202011040924/tools/bin/../lib/gcc/arm-none-eabi/7.3.1/thumb/v7e-m/fpv5/hard\libgcc.a(_udivmoddi4.o)
 .ARM.attributes
                0x000000000000072d       0x20 d:/stm32cubeide_1.0.1/stm32cubeide/plugins/com.st.stm32cube.ide.mcu.externaltools.gnu-tools-for-stm32.7-2018-q2-update.win32_1.5.0.202011040924/tools/bin/../lib/gcc/arm-none-eabi/7.3.1/thumb/v7e-m/fpv5/hard\libgcc.a(_dvmd_tls.o)
 .ARM.attributes
                0x000000000000074d       0x20 d:/stm32cubeide_1.0.1/stm32cubeide/plugins/com.st.stm32cube.ide.mcu.externaltools.gnu-tools-for-stm32.7-2018-q2-update.win32_1.5.0.202011040924/tools/bin/../lib/gcc/arm-none-eabi/7.3.1/thumb/v7e-m/fpv5/hard/crtn.o
OUTPUT(BUJIdesignCheck.elf elf32-littlearm)

.debug_info     0x0000000000000000    0x2cf19
 .debug_info    0x0000000000000000     0x19c5 Core/Src/dcmi.o
 .debug_info    0x00000000000019c5     0x121b Core/Src/dma.o
 .debug_info    0x0000000000002be0     0x1033 Core/Src/gpio.o
 .debug_info    0x0000000000003c13     0x1614 Core/Src/i2c.o
 .debug_info    0x0000000000005227     0x255a Core/Src/main.o
 .debug_info    0x0000000000007781     0x167f Core/Src/spi.o
 .debug_info    0x0000000000008e00      0xe8f Core/Src/stm32h7xx_hal_msp.o
 .debug_info    0x0000000000009c8f     0x10cb Core/Src/stm32h7xx_it.o
 .debug_info    0x000000000000ad5a     0x136d Core/Src/system_stm32h7xx.o
 .debug_info    0x000000000000c0c7     0x1854 Core/Src/tim.o
 .debug_info    0x000000000000d91b     0x1602 Core/Src/usart.o
 .debug_info    0x000000000000ef1d       0x22 Core/Startup/startup_stm32h750vbtx.o
 .debug_info    0x000000000000ef3f     0x1e42 Drivers/STM32H7xx_HAL_Driver/Src/stm32h7xx_hal.o
 .debug_info    0x0000000000010d81     0x1ab6 Drivers/STM32H7xx_HAL_Driver/Src/stm32h7xx_hal_cortex.o
 .debug_info    0x0000000000012837     0x153d Drivers/STM32H7xx_HAL_Driver/Src/stm32h7xx_hal_dcmi.o
 .debug_info    0x0000000000013d74     0x15f3 Drivers/STM32H7xx_HAL_Driver/Src/stm32h7xx_hal_dma.o
 .debug_info    0x0000000000015367     0x1222 Drivers/STM32H7xx_HAL_Driver/Src/stm32h7xx_hal_dma_ex.o
 .debug_info    0x0000000000016589     0x1666 Drivers/STM32H7xx_HAL_Driver/Src/stm32h7xx_hal_gpio.o
 .debug_info    0x0000000000017bef     0x2ab5 Drivers/STM32H7xx_HAL_Driver/Src/stm32h7xx_hal_i2c.o
 .debug_info    0x000000000001a6a4     0x173a Drivers/STM32H7xx_HAL_Driver/Src/stm32h7xx_hal_i2c_ex.o
 .debug_info    0x000000000001bdde     0x1951 Drivers/STM32H7xx_HAL_Driver/Src/stm32h7xx_hal_pwr_ex.o
 .debug_info    0x000000000001d72f     0x17c7 Drivers/STM32H7xx_HAL_Driver/Src/stm32h7xx_hal_rcc.o
 .debug_info    0x000000000001eef6     0x1b37 Drivers/STM32H7xx_HAL_Driver/Src/stm32h7xx_hal_rcc_ex.o
 .debug_info    0x0000000000020a2d     0x1dc6 Drivers/STM32H7xx_HAL_Driver/Src/stm32h7xx_hal_spi.o
 .debug_info    0x00000000000227f3     0x334d Drivers/STM32H7xx_HAL_Driver/Src/stm32h7xx_hal_tim.o
 .debug_info    0x0000000000025b40     0x1fa3 Drivers/STM32H7xx_HAL_Driver/Src/stm32h7xx_hal_tim_ex.o
 .debug_info    0x0000000000027ae3     0x24aa Drivers/STM32H7xx_HAL_Driver/Src/stm32h7xx_hal_uart.o
 .debug_info    0x0000000000029f8d     0x14a9 Drivers/STM32H7xx_HAL_Driver/Src/stm32h7xx_hal_uart_ex.o
 .debug_info    0x000000000002b436     0x1ae3 Hardware/OV2640.o

.debug_abbrev   0x0000000000000000     0x45e8
 .debug_abbrev  0x0000000000000000      0x244 Core/Src/dcmi.o
 .debug_abbrev  0x0000000000000244      0x1e5 Core/Src/dma.o
 .debug_abbrev  0x0000000000000429      0x1fd Core/Src/gpio.o
 .debug_abbrev  0x0000000000000626      0x233 Core/Src/i2c.o
 .debug_abbrev  0x0000000000000859      0x246 Core/Src/main.o
 .debug_abbrev  0x0000000000000a9f      0x233 Core/Src/spi.o
 .debug_abbrev  0x0000000000000cd2      0x1e5 Core/Src/stm32h7xx_hal_msp.o
 .debug_abbrev  0x0000000000000eb7      0x1d6 Core/Src/stm32h7xx_it.o
 .debug_abbrev  0x000000000000108d      0x21f Core/Src/system_stm32h7xx.o
 .debug_abbrev  0x00000000000012ac      0x25e Core/Src/tim.o
 .debug_abbrev  0x000000000000150a      0x233 Core/Src/usart.o
 .debug_abbrev  0x000000000000173d       0x12 Core/Startup/startup_stm32h750vbtx.o
 .debug_abbrev  0x000000000000174f      0x2d9 Drivers/STM32H7xx_HAL_Driver/Src/stm32h7xx_hal.o
 .debug_abbrev  0x0000000000001a28      0x3b5 Drivers/STM32H7xx_HAL_Driver/Src/stm32h7xx_hal_cortex.o
 .debug_abbrev  0x0000000000001ddd      0x28f Drivers/STM32H7xx_HAL_Driver/Src/stm32h7xx_hal_dcmi.o
 .debug_abbrev  0x000000000000206c      0x289 Drivers/STM32H7xx_HAL_Driver/Src/stm32h7xx_hal_dma.o
 .debug_abbrev  0x00000000000022f5      0x266 Drivers/STM32H7xx_HAL_Driver/Src/stm32h7xx_hal_dma_ex.o
 .debug_abbrev  0x000000000000255b      0x28f Drivers/STM32H7xx_HAL_Driver/Src/stm32h7xx_hal_gpio.o
 .debug_abbrev  0x00000000000027ea      0x2ac Drivers/STM32H7xx_HAL_Driver/Src/stm32h7xx_hal_i2c.o
 .debug_abbrev  0x0000000000002a96      0x266 Drivers/STM32H7xx_HAL_Driver/Src/stm32h7xx_hal_i2c_ex.o
 .debug_abbrev  0x0000000000002cfc      0x311 Drivers/STM32H7xx_HAL_Driver/Src/stm32h7xx_hal_pwr_ex.o
 .debug_abbrev  0x000000000000300d      0x2e2 Drivers/STM32H7xx_HAL_Driver/Src/stm32h7xx_hal_rcc.o
 .debug_abbrev  0x00000000000032ef      0x2db Drivers/STM32H7xx_HAL_Driver/Src/stm32h7xx_hal_rcc_ex.o
 .debug_abbrev  0x00000000000035ca      0x2d5 Drivers/STM32H7xx_HAL_Driver/Src/stm32h7xx_hal_spi.o
 .debug_abbrev  0x000000000000389f      0x2bd Drivers/STM32H7xx_HAL_Driver/Src/stm32h7xx_hal_tim.o
 .debug_abbrev  0x0000000000003b5c      0x2c3 Drivers/STM32H7xx_HAL_Driver/Src/stm32h7xx_hal_tim_ex.o
 .debug_abbrev  0x0000000000003e1f      0x2bb Drivers/STM32H7xx_HAL_Driver/Src/stm32h7xx_hal_uart.o
 .debug_abbrev  0x00000000000040da      0x26f Drivers/STM32H7xx_HAL_Driver/Src/stm32h7xx_hal_uart_ex.o
 .debug_abbrev  0x0000000000004349      0x29f Hardware/OV2640.o

.debug_aranges  0x0000000000000000     0x1728
 .debug_aranges
                0x0000000000000000       0x30 Core/Src/dcmi.o
 .debug_aranges
                0x0000000000000030       0x20 Core/Src/dma.o
 .debug_aranges
                0x0000000000000050       0x20 Core/Src/gpio.o
 .debug_aranges
                0x0000000000000070       0x38 Core/Src/i2c.o
 .debug_aranges
                0x00000000000000a8       0x30 Core/Src/main.o
 .debug_aranges
                0x00000000000000d8       0x30 Core/Src/spi.o
 .debug_aranges
                0x0000000000000108       0x20 Core/Src/stm32h7xx_hal_msp.o
 .debug_aranges
                0x0000000000000128       0x70 Core/Src/stm32h7xx_it.o
 .debug_aranges
                0x0000000000000198       0x28 Core/Src/system_stm32h7xx.o
 .debug_aranges
                0x00000000000001c0       0x40 Core/Src/tim.o
 .debug_aranges
                0x0000000000000200       0x30 Core/Src/usart.o
 .debug_aranges
                0x0000000000000230       0x28 Core/Startup/startup_stm32h750vbtx.o
 .debug_aranges
                0x0000000000000258      0x1b8 Drivers/STM32H7xx_HAL_Driver/Src/stm32h7xx_hal.o
 .debug_aranges
                0x0000000000000410      0x120 Drivers/STM32H7xx_HAL_Driver/Src/stm32h7xx_hal_cortex.o
 .debug_aranges
                0x0000000000000530       0xc0 Drivers/STM32H7xx_HAL_Driver/Src/stm32h7xx_hal_dcmi.o
 .debug_aranges
                0x00000000000005f0       0xa0 Drivers/STM32H7xx_HAL_Driver/Src/stm32h7xx_hal_dma.o
 .debug_aranges
                0x0000000000000690       0x60 Drivers/STM32H7xx_HAL_Driver/Src/stm32h7xx_hal_dma_ex.o
 .debug_aranges
                0x00000000000006f0       0x58 Drivers/STM32H7xx_HAL_Driver/Src/stm32h7xx_hal_gpio.o
 .debug_aranges
                0x0000000000000748      0x290 Drivers/STM32H7xx_HAL_Driver/Src/stm32h7xx_hal_i2c.o
 .debug_aranges
                0x00000000000009d8       0x48 Drivers/STM32H7xx_HAL_Driver/Src/stm32h7xx_hal_i2c_ex.o
 .debug_aranges
                0x0000000000000a20      0x158 Drivers/STM32H7xx_HAL_Driver/Src/stm32h7xx_hal_pwr_ex.o
 .debug_aranges
                0x0000000000000b78       0x88 Drivers/STM32H7xx_HAL_Driver/Src/stm32h7xx_hal_rcc.o
 .debug_aranges
                0x0000000000000c00       0xf8 Drivers/STM32H7xx_HAL_Driver/Src/stm32h7xx_hal_rcc_ex.o
 .debug_aranges
                0x0000000000000cf8      0x1a0 Drivers/STM32H7xx_HAL_Driver/Src/stm32h7xx_hal_spi.o
 .debug_aranges
                0x0000000000000e98      0x3e0 Drivers/STM32H7xx_HAL_Driver/Src/stm32h7xx_hal_tim.o
 .debug_aranges
                0x0000000000001278      0x188 Drivers/STM32H7xx_HAL_Driver/Src/stm32h7xx_hal_tim_ex.o
 .debug_aranges
                0x0000000000001400      0x230 Drivers/STM32H7xx_HAL_Driver/Src/stm32h7xx_hal_uart.o
 .debug_aranges
                0x0000000000001630       0x88 Drivers/STM32H7xx_HAL_Driver/Src/stm32h7xx_hal_uart_ex.o
 .debug_aranges
                0x00000000000016b8       0x70 Hardware/OV2640.o

.debug_ranges   0x0000000000000000     0x1560
 .debug_ranges  0x0000000000000000       0x20 Core/Src/dcmi.o
 .debug_ranges  0x0000000000000020       0x10 Core/Src/dma.o
 .debug_ranges  0x0000000000000030       0x10 Core/Src/gpio.o
 .debug_ranges  0x0000000000000040       0x28 Core/Src/i2c.o
 .debug_ranges  0x0000000000000068       0x20 Core/Src/main.o
 .debug_ranges  0x0000000000000088       0x20 Core/Src/spi.o
 .debug_ranges  0x00000000000000a8       0x10 Core/Src/stm32h7xx_hal_msp.o
 .debug_ranges  0x00000000000000b8       0x60 Core/Src/stm32h7xx_it.o
 .debug_ranges  0x0000000000000118       0x18 Core/Src/system_stm32h7xx.o
 .debug_ranges  0x0000000000000130       0x30 Core/Src/tim.o
 .debug_ranges  0x0000000000000160       0x20 Core/Src/usart.o
 .debug_ranges  0x0000000000000180       0x20 Core/Startup/startup_stm32h750vbtx.o
 .debug_ranges  0x00000000000001a0      0x1a8 Drivers/STM32H7xx_HAL_Driver/Src/stm32h7xx_hal.o
 .debug_ranges  0x0000000000000348      0x110 Drivers/STM32H7xx_HAL_Driver/Src/stm32h7xx_hal_cortex.o
 .debug_ranges  0x0000000000000458       0xb0 Drivers/STM32H7xx_HAL_Driver/Src/stm32h7xx_hal_dcmi.o
 .debug_ranges  0x0000000000000508       0x90 Drivers/STM32H7xx_HAL_Driver/Src/stm32h7xx_hal_dma.o
 .debug_ranges  0x0000000000000598       0x50 Drivers/STM32H7xx_HAL_Driver/Src/stm32h7xx_hal_dma_ex.o
 .debug_ranges  0x00000000000005e8       0x48 Drivers/STM32H7xx_HAL_Driver/Src/stm32h7xx_hal_gpio.o
 .debug_ranges  0x0000000000000630      0x280 Drivers/STM32H7xx_HAL_Driver/Src/stm32h7xx_hal_i2c.o
 .debug_ranges  0x00000000000008b0       0x38 Drivers/STM32H7xx_HAL_Driver/Src/stm32h7xx_hal_i2c_ex.o
 .debug_ranges  0x00000000000008e8      0x148 Drivers/STM32H7xx_HAL_Driver/Src/stm32h7xx_hal_pwr_ex.o
 .debug_ranges  0x0000000000000a30       0x78 Drivers/STM32H7xx_HAL_Driver/Src/stm32h7xx_hal_rcc.o
 .debug_ranges  0x0000000000000aa8       0xe8 Drivers/STM32H7xx_HAL_Driver/Src/stm32h7xx_hal_rcc_ex.o
 .debug_ranges  0x0000000000000b90      0x190 Drivers/STM32H7xx_HAL_Driver/Src/stm32h7xx_hal_spi.o
 .debug_ranges  0x0000000000000d20      0x3d0 Drivers/STM32H7xx_HAL_Driver/Src/stm32h7xx_hal_tim.o
 .debug_ranges  0x00000000000010f0      0x178 Drivers/STM32H7xx_HAL_Driver/Src/stm32h7xx_hal_tim_ex.o
 .debug_ranges  0x0000000000001268      0x220 Drivers/STM32H7xx_HAL_Driver/Src/stm32h7xx_hal_uart.o
 .debug_ranges  0x0000000000001488       0x78 Drivers/STM32H7xx_HAL_Driver/Src/stm32h7xx_hal_uart_ex.o
 .debug_ranges  0x0000000000001500       0x60 Hardware/OV2640.o

.debug_macro    0x0000000000000000    0x39b62
 .debug_macro   0x0000000000000000      0x2d8 Core/Src/dcmi.o
 .debug_macro   0x00000000000002d8      0xa66 Core/Src/dcmi.o
 .debug_macro   0x0000000000000d3e      0x244 Core/Src/dcmi.o
 .debug_macro   0x0000000000000f82       0x2e Core/Src/dcmi.o
 .debug_macro   0x0000000000000fb0       0x3b Core/Src/dcmi.o
 .debug_macro   0x0000000000000feb       0x22 Core/Src/dcmi.o
 .debug_macro   0x000000000000100d       0x8e Core/Src/dcmi.o
 .debug_macro   0x000000000000109b       0x51 Core/Src/dcmi.o
 .debug_macro   0x00000000000010ec       0xef Core/Src/dcmi.o
 .debug_macro   0x00000000000011db       0x6a Core/Src/dcmi.o
 .debug_macro   0x0000000000001245      0x1df Core/Src/dcmi.o
 .debug_macro   0x0000000000001424       0x1c Core/Src/dcmi.o
 .debug_macro   0x0000000000001440       0x22 Core/Src/dcmi.o
 .debug_macro   0x0000000000001462       0xdf Core/Src/dcmi.o
 .debug_macro   0x0000000000001541     0x12cd Core/Src/dcmi.o
 .debug_macro   0x000000000000280e      0x11f Core/Src/dcmi.o
 .debug_macro   0x000000000000292d       0x19 Core/Src/dcmi.o
 .debug_macro   0x0000000000002946    0x259b2 Core/Src/dcmi.o
 .debug_macro   0x00000000000282f8       0x43 Core/Src/dcmi.o
 .debug_macro   0x000000000002833b     0x3cd3 Core/Src/dcmi.o
 .debug_macro   0x000000000002c00e      0x174 Core/Src/dcmi.o
 .debug_macro   0x000000000002c182       0x46 Core/Src/dcmi.o
 .debug_macro   0x000000000002c1c8       0x17 Core/Src/dcmi.o
 .debug_macro   0x000000000002c1df       0x3c Core/Src/dcmi.o
 .debug_macro   0x000000000002c21b       0x34 Core/Src/dcmi.o
 .debug_macro   0x000000000002c24f       0x52 Core/Src/dcmi.o
 .debug_macro   0x000000000002c2a1       0x1f Core/Src/dcmi.o
 .debug_macro   0x000000000002c2c0       0x43 Core/Src/dcmi.o
 .debug_macro   0x000000000002c303       0x20 Core/Src/dcmi.o
 .debug_macro   0x000000000002c323      0x1a3 Core/Src/dcmi.o
 .debug_macro   0x000000000002c4c6      0x32a Core/Src/dcmi.o
 .debug_macro   0x000000000002c7f0      0x1e1 Core/Src/dcmi.o
 .debug_macro   0x000000000002c9d1       0x54 Core/Src/dcmi.o
 .debug_macro   0x000000000002ca25     0x240e Core/Src/dcmi.o
 .debug_macro   0x000000000002ee33     0x1009 Core/Src/dcmi.o
 .debug_macro   0x000000000002fe3c      0x138 Core/Src/dcmi.o
 .debug_macro   0x000000000002ff74      0x117 Core/Src/dcmi.o
 .debug_macro   0x000000000003008b      0x3b2 Core/Src/dcmi.o
 .debug_macro   0x000000000003043d       0x27 Core/Src/dcmi.o
 .debug_macro   0x0000000000030464      0x72d Core/Src/dcmi.o
 .debug_macro   0x0000000000030b91      0x229 Core/Src/dcmi.o
 .debug_macro   0x0000000000030dba       0x66 Core/Src/dcmi.o
 .debug_macro   0x0000000000030e20      0x3bb Core/Src/dcmi.o
 .debug_macro   0x00000000000311db      0x22c Core/Src/dcmi.o
 .debug_macro   0x0000000000031407      0x3e5 Core/Src/dcmi.o
 .debug_macro   0x00000000000317ec      0x275 Core/Src/dcmi.o
 .debug_macro   0x0000000000031a61      0x3cb Core/Src/dcmi.o
 .debug_macro   0x0000000000031e2c      0x408 Core/Src/dcmi.o
 .debug_macro   0x0000000000032234       0x3c Core/Src/dcmi.o
 .debug_macro   0x0000000000032270       0x4a Core/Src/dcmi.o
 .debug_macro   0x00000000000322ba      0x22c Core/Src/dcmi.o
 .debug_macro   0x00000000000324e6       0x64 Core/Src/dcmi.o
 .debug_macro   0x000000000003254a       0xa5 Core/Src/dcmi.o
 .debug_macro   0x00000000000325ef      0x1c5 Core/Src/dcmi.o
 .debug_macro   0x00000000000327b4      0x25f Core/Src/dcmi.o
 .debug_macro   0x0000000000032a13       0x35 Core/Src/dcmi.o
 .debug_macro   0x0000000000032a48      0x5dd Core/Src/dcmi.o
 .debug_macro   0x0000000000033025       0x9e Core/Src/dcmi.o
 .debug_macro   0x00000000000330c3      0xad7 Core/Src/dcmi.o
 .debug_macro   0x0000000000033b9a      0x2a0 Core/Src/dcmi.o
 .debug_macro   0x0000000000033e3a      0x662 Core/Src/dcmi.o
 .debug_macro   0x000000000003449c       0xa6 Core/Src/dcmi.o
 .debug_macro   0x0000000000034542      0x5a0 Core/Src/dcmi.o
 .debug_macro   0x0000000000034ae2       0x7c Core/Src/dcmi.o
 .debug_macro   0x0000000000034b5e      0x2d8 Core/Src/dma.o
 .debug_macro   0x0000000000034e36      0x2d8 Core/Src/gpio.o
 .debug_macro   0x000000000003510e      0x2d8 Core/Src/i2c.o
 .debug_macro   0x00000000000353e6      0x321 Core/Src/main.o
 .debug_macro   0x0000000000035707      0x1ea Core/Src/main.o
 .debug_macro   0x00000000000358f1      0x2d8 Core/Src/spi.o
 .debug_macro   0x0000000000035bc9      0x2ce Core/Src/stm32h7xx_hal_msp.o
 .debug_macro   0x0000000000035e97      0x2d8 Core/Src/stm32h7xx_it.o
 .debug_macro   0x000000000003616f      0x2c5 Core/Src/system_stm32h7xx.o
 .debug_macro   0x0000000000036434      0x2d8 Core/Src/tim.o
 .debug_macro   0x000000000003670c      0x2d8 Core/Src/usart.o
 .debug_macro   0x00000000000369e4      0x2e9 Drivers/STM32H7xx_HAL_Driver/Src/stm32h7xx_hal.o
 .debug_macro   0x0000000000036ccd      0x2bf Drivers/STM32H7xx_HAL_Driver/Src/stm32h7xx_hal_cortex.o
 .debug_macro   0x0000000000036f8c      0x2c6 Drivers/STM32H7xx_HAL_Driver/Src/stm32h7xx_hal_dcmi.o
 .debug_macro   0x0000000000037252      0x313 Drivers/STM32H7xx_HAL_Driver/Src/stm32h7xx_hal_dma.o
 .debug_macro   0x0000000000037565      0x2bf Drivers/STM32H7xx_HAL_Driver/Src/stm32h7xx_hal_dma_ex.o
 .debug_macro   0x0000000000037824      0x2fb Drivers/STM32H7xx_HAL_Driver/Src/stm32h7xx_hal_gpio.o
 .debug_macro   0x0000000000037b1f      0x384 Drivers/STM32H7xx_HAL_Driver/Src/stm32h7xx_hal_i2c.o
 .debug_macro   0x0000000000037ea3      0x2bf Drivers/STM32H7xx_HAL_Driver/Src/stm32h7xx_hal_i2c_ex.o
 .debug_macro   0x0000000000038162      0x2f8 Drivers/STM32H7xx_HAL_Driver/Src/stm32h7xx_hal_pwr_ex.o
 .debug_macro   0x000000000003845a      0x2e3 Drivers/STM32H7xx_HAL_Driver/Src/stm32h7xx_hal_rcc.o
 .debug_macro   0x000000000003873d      0x2dd Drivers/STM32H7xx_HAL_Driver/Src/stm32h7xx_hal_rcc_ex.o
 .debug_macro   0x0000000000038a1a      0x2c7 Drivers/STM32H7xx_HAL_Driver/Src/stm32h7xx_hal_spi.o
 .debug_macro   0x0000000000038ce1      0x2c0 Drivers/STM32H7xx_HAL_Driver/Src/stm32h7xx_hal_tim.o
 .debug_macro   0x0000000000038fa1      0x2bf Drivers/STM32H7xx_HAL_Driver/Src/stm32h7xx_hal_tim_ex.o
 .debug_macro   0x0000000000039260      0x2ea Drivers/STM32H7xx_HAL_Driver/Src/stm32h7xx_hal_uart.o
 .debug_macro   0x000000000003954a      0x2cb Drivers/STM32H7xx_HAL_Driver/Src/stm32h7xx_hal_uart_ex.o
 .debug_macro   0x0000000000039815      0x307 Hardware/OV2640.o
 .debug_macro   0x0000000000039b1c       0x10 Hardware/OV2640.o
 .debug_macro   0x0000000000039b2c       0x16 Hardware/OV2640.o
 .debug_macro   0x0000000000039b42       0x20 Hardware/OV2640.o

.debug_line     0x0000000000000000    0x188aa
 .debug_line    0x0000000000000000      0x8f0 Core/Src/dcmi.o
 .debug_line    0x00000000000008f0      0x87d Core/Src/dma.o
 .debug_line    0x000000000000116d      0x8ab Core/Src/gpio.o
 .debug_line    0x0000000000001a18      0x8ef Core/Src/i2c.o
 .debug_line    0x0000000000002307      0x961 Core/Src/main.o
 .debug_line    0x0000000000002c68      0x8c8 Core/Src/spi.o
 .debug_line    0x0000000000003530      0x881 Core/Src/stm32h7xx_hal_msp.o
 .debug_line    0x0000000000003db1      0x94a Core/Src/stm32h7xx_it.o
 .debug_line    0x00000000000046fb      0x8c7 Core/Src/system_stm32h7xx.o
 .debug_line    0x0000000000004fc2      0x92c Core/Src/tim.o
 .debug_line    0x00000000000058ee      0x8bf Core/Src/usart.o
 .debug_line    0x00000000000061ad       0x85 Core/Startup/startup_stm32h750vbtx.o
 .debug_line    0x0000000000006232      0xc7f Drivers/STM32H7xx_HAL_Driver/Src/stm32h7xx_hal.o
 .debug_line    0x0000000000006eb1      0xbbe Drivers/STM32H7xx_HAL_Driver/Src/stm32h7xx_hal_cortex.o
 .debug_line    0x0000000000007a6f      0xbd2 Drivers/STM32H7xx_HAL_Driver/Src/stm32h7xx_hal_dcmi.o
 .debug_line    0x0000000000008641     0x1cf2 Drivers/STM32H7xx_HAL_Driver/Src/stm32h7xx_hal_dma.o
 .debug_line    0x000000000000a333      0xeee Drivers/STM32H7xx_HAL_Driver/Src/stm32h7xx_hal_dma_ex.o
 .debug_line    0x000000000000b221      0xa79 Drivers/STM32H7xx_HAL_Driver/Src/stm32h7xx_hal_gpio.o
 .debug_line    0x000000000000bc9a     0x1ef7 Drivers/STM32H7xx_HAL_Driver/Src/stm32h7xx_hal_i2c.o
 .debug_line    0x000000000000db91      0x9c6 Drivers/STM32H7xx_HAL_Driver/Src/stm32h7xx_hal_i2c_ex.o
 .debug_line    0x000000000000e557      0xc5b Drivers/STM32H7xx_HAL_Driver/Src/stm32h7xx_hal_pwr_ex.o
 .debug_line    0x000000000000f1b2      0xc61 Drivers/STM32H7xx_HAL_Driver/Src/stm32h7xx_hal_rcc.o
 .debug_line    0x000000000000fe13      0xebf Drivers/STM32H7xx_HAL_Driver/Src/stm32h7xx_hal_rcc_ex.o
 .debug_line    0x0000000000010cd2     0x12e5 Drivers/STM32H7xx_HAL_Driver/Src/stm32h7xx_hal_spi.o
 .debug_line    0x0000000000011fb7     0x2788 Drivers/STM32H7xx_HAL_Driver/Src/stm32h7xx_hal_tim.o
 .debug_line    0x000000000001473f     0x15e4 Drivers/STM32H7xx_HAL_Driver/Src/stm32h7xx_hal_tim_ex.o
 .debug_line    0x0000000000015d23     0x1616 Drivers/STM32H7xx_HAL_Driver/Src/stm32h7xx_hal_uart.o
 .debug_line    0x0000000000017339      0xaf1 Drivers/STM32H7xx_HAL_Driver/Src/stm32h7xx_hal_uart_ex.o
 .debug_line    0x0000000000017e2a      0xa80 Hardware/OV2640.o

.debug_str      0x0000000000000000   0x168efc
 .debug_str     0x0000000000000000   0x1611d8 Core/Src/dcmi.o
                                     0x1617cd (size before relaxing)
 .debug_str     0x00000000001611d8       0x29 Core/Src/dma.o
                                     0x1611f2 (size before relaxing)
 .debug_str     0x0000000000161201       0x48 Core/Src/gpio.o
                                     0x160a52 (size before relaxing)
 .debug_str     0x0000000000161249      0x2dd Core/Src/i2c.o
                                     0x16101f (size before relaxing)
 .debug_str     0x0000000000161526     0x1422 Core/Src/main.o
                                     0x16252d (size before relaxing)
 .debug_str     0x0000000000162948       0x4b Core/Src/spi.o
                                     0x161022 (size before relaxing)
 .debug_str     0x0000000000162993       0x2c Core/Src/stm32h7xx_hal_msp.o
                                     0x1609c9 (size before relaxing)
 .debug_str     0x00000000001629bf       0xd5 Core/Src/stm32h7xx_it.o
                                     0x160d51 (size before relaxing)
 .debug_str     0x0000000000162a94      0x1fb Core/Src/system_stm32h7xx.o
                                     0x1609b9 (size before relaxing)
 .debug_str     0x0000000000162c8f      0x18d Core/Src/tim.o
                                     0x1611e7 (size before relaxing)
 .debug_str     0x0000000000162e1c       0x51 Core/Src/usart.o
                                     0x160f86 (size before relaxing)
 .debug_str     0x0000000000162e6d       0x36 Core/Startup/startup_stm32h750vbtx.o
                                         0x6a (size before relaxing)
 .debug_str     0x0000000000162ea3      0x7d8 Drivers/STM32H7xx_HAL_Driver/Src/stm32h7xx_hal.o
                                     0x161996 (size before relaxing)
 .debug_str     0x000000000016367b      0x3a1 Drivers/STM32H7xx_HAL_Driver/Src/stm32h7xx_hal_cortex.o
                                     0x161421 (size before relaxing)
 .debug_str     0x0000000000163a1c      0x237 Drivers/STM32H7xx_HAL_Driver/Src/stm32h7xx_hal_dcmi.o
                                     0x160d90 (size before relaxing)
 .debug_str     0x0000000000163c53      0x876 Drivers/STM32H7xx_HAL_Driver/Src/stm32h7xx_hal_dma.o
                                     0x1611f3 (size before relaxing)
 .debug_str     0x00000000001644c9      0x24e Drivers/STM32H7xx_HAL_Driver/Src/stm32h7xx_hal_dma_ex.o
                                     0x160ba6 (size before relaxing)
 .debug_str     0x0000000000164717      0x1ff Drivers/STM32H7xx_HAL_Driver/Src/stm32h7xx_hal_gpio.o
                                     0x160b96 (size before relaxing)
 .debug_str     0x0000000000164916      0xd41 Drivers/STM32H7xx_HAL_Driver/Src/stm32h7xx_hal_i2c.o
                                     0x161a30 (size before relaxing)
 .debug_str     0x0000000000165657       0xb8 Drivers/STM32H7xx_HAL_Driver/Src/stm32h7xx_hal_i2c_ex.o
                                     0x160ed1 (size before relaxing)
 .debug_str     0x000000000016570f      0x638 Drivers/STM32H7xx_HAL_Driver/Src/stm32h7xx_hal_pwr_ex.o
                                     0x160f5e (size before relaxing)
 .debug_str     0x0000000000165d47      0x38c Drivers/STM32H7xx_HAL_Driver/Src/stm32h7xx_hal_rcc.o
                                     0x160e25 (size before relaxing)
 .debug_str     0x00000000001660d3      0x653 Drivers/STM32H7xx_HAL_Driver/Src/stm32h7xx_hal_rcc_ex.o
                                     0x1612eb (size before relaxing)
 .debug_str     0x0000000000166726      0x4fd Drivers/STM32H7xx_HAL_Driver/Src/stm32h7xx_hal_spi.o
                                     0x1610e0 (size before relaxing)
 .debug_str     0x0000000000166c23      0xda1 Drivers/STM32H7xx_HAL_Driver/Src/stm32h7xx_hal_tim.o
                                     0x161b5b (size before relaxing)
 .debug_str     0x00000000001679c4      0x62d Drivers/STM32H7xx_HAL_Driver/Src/stm32h7xx_hal_tim_ex.o
                                     0x16146a (size before relaxing)
 .debug_str     0x0000000000167ff1      0x934 Drivers/STM32H7xx_HAL_Driver/Src/stm32h7xx_hal_uart.o
                                     0x16174d (size before relaxing)
 .debug_str     0x0000000000168925      0x288 Drivers/STM32H7xx_HAL_Driver/Src/stm32h7xx_hal_uart_ex.o
                                     0x160d97 (size before relaxing)
 .debug_str     0x0000000000168bad      0x34f Hardware/OV2640.o
                                     0x161ac2 (size before relaxing)

.comment        0x0000000000000000       0x7b
 .comment       0x0000000000000000       0x7b Core/Src/dcmi.o
                                         0x7c (size before relaxing)
 .comment       0x000000000000007b       0x7c Core/Src/dma.o
 .comment       0x000000000000007b       0x7c Core/Src/gpio.o
 .comment       0x000000000000007b       0x7c Core/Src/i2c.o
 .comment       0x000000000000007b       0x7c Core/Src/main.o
 .comment       0x000000000000007b       0x7c Core/Src/spi.o
 .comment       0x000000000000007b       0x7c Core/Src/stm32h7xx_hal_msp.o
 .comment       0x000000000000007b       0x7c Core/Src/stm32h7xx_it.o
 .comment       0x000000000000007b       0x7c Core/Src/system_stm32h7xx.o
 .comment       0x000000000000007b       0x7c Core/Src/tim.o
 .comment       0x000000000000007b       0x7c Core/Src/usart.o
 .comment       0x000000000000007b       0x7c Drivers/STM32H7xx_HAL_Driver/Src/stm32h7xx_hal.o
 .comment       0x000000000000007b       0x7c Drivers/STM32H7xx_HAL_Driver/Src/stm32h7xx_hal_cortex.o
 .comment       0x000000000000007b       0x7c Drivers/STM32H7xx_HAL_Driver/Src/stm32h7xx_hal_dcmi.o
 .comment       0x000000000000007b       0x7c Drivers/STM32H7xx_HAL_Driver/Src/stm32h7xx_hal_dma.o
 .comment       0x000000000000007b       0x7c Drivers/STM32H7xx_HAL_Driver/Src/stm32h7xx_hal_dma_ex.o
 .comment       0x000000000000007b       0x7c Drivers/STM32H7xx_HAL_Driver/Src/stm32h7xx_hal_gpio.o
 .comment       0x000000000000007b       0x7c Drivers/STM32H7xx_HAL_Driver/Src/stm32h7xx_hal_i2c.o
 .comment       0x000000000000007b       0x7c Drivers/STM32H7xx_HAL_Driver/Src/stm32h7xx_hal_i2c_ex.o
 .comment       0x000000000000007b       0x7c Drivers/STM32H7xx_HAL_Driver/Src/stm32h7xx_hal_pwr_ex.o
 .comment       0x000000000000007b       0x7c Drivers/STM32H7xx_HAL_Driver/Src/stm32h7xx_hal_rcc.o
 .comment       0x000000000000007b       0x7c Drivers/STM32H7xx_HAL_Driver/Src/stm32h7xx_hal_rcc_ex.o
 .comment       0x000000000000007b       0x7c Drivers/STM32H7xx_HAL_Driver/Src/stm32h7xx_hal_spi.o
 .comment       0x000000000000007b       0x7c Drivers/STM32H7xx_HAL_Driver/Src/stm32h7xx_hal_tim.o
 .comment       0x000000000000007b       0x7c Drivers/STM32H7xx_HAL_Driver/Src/stm32h7xx_hal_tim_ex.o
 .comment       0x000000000000007b       0x7c Drivers/STM32H7xx_HAL_Driver/Src/stm32h7xx_hal_uart.o
 .comment       0x000000000000007b       0x7c Drivers/STM32H7xx_HAL_Driver/Src/stm32h7xx_hal_uart_ex.o
 .comment       0x000000000000007b       0x7c Hardware/OV2640.o

.debug_frame    0x0000000000000000     0x6118
 .debug_frame   0x0000000000000000       0x74 Core/Src/dcmi.o
 .debug_frame   0x0000000000000074       0x34 Core/Src/dma.o
 .debug_frame   0x00000000000000a8       0x34 Core/Src/gpio.o
 .debug_frame   0x00000000000000dc       0x90 Core/Src/i2c.o
 .debug_frame   0x000000000000016c       0x74 Core/Src/main.o
 .debug_frame   0x00000000000001e0       0x74 Core/Src/spi.o
 .debug_frame   0x0000000000000254       0x38 Core/Src/stm32h7xx_hal_msp.o
 .debug_frame   0x000000000000028c      0x144 Core/Src/stm32h7xx_it.o
 .debug_frame   0x00000000000003d0       0x58 Core/Src/system_stm32h7xx.o
 .debug_frame   0x0000000000000428       0xcc Core/Src/tim.o
 .debug_frame   0x00000000000004f4       0x74 Core/Src/usart.o
 .debug_frame   0x0000000000000568      0x710 Drivers/STM32H7xx_HAL_Driver/Src/stm32h7xx_hal.o
 .debug_frame   0x0000000000000c78      0x4b8 Drivers/STM32H7xx_HAL_Driver/Src/stm32h7xx_hal_cortex.o
 .debug_frame   0x0000000000001130      0x340 Drivers/STM32H7xx_HAL_Driver/Src/stm32h7xx_hal_dcmi.o
 .debug_frame   0x0000000000001470      0x2b4 Drivers/STM32H7xx_HAL_Driver/Src/stm32h7xx_hal_dma.o
 .debug_frame   0x0000000000001724      0x174 Drivers/STM32H7xx_HAL_Driver/Src/stm32h7xx_hal_dma_ex.o
 .debug_frame   0x0000000000001898      0x14c Drivers/STM32H7xx_HAL_Driver/Src/stm32h7xx_hal_gpio.o
 .debug_frame   0x00000000000019e4      0xbf0 Drivers/STM32H7xx_HAL_Driver/Src/stm32h7xx_hal_i2c.o
 .debug_frame   0x00000000000025d4      0x100 Drivers/STM32H7xx_HAL_Driver/Src/stm32h7xx_hal_i2c_ex.o
 .debug_frame   0x00000000000026d4      0x580 Drivers/STM32H7xx_HAL_Driver/Src/stm32h7xx_hal_pwr_ex.o
 .debug_frame   0x0000000000002c54      0x1f8 Drivers/STM32H7xx_HAL_Driver/Src/stm32h7xx_hal_rcc.o
 .debug_frame   0x0000000000002e4c      0x3f4 Drivers/STM32H7xx_HAL_Driver/Src/stm32h7xx_hal_rcc_ex.o
 .debug_frame   0x0000000000003240      0x778 Drivers/STM32H7xx_HAL_Driver/Src/stm32h7xx_hal_spi.o
 .debug_frame   0x00000000000039b8     0x1218 Drivers/STM32H7xx_HAL_Driver/Src/stm32h7xx_hal_tim.o
 .debug_frame   0x0000000000004bd0      0x6d8 Drivers/STM32H7xx_HAL_Driver/Src/stm32h7xx_hal_tim_ex.o
 .debug_frame   0x00000000000052a8      0xa0c Drivers/STM32H7xx_HAL_Driver/Src/stm32h7xx_hal_uart.o
 .debug_frame   0x0000000000005cb4      0x22c Drivers/STM32H7xx_HAL_Driver/Src/stm32h7xx_hal_uart_ex.o
 .debug_frame   0x0000000000005ee0      0x18c Hardware/OV2640.o
 .debug_frame   0x000000000000606c       0x2c d:/stm32cubeide_1.0.1/stm32cubeide/plugins/com.st.stm32cube.ide.mcu.externaltools.gnu-tools-for-stm32.7-2018-q2-update.win32_1.5.0.202011040924/tools/bin/../lib/gcc/arm-none-eabi/7.3.1/../../../../arm-none-eabi/lib/thumb/v7e-m/fpv5/hard\libc_nano.a(lib_a-init.o)
 .debug_frame   0x0000000000006098       0x20 d:/stm32cubeide_1.0.1/stm32cubeide/plugins/com.st.stm32cube.ide.mcu.externaltools.gnu-tools-for-stm32.7-2018-q2-update.win32_1.5.0.202011040924/tools/bin/../lib/gcc/arm-none-eabi/7.3.1/../../../../arm-none-eabi/lib/thumb/v7e-m/fpv5/hard\libc_nano.a(lib_a-memset.o)
 .debug_frame   0x00000000000060b8       0x2c d:/stm32cubeide_1.0.1/stm32cubeide/plugins/com.st.stm32cube.ide.mcu.externaltools.gnu-tools-for-stm32.7-2018-q2-update.win32_1.5.0.202011040924/tools/bin/../lib/gcc/arm-none-eabi/7.3.1/thumb/v7e-m/fpv5/hard\libgcc.a(_aeabi_uldivmod.o)
 .debug_frame   0x00000000000060e4       0x34 d:/stm32cubeide_1.0.1/stm32cubeide/plugins/com.st.stm32cube.ide.mcu.externaltools.gnu-tools-for-stm32.7-2018-q2-update.win32_1.5.0.202011040924/tools/bin/../lib/gcc/arm-none-eabi/7.3.1/thumb/v7e-m/fpv5/hard\libgcc.a(_udivmoddi4.o)
