Archive member included to satisfy reference by file (symbol)

d:/stm32cubeide_1.0.1/stm32cubeide/plugins/com.st.stm32cube.ide.mcu.externaltools.gnu-tools-for-stm32.7-2018-q2-update.win32_1.5.0.202011040924/tools/bin/../lib/gcc/arm-none-eabi/7.3.1/../../../../arm-none-eabi/lib/thumb/v7e-m/fpv5/hard\libc_nano.a(lib_a-errno.o)
                              Core/Src/syscalls.o (__errno)
d:/stm32cubeide_1.0.1/stm32cubeide/plugins/com.st.stm32cube.ide.mcu.externaltools.gnu-tools-for-stm32.7-2018-q2-update.win32_1.5.0.202011040924/tools/bin/../lib/gcc/arm-none-eabi/7.3.1/../../../../arm-none-eabi/lib/thumb/v7e-m/fpv5/hard\libc_nano.a(lib_a-exit.o)
                              d:/stm32cubeide_1.0.1/stm32cubeide/plugins/com.st.stm32cube.ide.mcu.externaltools.gnu-tools-for-stm32.7-2018-q2-update.win32_1.5.0.202011040924/tools/bin/../lib/gcc/arm-none-eabi/7.3.1/../../../../arm-none-eabi/lib/thumb/v7e-m/fpv5/hard/crt0.o (exit)
d:/stm32cubeide_1.0.1/stm32cubeide/plugins/com.st.stm32cube.ide.mcu.externaltools.gnu-tools-for-stm32.7-2018-q2-update.win32_1.5.0.202011040924/tools/bin/../lib/gcc/arm-none-eabi/7.3.1/../../../../arm-none-eabi/lib/thumb/v7e-m/fpv5/hard\libc_nano.a(lib_a-impure.o)
                              d:/stm32cubeide_1.0.1/stm32cubeide/plugins/com.st.stm32cube.ide.mcu.externaltools.gnu-tools-for-stm32.7-2018-q2-update.win32_1.5.0.202011040924/tools/bin/../lib/gcc/arm-none-eabi/7.3.1/../../../../arm-none-eabi/lib/thumb/v7e-m/fpv5/hard\libc_nano.a(lib_a-exit.o) (_global_impure_ptr)
d:/stm32cubeide_1.0.1/stm32cubeide/plugins/com.st.stm32cube.ide.mcu.externaltools.gnu-tools-for-stm32.7-2018-q2-update.win32_1.5.0.202011040924/tools/bin/../lib/gcc/arm-none-eabi/7.3.1/../../../../arm-none-eabi/lib/thumb/v7e-m/fpv5/hard\libc_nano.a(lib_a-init.o)
                              d:/stm32cubeide_1.0.1/stm32cubeide/plugins/com.st.stm32cube.ide.mcu.externaltools.gnu-tools-for-stm32.7-2018-q2-update.win32_1.5.0.202011040924/tools/bin/../lib/gcc/arm-none-eabi/7.3.1/../../../../arm-none-eabi/lib/thumb/v7e-m/fpv5/hard/crt0.o (__libc_init_array)
d:/stm32cubeide_1.0.1/stm32cubeide/plugins/com.st.stm32cube.ide.mcu.externaltools.gnu-tools-for-stm32.7-2018-q2-update.win32_1.5.0.202011040924/tools/bin/../lib/gcc/arm-none-eabi/7.3.1/../../../../arm-none-eabi/lib/thumb/v7e-m/fpv5/hard\libc_nano.a(lib_a-memset.o)
                              d:/stm32cubeide_1.0.1/stm32cubeide/plugins/com.st.stm32cube.ide.mcu.externaltools.gnu-tools-for-stm32.7-2018-q2-update.win32_1.5.0.202011040924/tools/bin/../lib/gcc/arm-none-eabi/7.3.1/../../../../arm-none-eabi/lib/thumb/v7e-m/fpv5/hard/crt0.o (memset)
d:/stm32cubeide_1.0.1/stm32cubeide/plugins/com.st.stm32cube.ide.mcu.externaltools.gnu-tools-for-stm32.7-2018-q2-update.win32_1.5.0.202011040924/tools/bin/../lib/gcc/arm-none-eabi/7.3.1/thumb/v7e-m/fpv5/hard\libgcc.a(_aeabi_uldivmod.o)
                              Drivers/STM32H7xx_HAL_Driver/Src/stm32h7xx_hal_uart.o (__aeabi_uldivmod)
d:/stm32cubeide_1.0.1/stm32cubeide/plugins/com.st.stm32cube.ide.mcu.externaltools.gnu-tools-for-stm32.7-2018-q2-update.win32_1.5.0.202011040924/tools/bin/../lib/gcc/arm-none-eabi/7.3.1/thumb/v7e-m/fpv5/hard\libgcc.a(_udivmoddi4.o)
                              d:/stm32cubeide_1.0.1/stm32cubeide/plugins/com.st.stm32cube.ide.mcu.externaltools.gnu-tools-for-stm32.7-2018-q2-update.win32_1.5.0.202011040924/tools/bin/../lib/gcc/arm-none-eabi/7.3.1/thumb/v7e-m/fpv5/hard\libgcc.a(_aeabi_uldivmod.o) (__udivmoddi4)
d:/stm32cubeide_1.0.1/stm32cubeide/plugins/com.st.stm32cube.ide.mcu.externaltools.gnu-tools-for-stm32.7-2018-q2-update.win32_1.5.0.202011040924/tools/bin/../lib/gcc/arm-none-eabi/7.3.1/thumb/v7e-m/fpv5/hard\libgcc.a(_dvmd_tls.o)
                              d:/stm32cubeide_1.0.1/stm32cubeide/plugins/com.st.stm32cube.ide.mcu.externaltools.gnu-tools-for-stm32.7-2018-q2-update.win32_1.5.0.202011040924/tools/bin/../lib/gcc/arm-none-eabi/7.3.1/thumb/v7e-m/fpv5/hard\libgcc.a(_aeabi_uldivmod.o) (__aeabi_ldiv0)

Allocating common symbols
Common symbol       size              file

DCMI_hdcmi          0x4               Hardware/OV2640.o
hi2c1               0x4c              Core/Src/i2c.o
hdma_dcmi           0x78              Core/Src/dcmi.o
mHuart              0x4               Hardware/OV2640.o
uwTick              0x4               Drivers/STM32H7xx_HAL_Driver/Src/stm32h7xx_hal.o
pFlash              0x1c              Drivers/STM32H7xx_HAL_Driver/Src/stm32h7xx_hal_flash.o
OV2640ID            0x4               Hardware/OV2640.o
hdcmi               0x50              Core/Src/dcmi.o
mI2C                0x4               Hardware/OV2640.o
huart4              0x8c              Core/Src/usart.o

Discarded input sections

 .text          0x0000000000000000        0x0 d:/stm32cubeide_1.0.1/stm32cubeide/plugins/com.st.stm32cube.ide.mcu.externaltools.gnu-tools-for-stm32.7-2018-q2-update.win32_1.5.0.202011040924/tools/bin/../lib/gcc/arm-none-eabi/7.3.1/thumb/v7e-m/fpv5/hard/crti.o
[...]
Memory Configuration

Name             Origin             Length             Attributes
DTCMRAM          0x0000000020000000 0x0000000000020000 xrw
ITCMRAM          0x0000000000000000 0x0000000000010000 xrw
RAM_D1           0x0000000024000000 0x0000000000080000 xrw
RAM_D2           0x0000000030000000 0x0000000000048000 xrw
RAM_D3           0x0000000038000000 0x0000000000010000 xrw
FLASH            0x0000000008000000 0x0000000000020000 xr
*default*        0x0000000000000000 0xffffffffffffffff

Linker script and memory map

LOAD d:/stm32cubeide_1.0.1/stm32cubeide/plugins/com.st.stm32cube.ide.mcu.externaltools.gnu-tools-for-stm32.7-2018-q2-update.win32_1.5.0.202011040924/tools/bin/../lib/gcc/arm-none-eabi/7.3.1/thumb/v7e-m/fpv5/hard/crti.o
LOAD d:/stm32cubeide_1.0.1/stm32cubeide/plugins/com.st.stm32cube.ide.mcu.externaltools.gnu-tools-for-stm32.7-2018-q2-update.win32_1.5.0.202011040924/tools/bin/../lib/gcc/arm-none-eabi/7.3.1/thumb/v7e-m/fpv5/hard/crtbegin.o
LOAD d:/stm32cubeide_1.0.1/stm32cubeide/plugins/com.st.stm32cube.ide.mcu.externaltools.gnu-tools-for-stm32.7-2018-q2-update.win32_1.5.0.202011040924/tools/bin/../lib/gcc/arm-none-eabi/7.3.1/../../../../arm-none-eabi/lib/thumb/v7e-m/fpv5/hard/crt0.o
LOAD Core/Src/dcmi.o
LOAD Core/Src/dma.o
LOAD Core/Src/gpio.o
LOAD Core/Src/i2c.o
LOAD Core/Src/main.o
LOAD Core/Src/stm32h7xx_hal_msp.o
LOAD Core/Src/stm32h7xx_it.o
LOAD Core/Src/syscalls.o
LOAD Core/Src/sysmem.o
LOAD Core/Src/system_stm32h7xx.o
LOAD Core/Src/usart.o
LOAD Core/Startup/startup_stm32h750vbtx.o
LOAD Drivers/STM32H7xx_HAL_Driver/Src/stm32h7xx_hal.o
LOAD Drivers/STM32H7xx_HAL_Driver/Src/stm32h7xx_hal_cortex.o
LOAD Drivers/STM32H7xx_HAL_Driver/Src/stm32h7xx_hal_dcmi.o
LOAD Drivers/STM32H7xx_HAL_Driver/Src/stm32h7xx_hal_dma.o
LOAD Drivers/STM32H7xx_HAL_Driver/Src/stm32h7xx_hal_dma_ex.o
LOAD Drivers/STM32H7xx_HAL_Driver/Src/stm32h7xx_hal_exti.o
LOAD Drivers/STM32H7xx_HAL_Driver/Src/stm32h7xx_hal_flash.o
LOAD Drivers/STM32H7xx_HAL_Driver/Src/stm32h7xx_hal_flash_ex.o
LOAD Drivers/STM32H7xx_HAL_Driver/Src/stm32h7xx_hal_gpio.o
LOAD Drivers/STM32H7xx_HAL_Driver/Src/stm32h7xx_hal_hsem.o
LOAD Drivers/STM32H7xx_HAL_Driver/Src/stm32h7xx_hal_i2c.o
LOAD Drivers/STM32H7xx_HAL_Driver/Src/stm32h7xx_hal_i2c_ex.o
LOAD Drivers/STM32H7xx_HAL_Driver/Src/stm32h7xx_hal_mdma.o
LOAD Drivers/STM32H7xx_HAL_Driver/Src/stm32h7xx_hal_pwr.o
LOAD Drivers/STM32H7xx_HAL_Driver/Src/stm32h7xx_hal_pwr_ex.o
LOAD Drivers/STM32H7xx_HAL_Driver/Src/stm32h7xx_hal_rcc.o
LOAD Drivers/STM32H7xx_HAL_Driver/Src/stm32h7xx_hal_rcc_ex.o
LOAD Drivers/STM32H7xx_HAL_Driver/Src/stm32h7xx_hal_tim.o
LOAD Drivers/STM32H7xx_HAL_Driver/Src/stm32h7xx_hal_tim_ex.o
LOAD Drivers/STM32H7xx_HAL_Driver/Src/stm32h7xx_hal_uart.o
LOAD Drivers/STM32H7xx_HAL_Driver/Src/stm32h7xx_hal_uart_ex.o
LOAD Hardware/OV2640.o
START GROUP
LOAD d:/stm32cubeide_1.0.1/stm32cubeide/plugins/com.st.stm32cube.ide.mcu.externaltools.gnu-tools-for-stm32.7-2018-q2-update.win32_1.5.0.202011040924/tools/bin/../lib/gcc/arm-none-eabi/7.3.1/../../../../arm-none-eabi/lib/thumb/v7e-m/fpv5/hard\libc_nano.a
LOAD d:/stm32cubeide_1.0.1/stm32cubeide/plugins/com.st.stm32cube.ide.mcu.externaltools.gnu-tools-for-stm32.7-2018-q2-update.win32_1.5.0.202011040924/tools/bin/../lib/gcc/arm-none-eabi/7.3.1/../../../../arm-none-eabi/lib/thumb/v7e-m/fpv5/hard\libm.a
END GROUP
START GROUP
LOAD d:/stm32cubeide_1.0.1/stm32cubeide/plugins/com.st.stm32cube.ide.mcu.externaltools.gnu-tools-for-stm32.7-2018-q2-update.win32_1.5.0.202011040924/tools/bin/../lib/gcc/arm-none-eabi/7.3.1/thumb/v7e-m/fpv5/hard\libgcc.a
LOAD d:/stm32cubeide_1.0.1/stm32cubeide/plugins/com.st.stm32cube.ide.mcu.externaltools.gnu-tools-for-stm32.7-2018-q2-update.win32_1.5.0.202011040924/tools/bin/../lib/gcc/arm-none-eabi/7.3.1/../../../../arm-none-eabi/lib/thumb/v7e-m/fpv5/hard\libc_nano.a
END GROUP
START GROUP
LOAD d:/stm32cubeide_1.0.1/stm32cubeide/plugins/com.st.stm32cube.ide.mcu.externaltools.gnu-tools-for-stm32.7-2018-q2-update.win32_1.5.0.202011040924/tools/bin/../lib/gcc/arm-none-eabi/7.3.1/thumb/v7e-m/fpv5/hard\libgcc.a
LOAD d:/stm32cubeide_1.0.1/stm32cubeide/plugins/com.st.stm32cube.ide.mcu.externaltools.gnu-tools-for-stm32.7-2018-q2-update.win32_1.5.0.202011040924/tools/bin/../lib/gcc/arm-none-eabi/7.3.1/../../../../arm-none-eabi/lib/thumb/v7e-m/fpv5/hard\libc_nano.a
LOAD d:/stm32cubeide_1.0.1/stm32cubeide/plugins/com.st.stm32cube.ide.mcu.externaltools.gnu-tools-for-stm32.7-2018-q2-update.win32_1.5.0.202011040924/tools/bin/../lib/gcc/arm-none-eabi/7.3.1/../../../../arm-none-eabi/lib/thumb/v7e-m/fpv5/hard\libnosys.a
END GROUP
START GROUP
LOAD d:/stm32cubeide_1.0.1/stm32cubeide/plugins/com.st.stm32cube.ide.mcu.externaltools.gnu-tools-for-stm32.7-2018-q2-update.win32_1.5.0.202011040924/tools/bin/../lib/gcc/arm-none-eabi/7.3.1/thumb/v7e-m/fpv5/hard\libgcc.a
LOAD d:/stm32cubeide_1.0.1/stm32cubeide/plugins/com.st.stm32cube.ide.mcu.externaltools.gnu-tools-for-stm32.7-2018-q2-update.win32_1.5.0.202011040924/tools/bin/../lib/gcc/arm-none-eabi/7.3.1/../../../../arm-none-eabi/lib/thumb/v7e-m/fpv5/hard\libc_nano.a
LOAD d:/stm32cubeide_1.0.1/stm32cubeide/plugins/com.st.stm32cube.ide.mcu.externaltools.gnu-tools-for-stm32.7-2018-q2-update.win32_1.5.0.202011040924/tools/bin/../lib/gcc/arm-none-eabi/7.3.1/../../../../arm-none-eabi/lib/thumb/v7e-m/fpv5/hard\libnosys.a
END GROUP
LOAD d:/stm32cubeide_1.0.1/stm32cubeide/plugins/com.st.stm32cube.ide.mcu.externaltools.gnu-tools-for-stm32.7-2018-q2-update.win32_1.5.0.202011040924/tools/bin/../lib/gcc/arm-none-eabi/7.3.1/thumb/v7e-m/fpv5/hard/crtend.o
LOAD d:/stm32cubeide_1.0.1/stm32cubeide/plugins/com.st.stm32cube.ide.mcu.externaltools.gnu-tools-for-stm32.7-2018-q2-update.win32_1.5.0.202011040924/tools/bin/../lib/gcc/arm-none-eabi/7.3.1/thumb/v7e-m/fpv5/hard/crtn.o
                0x0000000024080000                _estack = (ORIGIN (RAM_D1) + LENGTH (RAM_D1))
                0x0000000000000200                _Min_Heap_Size = 0x200
                0x0000000000000400                _Min_Stack_Size = 0x400

.isr_vector     0x0000000008000000      0x298
                0x0000000008000000                . = ALIGN (0x4)
 *(.isr_vector)
 .isr_vector    0x0000000008000000      0x298 Core/Startup/startup_stm32h750vbtx.o
                0x0000000008000000                g_pfnVectors
                0x0000000008000298                . = ALIGN (0x4)

.text           0x0000000008000298     0x9940
                0x0000000008000298                . = ALIGN (0x4)
 *(.text)
 .text          0x0000000008000298       0x40 d:/stm32cubeide_1.0.1/stm32cubeide/plugins/com.st.stm32cube.ide.mcu.externaltools.gnu-tools-for-stm32.7-2018-q2-update.win32_1.5.0.202011040924/tools/bin/../lib/gcc/arm-none-eabi/7.3.1/thumb/v7e-m/fpv5/hard/crtbegin.o
 .text          0x00000000080002d8       0x30 d:/stm32cubeide_1.0.1/stm32cubeide/plugins/com.st.stm32cube.ide.mcu.externaltools.gnu-tools-for-stm32.7-2018-q2-update.win32_1.5.0.202011040924/tools/bin/../lib/gcc/arm-none-eabi/7.3.1/thumb/v7e-m/fpv5/hard\libgcc.a(_aeabi_uldivmod.o)
                0x00000000080002d8                __aeabi_uldivmod
 .text          0x0000000008000308      0x2cc d:/stm32cubeide_1.0.1/stm32cubeide/plugins/com.st.stm32cube.ide.mcu.externaltools.gnu-tools-for-stm32.7-2018-q2-update.win32_1.5.0.202011040924/tools/bin/../lib/gcc/arm-none-eabi/7.3.1/thumb/v7e-m/fpv5/hard\libgcc.a(_udivmoddi4.o)
                0x0000000008000308                __udivmoddi4
 .text          0x00000000080005d4        0x4 d:/stm32cubeide_1.0.1/stm32cubeide/plugins/com.st.stm32cube.ide.mcu.externaltools.gnu-tools-for-stm32.7-2018-q2-update.win32_1.5.0.202011040924/tools/bin/../lib/gcc/arm-none-eabi/7.3.1/thumb/v7e-m/fpv5/hard\libgcc.a(_dvmd_tls.o)
                0x00000000080005d4                __aeabi_idiv0
                0x00000000080005d4                __aeabi_ldiv0
 *(.text*)
 .text.MX_DCMI_Init
                0x00000000080005d8       0x68 Core/Src/dcmi.o
                0x00000000080005d8                MX_DCMI_Init
 .text.HAL_DCMI_MspInit
                0x0000000008000640      0x22c Core/Src/dcmi.o
                0x0000000008000640                HAL_DCMI_MspInit
 .text.MX_DMA_Init
                0x000000000800086c       0x40 Core/Src/dma.o
                0x000000000800086c                MX_DMA_Init
 .text.MX_GPIO_Init
                0x00000000080008ac      0x154 Core/Src/gpio.o
                0x00000000080008ac                MX_GPIO_Init
 .text.MX_I2C1_Init
                0x0000000008000a00       0x80 Core/Src/i2c.o
                0x0000000008000a00                MX_I2C1_Init
 .text.HAL_I2C_MspInit
                0x0000000008000a80       0x94 Core/Src/i2c.o
                0x0000000008000a80                HAL_I2C_MspInit
 .text.main     0x0000000008000b14       0x80 Core/Src/main.o
                0x0000000008000b14                main
 .text.SystemClock_Config
                0x0000000008000b94      0x180 Core/Src/main.o
                0x0000000008000b94                SystemClock_Config
 .text.Error_Handler
                0x0000000008000d14        0xe Core/Src/main.o
                0x0000000008000d14                Error_Handler
 *fill*         0x0000000008000d22        0x2 
 .text.HAL_MspInit
                0x0000000008000d24       0x34 Core/Src/stm32h7xx_hal_msp.o
                0x0000000008000d24                HAL_MspInit
 .text.NMI_Handler
                0x0000000008000d58        0xe Core/Src/stm32h7xx_it.o
                0x0000000008000d58                NMI_Handler
 .text.HardFault_Handler
                0x0000000008000d66        0x6 Core/Src/stm32h7xx_it.o
                0x0000000008000d66                HardFault_Handler
 .text.MemManage_Handler
                0x0000000008000d6c        0x6 Core/Src/stm32h7xx_it.o
                0x0000000008000d6c                MemManage_Handler
 .text.BusFault_Handler
                0x0000000008000d72        0x6 Core/Src/stm32h7xx_it.o
                0x0000000008000d72                BusFault_Handler
 .text.UsageFault_Handler
                0x0000000008000d78        0x6 Core/Src/stm32h7xx_it.o
                0x0000000008000d78                UsageFault_Handler
 .text.SVC_Handler
                0x0000000008000d7e        0xe Core/Src/stm32h7xx_it.o
                0x0000000008000d7e                SVC_Handler
 .text.DebugMon_Handler
                0x0000000008000d8c        0xe Core/Src/stm32h7xx_it.o
                0x0000000008000d8c                DebugMon_Handler
 .text.PendSV_Handler
                0x0000000008000d9a        0xe Core/Src/stm32h7xx_it.o
                0x0000000008000d9a                PendSV_Handler
 .text.SysTick_Handler
                0x0000000008000da8        0xc Core/Src/stm32h7xx_it.o
                0x0000000008000da8                SysTick_Handler
 .text.DMA1_Stream0_IRQHandler
                0x0000000008000db4       0x14 Core/Src/stm32h7xx_it.o
                0x0000000008000db4                DMA1_Stream0_IRQHandler
 .text.DCMI_IRQHandler
                0x0000000008000dc8       0x14 Core/Src/stm32h7xx_it.o
                0x0000000008000dc8                DCMI_IRQHandler
 .text.SystemInit
                0x0000000008000ddc       0xc4 Core/Src/system_stm32h7xx.o
                0x0000000008000ddc                SystemInit
 .text.MX_UART4_Init
                0x0000000008000ea0       0x9c Core/Src/usart.o
                0x0000000008000ea0                MX_UART4_Init
 .text.HAL_UART_MspInit
                0x0000000008000f3c       0x94 Core/Src/usart.o
                0x0000000008000f3c                HAL_UART_MspInit
 .text.Reset_Handler
                0x0000000008000fd0       0x50 Core/Startup/startup_stm32h750vbtx.o
                0x0000000008000fd0                Reset_Handler
 .text.Default_Handler
                0x0000000008001020        0x2 Core/Startup/startup_stm32h750vbtx.o
                0x0000000008001020                RTC_Alarm_IRQHandler
                0x0000000008001020                HASH_RNG_IRQHandler
                0x0000000008001020                EXTI2_IRQHandler
                0x0000000008001020                TIM8_CC_IRQHandler
                0x0000000008001020                HRTIM1_Master_IRQHandler
                0x0000000008001020                UART8_IRQHandler
                0x0000000008001020                SPI4_IRQHandler
                0x0000000008001020                TIM1_CC_IRQHandler
                0x0000000008001020                BDMA_Channel6_IRQHandler
                0x0000000008001020                DMA2_Stream5_IRQHandler
                0x0000000008001020                HRTIM1_FLT_IRQHandler
                0x0000000008001020                JPEG_IRQHandler
                0x0000000008001020                DMA1_Stream5_IRQHandler
                0x0000000008001020                BDMA_Channel1_IRQHandler
                0x0000000008001020                HRTIM1_TIMD_IRQHandler
                0x0000000008001020                TAMP_STAMP_IRQHandler
                0x0000000008001020                EXTI3_IRQHandler
                0x0000000008001020                LPTIM4_IRQHandler
                0x0000000008001020                TIM8_TRG_COM_TIM14_IRQHandler
                0x0000000008001020                LPTIM2_IRQHandler
                0x0000000008001020                DFSDM1_FLT1_IRQHandler
                0x0000000008001020                DMAMUX2_OVR_IRQHandler
                0x0000000008001020                TIM8_UP_TIM13_IRQHandler
                0x0000000008001020                I2C3_ER_IRQHandler
                0x0000000008001020                DFSDM1_FLT2_IRQHandler
                0x0000000008001020                MDMA_IRQHandler
                0x0000000008001020                LPTIM3_IRQHandler
                0x0000000008001020                HSEM1_IRQHandler
                0x0000000008001020                EXTI0_IRQHandler
                0x0000000008001020                I2C2_EV_IRQHandler
                0x0000000008001020                DMA1_Stream2_IRQHandler
                0x0000000008001020                FPU_IRQHandler
                0x0000000008001020                OTG_HS_WKUP_IRQHandler
                0x0000000008001020                FDCAN1_IT1_IRQHandler
                0x0000000008001020                LTDC_ER_IRQHandler
                0x0000000008001020                DMA2_Stream2_IRQHandler
                0x0000000008001020                HRTIM1_TIME_IRQHandler
                0x0000000008001020                SPI1_IRQHandler
                0x0000000008001020                TIM6_DAC_IRQHandler
                0x0000000008001020                HRTIM1_TIMC_IRQHandler
                0x0000000008001020                DMA2_Stream3_IRQHandler
                0x0000000008001020                SAI2_IRQHandler
                0x0000000008001020                DFSDM1_FLT3_IRQHandler
                0x0000000008001020                USART6_IRQHandler
                0x0000000008001020                TIM17_IRQHandler
                0x0000000008001020                USART3_IRQHandler
                0x0000000008001020                BDMA_Channel7_IRQHandler
                0x0000000008001020                CRYP_IRQHandler
                0x0000000008001020                LPTIM5_IRQHandler
                0x0000000008001020                UART5_IRQHandler
                0x0000000008001020                ADC3_IRQHandler
                0x0000000008001020                DMA2_Stream0_IRQHandler
                0x0000000008001020                TIM4_IRQHandler
                0x0000000008001020                BDMA_Channel2_IRQHandler
                0x0000000008001020                QUADSPI_IRQHandler
                0x0000000008001020                I2C1_EV_IRQHandler
                0x0000000008001020                DMA1_Stream6_IRQHandler
                0x0000000008001020                DMAMUX1_OVR_IRQHandler
                0x0000000008001020                DMA1_Stream1_IRQHandler
                0x0000000008001020                TIM16_IRQHandler
                0x0000000008001020                UART4_IRQHandler
                0x0000000008001020                BDMA_Channel5_IRQHandler
                0x0000000008001020                TIM3_IRQHandler
                0x0000000008001020                RCC_IRQHandler
                0x0000000008001020                TIM8_BRK_TIM12_IRQHandler
                0x0000000008001020                TIM1_TRG_COM_IRQHandler
                0x0000000008001020                Default_Handler
                0x0000000008001020                ECC_IRQHandler
                0x0000000008001020                CEC_IRQHandler
                0x0000000008001020                EXTI15_10_IRQHandler
                0x0000000008001020                BDMA_Channel0_IRQHandler
                0x0000000008001020                ADC_IRQHandler
                0x0000000008001020                DMA1_Stream7_IRQHandler
                0x0000000008001020                HRTIM1_TIMA_IRQHandler
                0x0000000008001020                SPI5_IRQHandler
                0x0000000008001020                TIM7_IRQHandler
                0x0000000008001020                SDMMC1_IRQHandler
                0x0000000008001020                TIM5_IRQHandler
                0x0000000008001020                DMA2_Stream7_IRQHandler
                0x0000000008001020                TIM15_IRQHandler
                0x0000000008001020                PVD_AVD_IRQHandler
                0x0000000008001020                I2C3_EV_IRQHandler
                0x0000000008001020                EXTI9_5_IRQHandler
                0x0000000008001020                RTC_WKUP_IRQHandler
                0x0000000008001020                LTDC_IRQHandler
                0x0000000008001020                SAI3_IRQHandler
                0x0000000008001020                ETH_WKUP_IRQHandler
                0x0000000008001020                SPDIF_RX_IRQHandler
                0x0000000008001020                SPI2_IRQHandler
                0x0000000008001020                OTG_HS_EP1_IN_IRQHandler
                0x0000000008001020                CRS_IRQHandler
                0x0000000008001020                EXTI4_IRQHandler
                0x0000000008001020                HRTIM1_TIMB_IRQHandler
                0x0000000008001020                FDCAN2_IT1_IRQHandler
                0x0000000008001020                ETH_IRQHandler
                0x0000000008001020                TIM1_UP_IRQHandler
                0x0000000008001020                BDMA_Channel4_IRQHandler
                0x0000000008001020                OTG_HS_EP1_OUT_IRQHandler
                0x0000000008001020                WWDG_IRQHandler
                0x0000000008001020                SPI6_IRQHandler
                0x0000000008001020                MDIOS_IRQHandler
                0x0000000008001020                I2C4_EV_IRQHandler
                0x0000000008001020                FDCAN2_IT0_IRQHandler
                0x0000000008001020                LPUART1_IRQHandler
                0x0000000008001020                FDCAN1_IT0_IRQHandler
                0x0000000008001020                TIM2_IRQHandler
                0x0000000008001020                OTG_FS_WKUP_IRQHandler
                0x0000000008001020                OTG_HS_IRQHandler
                0x0000000008001020                DMA2D_IRQHandler
                0x0000000008001020                TIM1_BRK_IRQHandler
                0x0000000008001020                EXTI1_IRQHandler
                0x0000000008001020                SDMMC2_IRQHandler
                0x0000000008001020                OTG_FS_EP1_OUT_IRQHandler
                0x0000000008001020                BDMA_Channel3_IRQHandler
                0x0000000008001020                UART7_IRQHandler
                0x0000000008001020                MDIOS_WKUP_IRQHandler
                0x0000000008001020                USART2_IRQHandler
                0x0000000008001020                DFSDM1_FLT0_IRQHandler
                0x0000000008001020                SAI4_IRQHandler
                0x0000000008001020                I2C2_ER_IRQHandler
                0x0000000008001020                DMA2_Stream1_IRQHandler
                0x0000000008001020                FLASH_IRQHandler
                0x0000000008001020                DMA2_Stream4_IRQHandler
                0x0000000008001020                USART1_IRQHandler
                0x0000000008001020                OTG_FS_IRQHandler
                0x0000000008001020                SPI3_IRQHandler
                0x0000000008001020                WAKEUP_PIN_IRQHandler
                0x0000000008001020                DMA1_Stream4_IRQHandler
                0x0000000008001020                OTG_FS_EP1_IN_IRQHandler
                0x0000000008001020                I2C1_ER_IRQHandler
                0x0000000008001020                FMC_IRQHandler
                0x0000000008001020                FDCAN_CAL_IRQHandler
                0x0000000008001020                SWPMI1_IRQHandler
                0x0000000008001020                COMP1_IRQHandler
                0x0000000008001020                LPTIM1_IRQHandler
                0x0000000008001020                I2C4_ER_IRQHandler
                0x0000000008001020                DMA2_Stream6_IRQHandler
                0x0000000008001020                SAI1_IRQHandler
                0x0000000008001020                DMA1_Stream3_IRQHandler
 *fill*         0x0000000008001022        0x2 
 .text.HAL_Init
                0x0000000008001024       0x78 Drivers/STM32H7xx_HAL_Driver/Src/stm32h7xx_hal.o
                0x0000000008001024                HAL_Init
 .text.HAL_InitTick
                0x000000000800109c       0x6c Drivers/STM32H7xx_HAL_Driver/Src/stm32h7xx_hal.o
                0x000000000800109c                HAL_InitTick
 .text.HAL_IncTick
                0x0000000008001108       0x28 Drivers/STM32H7xx_HAL_Driver/Src/stm32h7xx_hal.o
                0x0000000008001108                HAL_IncTick
 .text.HAL_GetTick
                0x0000000008001130       0x18 Drivers/STM32H7xx_HAL_Driver/Src/stm32h7xx_hal.o
                0x0000000008001130                HAL_GetTick
 .text.HAL_Delay
                0x0000000008001148       0x44 Drivers/STM32H7xx_HAL_Driver/Src/stm32h7xx_hal.o
                0x0000000008001148                HAL_Delay
 .text.HAL_GetREVID
                0x000000000800118c       0x18 Drivers/STM32H7xx_HAL_Driver/Src/stm32h7xx_hal.o
                0x000000000800118c                HAL_GetREVID
 .text.__NVIC_SetPriorityGrouping
                0x00000000080011a4       0x48 Drivers/STM32H7xx_HAL_Driver/Src/stm32h7xx_hal_cortex.o
 .text.__NVIC_GetPriorityGrouping
                0x00000000080011ec       0x1c Drivers/STM32H7xx_HAL_Driver/Src/stm32h7xx_hal_cortex.o
 .text.__NVIC_EnableIRQ
                0x0000000008001208       0x3c Drivers/STM32H7xx_HAL_Driver/Src/stm32h7xx_hal_cortex.o
 .text.__NVIC_SetPriority
                0x0000000008001244       0x54 Drivers/STM32H7xx_HAL_Driver/Src/stm32h7xx_hal_cortex.o
 .text.NVIC_EncodePriority
                0x0000000008001298       0x66 Drivers/STM32H7xx_HAL_Driver/Src/stm32h7xx_hal_cortex.o
 *fill*         0x00000000080012fe        0x2 
 .text.SysTick_Config
                0x0000000008001300       0x44 Drivers/STM32H7xx_HAL_Driver/Src/stm32h7xx_hal_cortex.o
 .text.HAL_NVIC_SetPriorityGrouping
                0x0000000008001344       0x16 Drivers/STM32H7xx_HAL_Driver/Src/stm32h7xx_hal_cortex.o
                0x0000000008001344                HAL_NVIC_SetPriorityGrouping
 .text.HAL_NVIC_SetPriority
                0x000000000800135a       0x34 Drivers/STM32H7xx_HAL_Driver/Src/stm32h7xx_hal_cortex.o
                0x000000000800135a                HAL_NVIC_SetPriority
 .text.HAL_NVIC_EnableIRQ
                0x000000000800138e       0x1c Drivers/STM32H7xx_HAL_Driver/Src/stm32h7xx_hal_cortex.o
                0x000000000800138e                HAL_NVIC_EnableIRQ
 .text.HAL_SYSTICK_Config
                0x00000000080013aa       0x18 Drivers/STM32H7xx_HAL_Driver/Src/stm32h7xx_hal_cortex.o
                0x00000000080013aa                HAL_SYSTICK_Config
 *fill*         0x00000000080013c2        0x2 
 .text.HAL_DCMI_Init
                0x00000000080013c4       0xf4 Drivers/STM32H7xx_HAL_Driver/Src/stm32h7xx_hal_dcmi.o
                0x00000000080013c4                HAL_DCMI_Init
 .text.HAL_DCMI_Start_DMA
                0x00000000080014b8      0x184 Drivers/STM32H7xx_HAL_Driver/Src/stm32h7xx_hal_dcmi.o
                0x00000000080014b8                HAL_DCMI_Start_DMA
 .text.HAL_DCMI_Stop
                0x000000000800163c       0xc0 Drivers/STM32H7xx_HAL_Driver/Src/stm32h7xx_hal_dcmi.o
                0x000000000800163c                HAL_DCMI_Stop
 .text.HAL_DCMI_Suspend
                0x00000000080016fc       0xb0 Drivers/STM32H7xx_HAL_Driver/Src/stm32h7xx_hal_dcmi.o
                0x00000000080016fc                HAL_DCMI_Suspend
 .text.HAL_DCMI_IRQHandler
                0x00000000080017ac      0x104 Drivers/STM32H7xx_HAL_Driver/Src/stm32h7xx_hal_dcmi.o
                0x00000000080017ac                HAL_DCMI_IRQHandler
 .text.HAL_DCMI_ErrorCallback
                0x00000000080018b0       0x14 Drivers/STM32H7xx_HAL_Driver/Src/stm32h7xx_hal_dcmi.o
                0x00000000080018b0                HAL_DCMI_ErrorCallback
 .text.HAL_DCMI_LineEventCallback
                0x00000000080018c4       0x14 Drivers/STM32H7xx_HAL_Driver/Src/stm32h7xx_hal_dcmi.o
                0x00000000080018c4                HAL_DCMI_LineEventCallback
 .text.HAL_DCMI_VsyncEventCallback
                0x00000000080018d8       0x14 Drivers/STM32H7xx_HAL_Driver/Src/stm32h7xx_hal_dcmi.o
                0x00000000080018d8                HAL_DCMI_VsyncEventCallback
 .text.DCMI_DMAXferCplt
                0x00000000080018ec      0x126 Drivers/STM32H7xx_HAL_Driver/Src/stm32h7xx_hal_dcmi.o
 .text.DCMI_DMAError
                0x0000000008001a12       0x3a Drivers/STM32H7xx_HAL_Driver/Src/stm32h7xx_hal_dcmi.o
 .text.HAL_DMA_Init
                0x0000000008001a4c      0x6b8 Drivers/STM32H7xx_HAL_Driver/Src/stm32h7xx_hal_dma.o
                0x0000000008001a4c                HAL_DMA_Init
 .text.HAL_DMA_Start_IT
                0x0000000008002104      0x4d4 Drivers/STM32H7xx_HAL_Driver/Src/stm32h7xx_hal_dma.o
                0x0000000008002104                HAL_DMA_Start_IT
 .text.HAL_DMA_Abort
                0x00000000080025d8      0x63c Drivers/STM32H7xx_HAL_Driver/Src/stm32h7xx_hal_dma.o
                0x00000000080025d8                HAL_DMA_Abort
 .text.HAL_DMA_Abort_IT
                0x0000000008002c14      0x488 Drivers/STM32H7xx_HAL_Driver/Src/stm32h7xx_hal_dma.o
                0x0000000008002c14                HAL_DMA_Abort_IT
 .text.HAL_DMA_IRQHandler
                0x000000000800309c      0xe54 Drivers/STM32H7xx_HAL_Driver/Src/stm32h7xx_hal_dma.o
                0x000000000800309c                HAL_DMA_IRQHandler
 .text.DMA_SetConfig
                0x0000000008003ef0      0x358 Drivers/STM32H7xx_HAL_Driver/Src/stm32h7xx_hal_dma.o
 .text.DMA_CalcBaseAndBitshift
                0x0000000008004248      0x164 Drivers/STM32H7xx_HAL_Driver/Src/stm32h7xx_hal_dma.o
 .text.DMA_CheckFifoParam
                0x00000000080043ac       0xf8 Drivers/STM32H7xx_HAL_Driver/Src/stm32h7xx_hal_dma.o
 .text.DMA_CalcDMAMUXChannelBaseAndMask
                0x00000000080044a4      0x134 Drivers/STM32H7xx_HAL_Driver/Src/stm32h7xx_hal_dma.o
 .text.DMA_CalcDMAMUXRequestGenBaseAndMask
                0x00000000080045d8       0xe8 Drivers/STM32H7xx_HAL_Driver/Src/stm32h7xx_hal_dma.o
 .text.HAL_DMAEx_MultiBufferStart_IT
                0x00000000080046c0      0x6bc Drivers/STM32H7xx_HAL_Driver/Src/stm32h7xx_hal_dma_ex.o
                0x00000000080046c0                HAL_DMAEx_MultiBufferStart_IT
 .text.HAL_DMAEx_ChangeMemory
                0x0000000008004d7c      0x138 Drivers/STM32H7xx_HAL_Driver/Src/stm32h7xx_hal_dma_ex.o
                0x0000000008004d7c                HAL_DMAEx_ChangeMemory
 .text.DMA_MultiBufferSetConfig
                0x0000000008004eb4      0x16c Drivers/STM32H7xx_HAL_Driver/Src/stm32h7xx_hal_dma_ex.o
 .text.HAL_GPIO_Init
                0x0000000008005020      0x360 Drivers/STM32H7xx_HAL_Driver/Src/stm32h7xx_hal_gpio.o
                0x0000000008005020                HAL_GPIO_Init
 .text.HAL_GPIO_WritePin
                0x0000000008005380       0x32 Drivers/STM32H7xx_HAL_Driver/Src/stm32h7xx_hal_gpio.o
                0x0000000008005380                HAL_GPIO_WritePin
 *fill*         0x00000000080053b2        0x2 
 .text.HAL_I2C_Init
                0x00000000080053b4      0x120 Drivers/STM32H7xx_HAL_Driver/Src/stm32h7xx_hal_i2c.o
                0x00000000080053b4                HAL_I2C_Init
 .text.HAL_I2C_Master_Transmit
                0x00000000080054d4      0x1e8 Drivers/STM32H7xx_HAL_Driver/Src/stm32h7xx_hal_i2c.o
                0x00000000080054d4                HAL_I2C_Master_Transmit
 .text.HAL_I2C_Mem_Read
                0x00000000080056bc      0x234 Drivers/STM32H7xx_HAL_Driver/Src/stm32h7xx_hal_i2c.o
                0x00000000080056bc                HAL_I2C_Mem_Read
 .text.I2C_RequestMemoryRead
                0x00000000080058f0       0xa8 Drivers/STM32H7xx_HAL_Driver/Src/stm32h7xx_hal_i2c.o
 .text.I2C_Flush_TXDR
                0x0000000008005998       0x48 Drivers/STM32H7xx_HAL_Driver/Src/stm32h7xx_hal_i2c.o
 .text.I2C_WaitOnFlagUntilTimeout
                0x00000000080059e0       0x80 Drivers/STM32H7xx_HAL_Driver/Src/stm32h7xx_hal_i2c.o
 .text.I2C_WaitOnTXISFlagUntilTimeout
                0x0000000008005a60       0x80 Drivers/STM32H7xx_HAL_Driver/Src/stm32h7xx_hal_i2c.o
 .text.I2C_WaitOnSTOPFlagUntilTimeout
                0x0000000008005ae0       0x78 Drivers/STM32H7xx_HAL_Driver/Src/stm32h7xx_hal_i2c.o
 .text.I2C_IsAcknowledgeFailed
                0x0000000008005b58       0xcc Drivers/STM32H7xx_HAL_Driver/Src/stm32h7xx_hal_i2c.o
 .text.I2C_TransferConfig
                0x0000000008005c24       0x5c Drivers/STM32H7xx_HAL_Driver/Src/stm32h7xx_hal_i2c.o
 .text.HAL_I2CEx_ConfigAnalogFilter
                0x0000000008005c80       0x96 Drivers/STM32H7xx_HAL_Driver/Src/stm32h7xx_hal_i2c_ex.o
                0x0000000008005c80                HAL_I2CEx_ConfigAnalogFilter
 .text.HAL_I2CEx_ConfigDigitalFilter
                0x0000000008005d16       0x98 Drivers/STM32H7xx_HAL_Driver/Src/stm32h7xx_hal_i2c_ex.o
                0x0000000008005d16                HAL_I2CEx_ConfigDigitalFilter
 *fill*         0x0000000008005dae        0x2 
 .text.HAL_PWREx_ConfigSupply
                0x0000000008005db0       0x74 Drivers/STM32H7xx_HAL_Driver/Src/stm32h7xx_hal_pwr_ex.o
                0x0000000008005db0                HAL_PWREx_ConfigSupply
 .text.HAL_RCC_OscConfig
                0x0000000008005e24      0x820 Drivers/STM32H7xx_HAL_Driver/Src/stm32h7xx_hal_rcc.o
                0x0000000008005e24                HAL_RCC_OscConfig
 .text.HAL_RCC_ClockConfig
                0x0000000008006644      0x36c Drivers/STM32H7xx_HAL_Driver/Src/stm32h7xx_hal_rcc.o
                0x0000000008006644                HAL_RCC_ClockConfig
 .text.HAL_RCC_MCOConfig
                0x00000000080069b0       0xd4 Drivers/STM32H7xx_HAL_Driver/Src/stm32h7xx_hal_rcc.o
                0x00000000080069b0                HAL_RCC_MCOConfig
 .text.HAL_RCC_GetSysClockFreq
                0x0000000008006a84      0x2e4 Drivers/STM32H7xx_HAL_Driver/Src/stm32h7xx_hal_rcc.o
                0x0000000008006a84                HAL_RCC_GetSysClockFreq
 .text.HAL_RCC_GetHCLKFreq
                0x0000000008006d68       0x60 Drivers/STM32H7xx_HAL_Driver/Src/stm32h7xx_hal_rcc.o
                0x0000000008006d68                HAL_RCC_GetHCLKFreq
 .text.HAL_RCC_GetPCLK1Freq
                0x0000000008006dc8       0x2c Drivers/STM32H7xx_HAL_Driver/Src/stm32h7xx_hal_rcc.o
                0x0000000008006dc8                HAL_RCC_GetPCLK1Freq
 .text.HAL_RCC_GetPCLK2Freq
                0x0000000008006df4       0x2c Drivers/STM32H7xx_HAL_Driver/Src/stm32h7xx_hal_rcc.o
                0x0000000008006df4                HAL_RCC_GetPCLK2Freq
 .text.HAL_RCCEx_PeriphCLKConfig
                0x0000000008006e20      0xddc Drivers/STM32H7xx_HAL_Driver/Src/stm32h7xx_hal_rcc_ex.o
                0x0000000008006e20                HAL_RCCEx_PeriphCLKConfig
 .text.HAL_RCCEx_GetD3PCLK1Freq
                0x0000000008007bfc       0x2c Drivers/STM32H7xx_HAL_Driver/Src/stm32h7xx_hal_rcc_ex.o
                0x0000000008007bfc                HAL_RCCEx_GetD3PCLK1Freq
 .text.HAL_RCCEx_GetPLL2ClockFreq
                0x0000000008007c28      0x298 Drivers/STM32H7xx_HAL_Driver/Src/stm32h7xx_hal_rcc_ex.o
                0x0000000008007c28                HAL_RCCEx_GetPLL2ClockFreq
 .text.HAL_RCCEx_GetPLL3ClockFreq
                0x0000000008007ec0      0x298 Drivers/STM32H7xx_HAL_Driver/Src/stm32h7xx_hal_rcc_ex.o
                0x0000000008007ec0                HAL_RCCEx_GetPLL3ClockFreq
 .text.RCCEx_PLL2_Config
                0x0000000008008158      0x164 Drivers/STM32H7xx_HAL_Driver/Src/stm32h7xx_hal_rcc_ex.o
 .text.RCCEx_PLL3_Config
                0x00000000080082bc      0x164 Drivers/STM32H7xx_HAL_Driver/Src/stm32h7xx_hal_rcc_ex.o
 .text.HAL_UART_Init
                0x0000000008008420       0xa0 Drivers/STM32H7xx_HAL_Driver/Src/stm32h7xx_hal_uart.o
                0x0000000008008420                HAL_UART_Init
 .text.HAL_UART_Transmit
                0x00000000080084c0      0x12c Drivers/STM32H7xx_HAL_Driver/Src/stm32h7xx_hal_uart.o
                0x00000000080084c0                HAL_UART_Transmit
 .text.UART_SetConfig
                0x00000000080085ec      0xb60 Drivers/STM32H7xx_HAL_Driver/Src/stm32h7xx_hal_uart.o
                0x00000000080085ec                UART_SetConfig
 .text.UART_AdvFeatureConfig
                0x000000000800914c      0x144 Drivers/STM32H7xx_HAL_Driver/Src/stm32h7xx_hal_uart.o
                0x000000000800914c                UART_AdvFeatureConfig
 .text.UART_CheckIdleState
                0x0000000008009290       0x90 Drivers/STM32H7xx_HAL_Driver/Src/stm32h7xx_hal_uart.o
                0x0000000008009290                UART_CheckIdleState
 .text.UART_WaitOnFlagUntilTimeout
                0x0000000008009320      0x100 Drivers/STM32H7xx_HAL_Driver/Src/stm32h7xx_hal_uart.o
                0x0000000008009320                UART_WaitOnFlagUntilTimeout
 .text.HAL_UARTEx_DisableFifoMode
                0x0000000008009420       0x72 Drivers/STM32H7xx_HAL_Driver/Src/stm32h7xx_hal_uart_ex.o
                0x0000000008009420                HAL_UARTEx_DisableFifoMode
 .text.HAL_UARTEx_SetTxFifoThreshold
                0x0000000008009492       0x7c Drivers/STM32H7xx_HAL_Driver/Src/stm32h7xx_hal_uart_ex.o
                0x0000000008009492                HAL_UARTEx_SetTxFifoThreshold
 .text.HAL_UARTEx_SetRxFifoThreshold
                0x000000000800950e       0x7c Drivers/STM32H7xx_HAL_Driver/Src/stm32h7xx_hal_uart_ex.o
                0x000000000800950e                HAL_UARTEx_SetRxFifoThreshold
 *fill*         0x000000000800958a        0x2 
 .text.UARTEx_SetNbDataToProcess
                0x000000000800958c       0xd0 Drivers/STM32H7xx_HAL_Driver/Src/stm32h7xx_hal_uart_ex.o
 .text.OV2640_Init
                0x000000000800965c       0x4c Hardware/OV2640.o
                0x000000000800965c                OV2640_Init
 .text.OV2640_ReadID
                0x00000000080096a8       0x82 Hardware/OV2640.o
 *fill*         0x000000000800972a        0x2 
 .text.i2c_sent
                0x000000000800972c       0x40 Hardware/OV2640.o
 .text.i2c_receive
                0x000000000800976c       0x40 Hardware/OV2640.o
 .text.ov2640_config
                0x00000000080097ac       0x1a Hardware/OV2640.o
 *fill*         0x00000000080097c6        0x2 
 .text.OV2640_JPEGConfig
                0x00000000080097c8      0x1ec Hardware/OV2640.o
 .text.OV2640_BrightnessConfig
                0x00000000080099b4       0x44 Hardware/OV2640.o
 .text.OV2640_AutoExposure
                0x00000000080099f8       0x78 Hardware/OV2640.o
 .text.SCCB_WriteRegs
                0x0000000008009a70       0x3a Hardware/OV2640.o
 *fill*         0x0000000008009aaa        0x2 
 .text.StartOV2640
                0x0000000008009aac       0x40 Hardware/OV2640.o
                0x0000000008009aac                StartOV2640
 .text.HAL_DCMI_FrameEventCallback
                0x0000000008009aec       0x7c Hardware/OV2640.o
                0x0000000008009aec                HAL_DCMI_FrameEventCallback
 .text.__libc_init_array
                0x0000000008009b68       0x48 d:/stm32cubeide_1.0.1/stm32cubeide/plugins/com.st.stm32cube.ide.mcu.externaltools.gnu-tools-for-stm32.7-2018-q2-update.win32_1.5.0.202011040924/tools/bin/../lib/gcc/arm-none-eabi/7.3.1/../../../../arm-none-eabi/lib/thumb/v7e-m/fpv5/hard\libc_nano.a(lib_a-init.o)
                0x0000000008009b68                __libc_init_array
 .text.memset   0x0000000008009bb0       0x10 d:/stm32cubeide_1.0.1/stm32cubeide/plugins/com.st.stm32cube.ide.mcu.externaltools.gnu-tools-for-stm32.7-2018-q2-update.win32_1.5.0.202011040924/tools/bin/../lib/gcc/arm-none-eabi/7.3.1/../../../../arm-none-eabi/lib/thumb/v7e-m/fpv5/hard\libc_nano.a(lib_a-memset.o)
                0x0000000008009bb0                memset
 *(.glue_7)
 .glue_7        0x0000000008009bc0        0x0 linker stubs
 *(.glue_7t)
 .glue_7t       0x0000000008009bc0        0x0 linker stubs
 *(.eh_frame)
 .eh_frame      0x0000000008009bc0        0x0 d:/stm32cubeide_1.0.1/stm32cubeide/plugins/com.st.stm32cube.ide.mcu.externaltools.gnu-tools-for-stm32.7-2018-q2-update.win32_1.5.0.202011040924/tools/bin/../lib/gcc/arm-none-eabi/7.3.1/thumb/v7e-m/fpv5/hard/crtbegin.o
 *(.init)
 .init          0x0000000008009bc0        0x4 d:/stm32cubeide_1.0.1/stm32cubeide/plugins/com.st.stm32cube.ide.mcu.externaltools.gnu-tools-for-stm32.7-2018-q2-update.win32_1.5.0.202011040924/tools/bin/../lib/gcc/arm-none-eabi/7.3.1/thumb/v7e-m/fpv5/hard/crti.o
                0x0000000008009bc0                _init
 .init          0x0000000008009bc4        0x8 d:/stm32cubeide_1.0.1/stm32cubeide/plugins/com.st.stm32cube.ide.mcu.externaltools.gnu-tools-for-stm32.7-2018-q2-update.win32_1.5.0.202011040924/tools/bin/../lib/gcc/arm-none-eabi/7.3.1/thumb/v7e-m/fpv5/hard/crtn.o
 *(.fini)
 .fini          0x0000000008009bcc        0x4 d:/stm32cubeide_1.0.1/stm32cubeide/plugins/com.st.stm32cube.ide.mcu.externaltools.gnu-tools-for-stm32.7-2018-q2-update.win32_1.5.0.202011040924/tools/bin/../lib/gcc/arm-none-eabi/7.3.1/thumb/v7e-m/fpv5/hard/crti.o
                0x0000000008009bcc                _fini
 .fini          0x0000000008009bd0        0x8 d:/stm32cubeide_1.0.1/stm32cubeide/plugins/com.st.stm32cube.ide.mcu.externaltools.gnu-tools-for-stm32.7-2018-q2-update.win32_1.5.0.202011040924/tools/bin/../lib/gcc/arm-none-eabi/7.3.1/thumb/v7e-m/fpv5/hard/crtn.o
                0x0000000008009bd8                . = ALIGN (0x4)
                0x0000000008009bd8                _etext = .

.vfp11_veneer   0x0000000008009bd8        0x0
 .vfp11_veneer  0x0000000008009bd8        0x0 linker stubs

.v4_bx          0x0000000008009bd8        0x0
 .v4_bx         0x0000000008009bd8        0x0 linker stubs

.iplt           0x0000000008009bd8        0x0
 .iplt          0x0000000008009bd8        0x0 d:/stm32cubeide_1.0.1/stm32cubeide/plugins/com.st.stm32cube.ide.mcu.externaltools.gnu-tools-for-stm32.7-2018-q2-update.win32_1.5.0.202011040924/tools/bin/../lib/gcc/arm-none-eabi/7.3.1/thumb/v7e-m/fpv5/hard/crtbegin.o

.rodata         0x0000000008009bd8      0x3c0
                0x0000000008009bd8                . = ALIGN (0x4)
 *(.rodata)
 .rodata        0x0000000008009bd8       0x10 Drivers/STM32H7xx_HAL_Driver/Src/stm32h7xx_hal_uart_ex.o
 *(.rodata*)
 .rodata.D1CorePrescTable
                0x0000000008009be8       0x10 Core/Src/system_stm32h7xx.o
                0x0000000008009be8                D1CorePrescTable
 .rodata.flagBitshiftOffset.10318
                0x0000000008009bf8        0x8 Drivers/STM32H7xx_HAL_Driver/Src/stm32h7xx_hal_dma.o
 .rodata.UARTPrescTable
                0x0000000008009c00       0x18 Drivers/STM32H7xx_HAL_Driver/Src/stm32h7xx_hal_uart.o
                0x0000000008009c00                UARTPrescTable
 .rodata.OV2640_JPEG_INIT
                0x0000000008009c18      0x17c Hardware/OV2640.o
                0x0000000008009c18                OV2640_JPEG_INIT
 .rodata.OV2640_YUV422
                0x0000000008009d94       0x12 Hardware/OV2640.o
                0x0000000008009d94                OV2640_YUV422
 *fill*         0x0000000008009da6        0x2 
 .rodata.OV2640_JPEG
                0x0000000008009da8       0x10 Hardware/OV2640.o
                0x0000000008009da8                OV2640_JPEG
 .rodata.OV2640_160x120_JPEG
                0x0000000008009db8       0x4e Hardware/OV2640.o
                0x0000000008009db8                OV2640_160x120_JPEG
 *fill*         0x0000000008009e06        0x2 
 .rodata.OV2640_176x144_JPEG
                0x0000000008009e08       0x4e Hardware/OV2640.o
                0x0000000008009e08                OV2640_176x144_JPEG
 *fill*         0x0000000008009e56        0x2 
 .rodata.OV2640_320x240_JPEG
                0x0000000008009e58       0x50 Hardware/OV2640.o
                0x0000000008009e58                OV2640_320x240_JPEG
 .rodata.OV2640_800x600_JPEG
                0x0000000008009ea8       0x50 Hardware/OV2640.o
                0x0000000008009ea8                OV2640_800x600_JPEG
 .rodata.OV2640_352x288_JPEG
                0x0000000008009ef8       0x4e Hardware/OV2640.o
                0x0000000008009ef8                OV2640_352x288_JPEG
 *fill*         0x0000000008009f46        0x2 
 .rodata.OV2640_AUTOEXPOSURE_LEVEL0
                0x0000000008009f48        0xf Hardware/OV2640.o
 *fill*         0x0000000008009f57        0x1 
 .rodata.OV2640_AUTOEXPOSURE_LEVEL1
                0x0000000008009f58        0xf Hardware/OV2640.o
 *fill*         0x0000000008009f67        0x1 
 .rodata.OV2640_AUTOEXPOSURE_LEVEL2
                0x0000000008009f68        0xf Hardware/OV2640.o
 *fill*         0x0000000008009f77        0x1 
 .rodata.OV2640_AUTOEXPOSURE_LEVEL3
                0x0000000008009f78        0xf Hardware/OV2640.o
 *fill*         0x0000000008009f87        0x1 
 .rodata.OV2640_AUTOEXPOSURE_LEVEL4
                0x0000000008009f88        0xf Hardware/OV2640.o
                0x0000000008009f98                . = ALIGN (0x4)
 *fill*         0x0000000008009f97        0x1 

.ARM.extab      0x0000000008009f98        0x0
                0x0000000008009f98                . = ALIGN (0x4)
 *(.ARM.extab* .gnu.linkonce.armextab.*)
                0x0000000008009f98                . = ALIGN (0x4)

.ARM            0x0000000008009f98        0x8
                0x0000000008009f98                . = ALIGN (0x4)
                0x0000000008009f98                __exidx_start = .
 *(.ARM.exidx*)
 .ARM.exidx     0x0000000008009f98        0x8 d:/stm32cubeide_1.0.1/stm32cubeide/plugins/com.st.stm32cube.ide.mcu.externaltools.gnu-tools-for-stm32.7-2018-q2-update.win32_1.5.0.202011040924/tools/bin/../lib/gcc/arm-none-eabi/7.3.1/thumb/v7e-m/fpv5/hard\libgcc.a(_udivmoddi4.o)
                0x0000000008009fa0                __exidx_end = .
                0x0000000008009fa0                . = ALIGN (0x4)

.rel.dyn        0x0000000008009fa0        0x0
 .rel.iplt      0x0000000008009fa0        0x0 d:/stm32cubeide_1.0.1/stm32cubeide/plugins/com.st.stm32cube.ide.mcu.externaltools.gnu-tools-for-stm32.7-2018-q2-update.win32_1.5.0.202011040924/tools/bin/../lib/gcc/arm-none-eabi/7.3.1/thumb/v7e-m/fpv5/hard/crtbegin.o

.preinit_array  0x0000000008009fa0        0x0
                0x0000000008009fa0                . = ALIGN (0x4)
                0x0000000008009fa0                PROVIDE (__preinit_array_start = .)
 *(.preinit_array*)
                0x0000000008009fa0                PROVIDE (__preinit_array_end = .)
                0x0000000008009fa0                . = ALIGN (0x4)

.init_array     0x0000000008009fa0        0x4
                0x0000000008009fa0                . = ALIGN (0x4)
                0x0000000008009fa0                PROVIDE (__init_array_start = .)
 *(SORT_BY_NAME(.init_array.*))
 *(.init_array*)
 .init_array    0x0000000008009fa0        0x4 d:/stm32cubeide_1.0.1/stm32cubeide/plugins/com.st.stm32cube.ide.mcu.externaltools.gnu-tools-for-stm32.7-2018-q2-update.win32_1.5.0.202011040924/tools/bin/../lib/gcc/arm-none-eabi/7.3.1/thumb/v7e-m/fpv5/hard/crtbegin.o
                0x0000000008009fa4                PROVIDE (__init_array_end = .)
                0x0000000008009fa4                . = ALIGN (0x4)

.fini_array     0x0000000008009fa4        0x4
                0x0000000008009fa4                . = ALIGN (0x4)
                [!provide]                        PROVIDE (__fini_array_start = .)
 *(SORT_BY_NAME(.fini_array.*))
 *(.fini_array*)
 .fini_array    0x0000000008009fa4        0x4 d:/stm32cubeide_1.0.1/stm32cubeide/plugins/com.st.stm32cube.ide.mcu.externaltools.gnu-tools-for-stm32.7-2018-q2-update.win32_1.5.0.202011040924/tools/bin/../lib/gcc/arm-none-eabi/7.3.1/thumb/v7e-m/fpv5/hard/crtbegin.o
                [!provide]                        PROVIDE (__fini_array_end = .)
                0x0000000008009fa8                . = ALIGN (0x4)
                0x0000000008009fa8                _sidata = LOADADDR (.data)

.data           0x0000000024000000       0x10 load address 0x0000000008009fa8
                0x0000000024000000                . = ALIGN (0x4)
                0x0000000024000000                _sdata = .
 *(.data)
 *(.data*)
 .data.SystemCoreClock
                0x0000000024000000        0x4 Core/Src/system_stm32h7xx.o
                0x0000000024000000                SystemCoreClock
 .data.SystemD2Clock
                0x0000000024000004        0x4 Core/Src/system_stm32h7xx.o
                0x0000000024000004                SystemD2Clock
 .data.uwTickPrio
                0x0000000024000008        0x4 Drivers/STM32H7xx_HAL_Driver/Src/stm32h7xx_hal.o
                0x0000000024000008                uwTickPrio
 .data.uwTickFreq
                0x000000002400000c        0x1 Drivers/STM32H7xx_HAL_Driver/Src/stm32h7xx_hal.o
                0x000000002400000c                uwTickFreq
 *fill*         0x000000002400000d        0x1 
 .data.I2C_ADDRESS
                0x000000002400000e        0x2 Hardware/OV2640.o
                0x000000002400000e                I2C_ADDRESS
                0x0000000024000010                . = ALIGN (0x4)
                0x0000000024000010                _edata = .

.igot.plt       0x0000000024000010        0x0 load address 0x0000000008009fb8
 .igot.plt      0x0000000024000010        0x0 d:/stm32cubeide_1.0.1/stm32cubeide/plugins/com.st.stm32cube.ide.mcu.externaltools.gnu-tools-for-stm32.7-2018-q2-update.win32_1.5.0.202011040924/tools/bin/../lib/gcc/arm-none-eabi/7.3.1/thumb/v7e-m/fpv5/hard/crtbegin.o
                0x0000000024000010                . = ALIGN (0x4)

.bss            0x0000000024000010     0xa1d0 load address 0x0000000008009fb8
                0x0000000024000010                _sbss = .
                0x0000000024000010                __bss_start__ = _sbss
 *(.bss)
 .bss           0x0000000024000010       0x1c d:/stm32cubeide_1.0.1/stm32cubeide/plugins/com.st.stm32cube.ide.mcu.externaltools.gnu-tools-for-stm32.7-2018-q2-update.win32_1.5.0.202011040924/tools/bin/../lib/gcc/arm-none-eabi/7.3.1/thumb/v7e-m/fpv5/hard/crtbegin.o
 *(.bss*)
 .bss.JpegBuffer
                0x000000002400002c     0xa000 Hardware/OV2640.o
 *(COMMON)
 COMMON         0x000000002400a02c       0xc8 Core/Src/dcmi.o
                0x000000002400a02c                hdma_dcmi
                0x000000002400a0a4                hdcmi
 COMMON         0x000000002400a0f4       0x4c Core/Src/i2c.o
                0x000000002400a0f4                hi2c1
 COMMON         0x000000002400a140       0x8c Core/Src/usart.o
                0x000000002400a140                huart4
 COMMON         0x000000002400a1cc        0x4 Drivers/STM32H7xx_HAL_Driver/Src/stm32h7xx_hal.o
                0x000000002400a1cc                uwTick
 COMMON         0x000000002400a1d0       0x10 Hardware/OV2640.o
                0x000000002400a1d0                DCMI_hdcmi
                0x000000002400a1d4                mHuart
                0x000000002400a1d8                OV2640ID
                0x000000002400a1dc                mI2C
                0x000000002400a1e0                . = ALIGN (0x4)
                0x000000002400a1e0                _ebss = .
                0x000000002400a1e0                __bss_end__ = _ebss

._user_heap_stack
                0x000000002400a1e0      0x600 load address 0x0000000008009fb8
                0x000000002400a1e0                . = ALIGN (0x8)
                0x000000002400a1e0                PROVIDE (end = .)
                [!provide]                        PROVIDE (_end = .)
                0x000000002400a3e0                . = (. + _Min_Heap_Size)
 *fill*         0x000000002400a1e0      0x200 
                0x000000002400a7e0                . = (. + _Min_Stack_Size)
 *fill*         0x000000002400a3e0      0x400 
                0x000000002400a7e0                . = ALIGN (0x8)

/DISCARD/
 libc.a(*)
 libm.a(*)
 libgcc.a(*)

.ARM.attributes
                0x0000000000000000       0x2e
 *(.ARM.attributes)
 .ARM.attributes
                0x0000000000000000       0x20 d:/stm32cubeide_1.0.1/stm32cubeide/plugins/com.st.stm32cube.ide.mcu.externaltools.gnu-tools-for-stm32.7-2018-q2-update.win32_1.5.0.202011040924/tools/bin/../lib/gcc/arm-none-eabi/7.3.1/thumb/v7e-m/fpv5/hard/crti.o
 .ARM.attributes
                0x0000000000000020       0x32 d:/stm32cubeide_1.0.1/stm32cubeide/plugins/com.st.stm32cube.ide.mcu.externaltools.gnu-tools-for-stm32.7-2018-q2-update.win32_1.5.0.202011040924/tools/bin/../lib/gcc/arm-none-eabi/7.3.1/thumb/v7e-m/fpv5/hard/crtbegin.o
 .ARM.attributes
                0x0000000000000052       0x37 Core/Src/dcmi.o
 .ARM.attributes
                0x0000000000000089       0x37 Core/Src/dma.o
 .ARM.attributes
                0x00000000000000c0       0x37 Core/Src/gpio.o
 .ARM.attributes
                0x00000000000000f7       0x37 Core/Src/i2c.o
 .ARM.attributes
                0x000000000000012e       0x37 Core/Src/main.o
 .ARM.attributes
                0x0000000000000165       0x37 Core/Src/stm32h7xx_hal_msp.o
 .ARM.attributes
                0x000000000000019c       0x37 Core/Src/stm32h7xx_it.o
 .ARM.attributes
                0x00000000000001d3       0x37 Core/Src/system_stm32h7xx.o
 .ARM.attributes
                0x000000000000020a       0x37 Core/Src/usart.o
 .ARM.attributes
                0x0000000000000241       0x21 Core/Startup/startup_stm32h750vbtx.o
 .ARM.attributes
                0x0000000000000262       0x37 Drivers/STM32H7xx_HAL_Driver/Src/stm32h7xx_hal.o
 .ARM.attributes
                0x0000000000000299       0x37 Drivers/STM32H7xx_HAL_Driver/Src/stm32h7xx_hal_cortex.o
 .ARM.attributes
                0x00000000000002d0       0x37 Drivers/STM32H7xx_HAL_Driver/Src/stm32h7xx_hal_dcmi.o
 .ARM.attributes
                0x0000000000000307       0x37 Drivers/STM32H7xx_HAL_Driver/Src/stm32h7xx_hal_dma.o
 .ARM.attributes
                0x000000000000033e       0x37 Drivers/STM32H7xx_HAL_Driver/Src/stm32h7xx_hal_dma_ex.o
 .ARM.attributes
                0x0000000000000375       0x37 Drivers/STM32H7xx_HAL_Driver/Src/stm32h7xx_hal_gpio.o
 .ARM.attributes
                0x00000000000003ac       0x37 Drivers/STM32H7xx_HAL_Driver/Src/stm32h7xx_hal_i2c.o
 .ARM.attributes
                0x00000000000003e3       0x37 Drivers/STM32H7xx_HAL_Driver/Src/stm32h7xx_hal_i2c_ex.o
 .ARM.attributes
                0x000000000000041a       0x37 Drivers/STM32H7xx_HAL_Driver/Src/stm32h7xx_hal_pwr_ex.o
 .ARM.attributes
                0x0000000000000451       0x37 Drivers/STM32H7xx_HAL_Driver/Src/stm32h7xx_hal_rcc.o
 .ARM.attributes
                0x0000000000000488       0x37 Drivers/STM32H7xx_HAL_Driver/Src/stm32h7xx_hal_rcc_ex.o
 .ARM.attributes
                0x00000000000004bf       0x37 Drivers/STM32H7xx_HAL_Driver/Src/stm32h7xx_hal_uart.o
 .ARM.attributes
                0x00000000000004f6       0x37 Drivers/STM32H7xx_HAL_Driver/Src/stm32h7xx_hal_uart_ex.o
 .ARM.attributes
                0x000000000000052d       0x37 Hardware/OV2640.o
 .ARM.attributes
                0x0000000000000564       0x32 d:/stm32cubeide_1.0.1/stm32cubeide/plugins/com.st.stm32cube.ide.mcu.externaltools.gnu-tools-for-stm32.7-2018-q2-update.win32_1.5.0.202011040924/tools/bin/../lib/gcc/arm-none-eabi/7.3.1/../../../../arm-none-eabi/lib/thumb/v7e-m/fpv5/hard\libc_nano.a(lib_a-init.o)
 .ARM.attributes
                0x0000000000000596       0x32 d:/stm32cubeide_1.0.1/stm32cubeide/plugins/com.st.stm32cube.ide.mcu.externaltools.gnu-tools-for-stm32.7-2018-q2-update.win32_1.5.0.202011040924/tools/bin/../lib/gcc/arm-none-eabi/7.3.1/../../../../arm-none-eabi/lib/thumb/v7e-m/fpv5/hard\libc_nano.a(lib_a-memset.o)
 .ARM.attributes
                0x00000000000005c8       0x20 d:/stm32cubeide_1.0.1/stm32cubeide/plugins/com.st.stm32cube.ide.mcu.externaltools.gnu-tools-for-stm32.7-2018-q2-update.win32_1.5.0.202011040924/tools/bin/../lib/gcc/arm-none-eabi/7.3.1/thumb/v7e-m/fpv5/hard\libgcc.a(_aeabi_uldivmod.o)
 .ARM.attributes
                0x00000000000005e8       0x32 d:/stm32cubeide_1.0.1/stm32cubeide/plugins/com.st.stm32cube.ide.mcu.externaltools.gnu-tools-for-stm32.7-2018-q2-update.win32_1.5.0.202011040924/tools/bin/../lib/gcc/arm-none-eabi/7.3.1/thumb/v7e-m/fpv5/hard\libgcc.a(_udivmoddi4.o)
 .ARM.attributes
                0x000000000000061a       0x20 d:/stm32cubeide_1.0.1/stm32cubeide/plugins/com.st.stm32cube.ide.mcu.externaltools.gnu-tools-for-stm32.7-2018-q2-update.win32_1.5.0.202011040924/tools/bin/../lib/gcc/arm-none-eabi/7.3.1/thumb/v7e-m/fpv5/hard\libgcc.a(_dvmd_tls.o)
 .ARM.attributes
                0x000000000000063a       0x20 d:/stm32cubeide_1.0.1/stm32cubeide/plugins/com.st.stm32cube.ide.mcu.externaltools.gnu-tools-for-stm32.7-2018-q2-update.win32_1.5.0.202011040924/tools/bin/../lib/gcc/arm-none-eabi/7.3.1/thumb/v7e-m/fpv5/hard/crtn.o
OUTPUT(DCMItest.elf elf32-littlearm)

.debug_info     0x0000000000000000    0x2282b
 .debug_info    0x0000000000000000     0x19c5 Core/Src/dcmi.o
 .debug_info    0x00000000000019c5     0x121b Core/Src/dma.o
 .debug_info    0x0000000000002be0     0x1033 Core/Src/gpio.o
 .debug_info    0x0000000000003c13     0x15b3 Core/Src/i2c.o
 .debug_info    0x00000000000051c6     0x1e56 Core/Src/main.o
 .debug_info    0x000000000000701c      0xe8f Core/Src/stm32h7xx_hal_msp.o
 .debug_info    0x0000000000007eab     0x10cb Core/Src/stm32h7xx_it.o
 .debug_info    0x0000000000008f76     0x136d Core/Src/system_stm32h7xx.o
 .debug_info    0x000000000000a2e3     0x1602 Core/Src/usart.o
 .debug_info    0x000000000000b8e5       0x22 Core/Startup/startup_stm32h750vbtx.o
 .debug_info    0x000000000000b907     0x1e42 Drivers/STM32H7xx_HAL_Driver/Src/stm32h7xx_hal.o
 .debug_info    0x000000000000d749     0x1ab6 Drivers/STM32H7xx_HAL_Driver/Src/stm32h7xx_hal_cortex.o
 .debug_info    0x000000000000f1ff     0x153d Drivers/STM32H7xx_HAL_Driver/Src/stm32h7xx_hal_dcmi.o
 .debug_info    0x000000000001073c     0x15f3 Drivers/STM32H7xx_HAL_Driver/Src/stm32h7xx_hal_dma.o
 .debug_info    0x0000000000011d2f     0x1222 Drivers/STM32H7xx_HAL_Driver/Src/stm32h7xx_hal_dma_ex.o
 .debug_info    0x0000000000012f51     0x1666 Drivers/STM32H7xx_HAL_Driver/Src/stm32h7xx_hal_gpio.o
 .debug_info    0x00000000000145b7     0x2ab5 Drivers/STM32H7xx_HAL_Driver/Src/stm32h7xx_hal_i2c.o
 .debug_info    0x000000000001706c     0x173a Drivers/STM32H7xx_HAL_Driver/Src/stm32h7xx_hal_i2c_ex.o
 .debug_info    0x00000000000187a6     0x1951 Drivers/STM32H7xx_HAL_Driver/Src/stm32h7xx_hal_pwr_ex.o
 .debug_info    0x000000000001a0f7     0x17c7 Drivers/STM32H7xx_HAL_Driver/Src/stm32h7xx_hal_rcc.o
 .debug_info    0x000000000001b8be     0x1b37 Drivers/STM32H7xx_HAL_Driver/Src/stm32h7xx_hal_rcc_ex.o
 .debug_info    0x000000000001d3f5     0x24aa Drivers/STM32H7xx_HAL_Driver/Src/stm32h7xx_hal_uart.o
 .debug_info    0x000000000001f89f     0x14a9 Drivers/STM32H7xx_HAL_Driver/Src/stm32h7xx_hal_uart_ex.o
 .debug_info    0x0000000000020d48     0x1ae3 Hardware/OV2640.o

.debug_abbrev   0x0000000000000000     0x38f1
 .debug_abbrev  0x0000000000000000      0x244 Core/Src/dcmi.o
 .debug_abbrev  0x0000000000000244      0x1e5 Core/Src/dma.o
 .debug_abbrev  0x0000000000000429      0x1fd Core/Src/gpio.o
 .debug_abbrev  0x0000000000000626      0x233 Core/Src/i2c.o
 .debug_abbrev  0x0000000000000859      0x235 Core/Src/main.o
 .debug_abbrev  0x0000000000000a8e      0x1e5 Core/Src/stm32h7xx_hal_msp.o
 .debug_abbrev  0x0000000000000c73      0x1d6 Core/Src/stm32h7xx_it.o
 .debug_abbrev  0x0000000000000e49      0x21f Core/Src/system_stm32h7xx.o
 .debug_abbrev  0x0000000000001068      0x233 Core/Src/usart.o
 .debug_abbrev  0x000000000000129b       0x12 Core/Startup/startup_stm32h750vbtx.o
 .debug_abbrev  0x00000000000012ad      0x2d9 Drivers/STM32H7xx_HAL_Driver/Src/stm32h7xx_hal.o
 .debug_abbrev  0x0000000000001586      0x3b5 Drivers/STM32H7xx_HAL_Driver/Src/stm32h7xx_hal_cortex.o
 .debug_abbrev  0x000000000000193b      0x28f Drivers/STM32H7xx_HAL_Driver/Src/stm32h7xx_hal_dcmi.o
 .debug_abbrev  0x0000000000001bca      0x289 Drivers/STM32H7xx_HAL_Driver/Src/stm32h7xx_hal_dma.o
 .debug_abbrev  0x0000000000001e53      0x266 Drivers/STM32H7xx_HAL_Driver/Src/stm32h7xx_hal_dma_ex.o
 .debug_abbrev  0x00000000000020b9      0x28f Drivers/STM32H7xx_HAL_Driver/Src/stm32h7xx_hal_gpio.o
 .debug_abbrev  0x0000000000002348      0x2ac Drivers/STM32H7xx_HAL_Driver/Src/stm32h7xx_hal_i2c.o
 .debug_abbrev  0x00000000000025f4      0x266 Drivers/STM32H7xx_HAL_Driver/Src/stm32h7xx_hal_i2c_ex.o
 .debug_abbrev  0x000000000000285a      0x311 Drivers/STM32H7xx_HAL_Driver/Src/stm32h7xx_hal_pwr_ex.o
 .debug_abbrev  0x0000000000002b6b      0x2e2 Drivers/STM32H7xx_HAL_Driver/Src/stm32h7xx_hal_rcc.o
 .debug_abbrev  0x0000000000002e4d      0x2db Drivers/STM32H7xx_HAL_Driver/Src/stm32h7xx_hal_rcc_ex.o
 .debug_abbrev  0x0000000000003128      0x2bb Drivers/STM32H7xx_HAL_Driver/Src/stm32h7xx_hal_uart.o
 .debug_abbrev  0x00000000000033e3      0x26f Drivers/STM32H7xx_HAL_Driver/Src/stm32h7xx_hal_uart_ex.o
 .debug_abbrev  0x0000000000003652      0x29f Hardware/OV2640.o

.debug_aranges  0x0000000000000000      0xfa8
 .debug_aranges
                0x0000000000000000       0x30 Core/Src/dcmi.o
 .debug_aranges
                0x0000000000000030       0x20 Core/Src/dma.o
 .debug_aranges
                0x0000000000000050       0x20 Core/Src/gpio.o
 .debug_aranges
                0x0000000000000070       0x30 Core/Src/i2c.o
 .debug_aranges
                0x00000000000000a0       0x30 Core/Src/main.o
 .debug_aranges
                0x00000000000000d0       0x20 Core/Src/stm32h7xx_hal_msp.o
 .debug_aranges
                0x00000000000000f0       0x70 Core/Src/stm32h7xx_it.o
 .debug_aranges
                0x0000000000000160       0x28 Core/Src/system_stm32h7xx.o
 .debug_aranges
                0x0000000000000188       0x30 Core/Src/usart.o
 .debug_aranges
                0x00000000000001b8       0x28 Core/Startup/startup_stm32h750vbtx.o
 .debug_aranges
                0x00000000000001e0      0x1b8 Drivers/STM32H7xx_HAL_Driver/Src/stm32h7xx_hal.o
 .debug_aranges
                0x0000000000000398      0x120 Drivers/STM32H7xx_HAL_Driver/Src/stm32h7xx_hal_cortex.o
 .debug_aranges
                0x00000000000004b8       0xc0 Drivers/STM32H7xx_HAL_Driver/Src/stm32h7xx_hal_dcmi.o
 .debug_aranges
                0x0000000000000578       0xa0 Drivers/STM32H7xx_HAL_Driver/Src/stm32h7xx_hal_dma.o
 .debug_aranges
                0x0000000000000618       0x60 Drivers/STM32H7xx_HAL_Driver/Src/stm32h7xx_hal_dma_ex.o
 .debug_aranges
                0x0000000000000678       0x58 Drivers/STM32H7xx_HAL_Driver/Src/stm32h7xx_hal_gpio.o
 .debug_aranges
                0x00000000000006d0      0x290 Drivers/STM32H7xx_HAL_Driver/Src/stm32h7xx_hal_i2c.o
 .debug_aranges
                0x0000000000000960       0x48 Drivers/STM32H7xx_HAL_Driver/Src/stm32h7xx_hal_i2c_ex.o
 .debug_aranges
                0x00000000000009a8      0x158 Drivers/STM32H7xx_HAL_Driver/Src/stm32h7xx_hal_pwr_ex.o
 .debug_aranges
                0x0000000000000b00       0x88 Drivers/STM32H7xx_HAL_Driver/Src/stm32h7xx_hal_rcc.o
 .debug_aranges
                0x0000000000000b88       0xf8 Drivers/STM32H7xx_HAL_Driver/Src/stm32h7xx_hal_rcc_ex.o
 .debug_aranges
                0x0000000000000c80      0x230 Drivers/STM32H7xx_HAL_Driver/Src/stm32h7xx_hal_uart.o
 .debug_aranges
                0x0000000000000eb0       0x88 Drivers/STM32H7xx_HAL_Driver/Src/stm32h7xx_hal_uart_ex.o
 .debug_aranges
                0x0000000000000f38       0x70 Hardware/OV2640.o

.debug_ranges   0x0000000000000000      0xe30
 .debug_ranges  0x0000000000000000       0x20 Core/Src/dcmi.o
 .debug_ranges  0x0000000000000020       0x10 Core/Src/dma.o
 .debug_ranges  0x0000000000000030       0x10 Core/Src/gpio.o
 .debug_ranges  0x0000000000000040       0x20 Core/Src/i2c.o
 .debug_ranges  0x0000000000000060       0x20 Core/Src/main.o
 .debug_ranges  0x0000000000000080       0x10 Core/Src/stm32h7xx_hal_msp.o
 .debug_ranges  0x0000000000000090       0x60 Core/Src/stm32h7xx_it.o
 .debug_ranges  0x00000000000000f0       0x18 Core/Src/system_stm32h7xx.o
 .debug_ranges  0x0000000000000108       0x20 Core/Src/usart.o
 .debug_ranges  0x0000000000000128       0x20 Core/Startup/startup_stm32h750vbtx.o
 .debug_ranges  0x0000000000000148      0x1a8 Drivers/STM32H7xx_HAL_Driver/Src/stm32h7xx_hal.o
 .debug_ranges  0x00000000000002f0      0x110 Drivers/STM32H7xx_HAL_Driver/Src/stm32h7xx_hal_cortex.o
 .debug_ranges  0x0000000000000400       0xb0 Drivers/STM32H7xx_HAL_Driver/Src/stm32h7xx_hal_dcmi.o
 .debug_ranges  0x00000000000004b0       0x90 Drivers/STM32H7xx_HAL_Driver/Src/stm32h7xx_hal_dma.o
 .debug_ranges  0x0000000000000540       0x50 Drivers/STM32H7xx_HAL_Driver/Src/stm32h7xx_hal_dma_ex.o
 .debug_ranges  0x0000000000000590       0x48 Drivers/STM32H7xx_HAL_Driver/Src/stm32h7xx_hal_gpio.o
 .debug_ranges  0x00000000000005d8      0x280 Drivers/STM32H7xx_HAL_Driver/Src/stm32h7xx_hal_i2c.o
 .debug_ranges  0x0000000000000858       0x38 Drivers/STM32H7xx_HAL_Driver/Src/stm32h7xx_hal_i2c_ex.o
 .debug_ranges  0x0000000000000890      0x148 Drivers/STM32H7xx_HAL_Driver/Src/stm32h7xx_hal_pwr_ex.o
 .debug_ranges  0x00000000000009d8       0x78 Drivers/STM32H7xx_HAL_Driver/Src/stm32h7xx_hal_rcc.o
 .debug_ranges  0x0000000000000a50       0xe8 Drivers/STM32H7xx_HAL_Driver/Src/stm32h7xx_hal_rcc_ex.o
 .debug_ranges  0x0000000000000b38      0x220 Drivers/STM32H7xx_HAL_Driver/Src/stm32h7xx_hal_uart.o
 .debug_ranges  0x0000000000000d58       0x78 Drivers/STM32H7xx_HAL_Driver/Src/stm32h7xx_hal_uart_ex.o
 .debug_ranges  0x0000000000000dd0       0x60 Hardware/OV2640.o

.debug_macro    0x0000000000000000    0x374d8
 .debug_macro   0x0000000000000000      0x2aa Core/Src/dcmi.o
 .debug_macro   0x00000000000002aa      0xa66 Core/Src/dcmi.o
 .debug_macro   0x0000000000000d10      0x238 Core/Src/dcmi.o
 .debug_macro   0x0000000000000f48       0x2e Core/Src/dcmi.o
 .debug_macro   0x0000000000000f76       0x3b Core/Src/dcmi.o
 .debug_macro   0x0000000000000fb1       0x22 Core/Src/dcmi.o
 .debug_macro   0x0000000000000fd3       0x8e Core/Src/dcmi.o
 .debug_macro   0x0000000000001061       0x51 Core/Src/dcmi.o
 .debug_macro   0x00000000000010b2       0xef Core/Src/dcmi.o
 .debug_macro   0x00000000000011a1       0x6a Core/Src/dcmi.o
 .debug_macro   0x000000000000120b      0x1df Core/Src/dcmi.o
 .debug_macro   0x00000000000013ea       0x1c Core/Src/dcmi.o
 .debug_macro   0x0000000000001406       0x22 Core/Src/dcmi.o
 .debug_macro   0x0000000000001428       0xdf Core/Src/dcmi.o
 .debug_macro   0x0000000000001507     0x12cd Core/Src/dcmi.o
 .debug_macro   0x00000000000027d4      0x11f Core/Src/dcmi.o
 .debug_macro   0x00000000000028f3       0x19 Core/Src/dcmi.o
 .debug_macro   0x000000000000290c    0x259b2 Core/Src/dcmi.o
 .debug_macro   0x00000000000282be       0x43 Core/Src/dcmi.o
 .debug_macro   0x0000000000028301     0x3cd3 Core/Src/dcmi.o
 .debug_macro   0x000000000002bfd4      0x174 Core/Src/dcmi.o
 .debug_macro   0x000000000002c148       0x46 Core/Src/dcmi.o
 .debug_macro   0x000000000002c18e       0x17 Core/Src/dcmi.o
 .debug_macro   0x000000000002c1a5       0x3c Core/Src/dcmi.o
 .debug_macro   0x000000000002c1e1       0x34 Core/Src/dcmi.o
 .debug_macro   0x000000000002c215       0x52 Core/Src/dcmi.o
 .debug_macro   0x000000000002c267       0x1f Core/Src/dcmi.o
 .debug_macro   0x000000000002c286       0x43 Core/Src/dcmi.o
 .debug_macro   0x000000000002c2c9       0x20 Core/Src/dcmi.o
 .debug_macro   0x000000000002c2e9      0x1a3 Core/Src/dcmi.o
 .debug_macro   0x000000000002c48c      0x32a Core/Src/dcmi.o
 .debug_macro   0x000000000002c7b6      0x1e1 Core/Src/dcmi.o
 .debug_macro   0x000000000002c997       0x54 Core/Src/dcmi.o
 .debug_macro   0x000000000002c9eb     0x240e Core/Src/dcmi.o
 .debug_macro   0x000000000002edf9     0x1009 Core/Src/dcmi.o
 .debug_macro   0x000000000002fe02      0x138 Core/Src/dcmi.o
 .debug_macro   0x000000000002ff3a      0x117 Core/Src/dcmi.o
 .debug_macro   0x0000000000030051      0x3b2 Core/Src/dcmi.o
 .debug_macro   0x0000000000030403       0x27 Core/Src/dcmi.o
 .debug_macro   0x000000000003042a      0x72d Core/Src/dcmi.o
 .debug_macro   0x0000000000030b57      0x229 Core/Src/dcmi.o
 .debug_macro   0x0000000000030d80       0x66 Core/Src/dcmi.o
 .debug_macro   0x0000000000030de6      0x3bb Core/Src/dcmi.o
 .debug_macro   0x00000000000311a1      0x22c Core/Src/dcmi.o
 .debug_macro   0x00000000000313cd      0x3e5 Core/Src/dcmi.o
 .debug_macro   0x00000000000317b2      0x275 Core/Src/dcmi.o
 .debug_macro   0x0000000000031a27      0x3cb Core/Src/dcmi.o
 .debug_macro   0x0000000000031df2      0x408 Core/Src/dcmi.o
 .debug_macro   0x00000000000321fa       0x3c Core/Src/dcmi.o
 .debug_macro   0x0000000000032236       0x4a Core/Src/dcmi.o
 .debug_macro   0x0000000000032280      0x22c Core/Src/dcmi.o
 .debug_macro   0x00000000000324ac       0x64 Core/Src/dcmi.o
 .debug_macro   0x0000000000032510       0xa5 Core/Src/dcmi.o
 .debug_macro   0x00000000000325b5      0x1c5 Core/Src/dcmi.o
 .debug_macro   0x000000000003277a      0x25f Core/Src/dcmi.o
 .debug_macro   0x00000000000329d9       0x35 Core/Src/dcmi.o
 .debug_macro   0x0000000000032a0e      0x662 Core/Src/dcmi.o
 .debug_macro   0x0000000000033070       0xa6 Core/Src/dcmi.o
 .debug_macro   0x0000000000033116      0x5a0 Core/Src/dcmi.o
 .debug_macro   0x00000000000336b6       0x1c Core/Src/dcmi.o
 .debug_macro   0x00000000000336d2      0x2aa Core/Src/dma.o
 .debug_macro   0x000000000003397c      0x2aa Core/Src/gpio.o
 .debug_macro   0x0000000000033c26      0x2aa Core/Src/i2c.o
 .debug_macro   0x0000000000033ed0      0x2df Core/Src/main.o
 .debug_macro   0x00000000000341af      0x1ea Core/Src/main.o
 .debug_macro   0x0000000000034399      0x2a0 Core/Src/stm32h7xx_hal_msp.o
 .debug_macro   0x0000000000034639      0x2aa Core/Src/stm32h7xx_it.o
 .debug_macro   0x00000000000348e3      0x297 Core/Src/system_stm32h7xx.o
 .debug_macro   0x0000000000034b7a      0x2aa Core/Src/usart.o
 .debug_macro   0x0000000000034e24      0x2bb Drivers/STM32H7xx_HAL_Driver/Src/stm32h7xx_hal.o
 .debug_macro   0x00000000000350df      0x291 Drivers/STM32H7xx_HAL_Driver/Src/stm32h7xx_hal_cortex.o
 .debug_macro   0x0000000000035370      0x298 Drivers/STM32H7xx_HAL_Driver/Src/stm32h7xx_hal_dcmi.o
 .debug_macro   0x0000000000035608      0x2e5 Drivers/STM32H7xx_HAL_Driver/Src/stm32h7xx_hal_dma.o
 .debug_macro   0x00000000000358ed      0x291 Drivers/STM32H7xx_HAL_Driver/Src/stm32h7xx_hal_dma_ex.o
 .debug_macro   0x0000000000035b7e      0x2cd Drivers/STM32H7xx_HAL_Driver/Src/stm32h7xx_hal_gpio.o
 .debug_macro   0x0000000000035e4b      0x356 Drivers/STM32H7xx_HAL_Driver/Src/stm32h7xx_hal_i2c.o
 .debug_macro   0x00000000000361a1      0x291 Drivers/STM32H7xx_HAL_Driver/Src/stm32h7xx_hal_i2c_ex.o
 .debug_macro   0x0000000000036432      0x2ca Drivers/STM32H7xx_HAL_Driver/Src/stm32h7xx_hal_pwr_ex.o
 .debug_macro   0x00000000000366fc      0x2b5 Drivers/STM32H7xx_HAL_Driver/Src/stm32h7xx_hal_rcc.o
 .debug_macro   0x00000000000369b1      0x2af Drivers/STM32H7xx_HAL_Driver/Src/stm32h7xx_hal_rcc_ex.o
 .debug_macro   0x0000000000036c60      0x2bc Drivers/STM32H7xx_HAL_Driver/Src/stm32h7xx_hal_uart.o
 .debug_macro   0x0000000000036f1c      0x29d Drivers/STM32H7xx_HAL_Driver/Src/stm32h7xx_hal_uart_ex.o
 .debug_macro   0x00000000000371b9      0x2d9 Hardware/OV2640.o
 .debug_macro   0x0000000000037492       0x10 Hardware/OV2640.o
 .debug_macro   0x00000000000374a2       0x16 Hardware/OV2640.o
 .debug_macro   0x00000000000374b8       0x20 Hardware/OV2640.o

.debug_line     0x0000000000000000    0x11d2c
 .debug_line    0x0000000000000000      0x88e Core/Src/dcmi.o
 .debug_line    0x000000000000088e      0x81b Core/Src/dma.o
 .debug_line    0x00000000000010a9      0x833 Core/Src/gpio.o
 .debug_line    0x00000000000018dc      0x856 Core/Src/i2c.o
 .debug_line    0x0000000000002132      0x8e1 Core/Src/main.o
 .debug_line    0x0000000000002a13      0x81f Core/Src/stm32h7xx_hal_msp.o
 .debug_line    0x0000000000003232      0x8e8 Core/Src/stm32h7xx_it.o
 .debug_line    0x0000000000003b1a      0x865 Core/Src/system_stm32h7xx.o
 .debug_line    0x000000000000437f      0x85d Core/Src/usart.o
 .debug_line    0x0000000000004bdc       0x85 Core/Startup/startup_stm32h750vbtx.o
 .debug_line    0x0000000000004c61      0xc1d Drivers/STM32H7xx_HAL_Driver/Src/stm32h7xx_hal.o
 .debug_line    0x000000000000587e      0xb5c Drivers/STM32H7xx_HAL_Driver/Src/stm32h7xx_hal_cortex.o
 .debug_line    0x00000000000063da      0xb70 Drivers/STM32H7xx_HAL_Driver/Src/stm32h7xx_hal_dcmi.o
 .debug_line    0x0000000000006f4a     0x1c90 Drivers/STM32H7xx_HAL_Driver/Src/stm32h7xx_hal_dma.o
 .debug_line    0x0000000000008bda      0xe8c Drivers/STM32H7xx_HAL_Driver/Src/stm32h7xx_hal_dma_ex.o
 .debug_line    0x0000000000009a66      0xa17 Drivers/STM32H7xx_HAL_Driver/Src/stm32h7xx_hal_gpio.o
 .debug_line    0x000000000000a47d     0x1e95 Drivers/STM32H7xx_HAL_Driver/Src/stm32h7xx_hal_i2c.o
 .debug_line    0x000000000000c312      0x964 Drivers/STM32H7xx_HAL_Driver/Src/stm32h7xx_hal_i2c_ex.o
 .debug_line    0x000000000000cc76      0xbf9 Drivers/STM32H7xx_HAL_Driver/Src/stm32h7xx_hal_pwr_ex.o
 .debug_line    0x000000000000d86f      0xbff Drivers/STM32H7xx_HAL_Driver/Src/stm32h7xx_hal_rcc.o
 .debug_line    0x000000000000e46e      0xe5d Drivers/STM32H7xx_HAL_Driver/Src/stm32h7xx_hal_rcc_ex.o
 .debug_line    0x000000000000f2cb     0x15b4 Drivers/STM32H7xx_HAL_Driver/Src/stm32h7xx_hal_uart.o
 .debug_line    0x000000000001087f      0xa8f Drivers/STM32H7xx_HAL_Driver/Src/stm32h7xx_hal_uart_ex.o
 .debug_line    0x000000000001130e      0xa1e Hardware/OV2640.o

.debug_str      0x0000000000000000   0x158c59
 .debug_str     0x0000000000000000   0x152e6d Core/Src/dcmi.o
                                     0x15345c (size before relaxing)
 .debug_str     0x0000000000152e6d       0x29 Core/Src/dma.o
                                     0x152e81 (size before relaxing)
 .debug_str     0x0000000000152e96       0x48 Core/Src/gpio.o
                                     0x1526e1 (size before relaxing)
 .debug_str     0x0000000000152ede      0x2ca Core/Src/i2c.o
                                     0x152c9b (size before relaxing)
 .debug_str     0x00000000001531a8      0xf4b Core/Src/main.o
                                     0x153c1e (size before relaxing)
 .debug_str     0x00000000001540f3       0x2c Core/Src/stm32h7xx_hal_msp.o
                                     0x152658 (size before relaxing)
 .debug_str     0x000000000015411f       0xd5 Core/Src/stm32h7xx_it.o
                                     0x1529e0 (size before relaxing)
 .debug_str     0x00000000001541f4      0x1fb Core/Src/system_stm32h7xx.o
                                     0x1527bf (size before relaxing)
 .debug_str     0x00000000001543ef       0x51 Core/Src/usart.o
                                     0x152c15 (size before relaxing)
 .debug_str     0x0000000000154440       0x6a Core/Startup/startup_stm32h750vbtx.o
 .debug_str     0x00000000001544aa      0x7d8 Drivers/STM32H7xx_HAL_Driver/Src/stm32h7xx_hal.o
                                     0x15379c (size before relaxing)
 .debug_str     0x0000000000154c82      0x3a1 Drivers/STM32H7xx_HAL_Driver/Src/stm32h7xx_hal_cortex.o
                                     0x153227 (size before relaxing)
 .debug_str     0x0000000000155023      0x23c Drivers/STM32H7xx_HAL_Driver/Src/stm32h7xx_hal_dcmi.o
                                     0x152b96 (size before relaxing)
 .debug_str     0x000000000015525f      0x87b Drivers/STM32H7xx_HAL_Driver/Src/stm32h7xx_hal_dma.o
                                     0x152ff9 (size before relaxing)
 .debug_str     0x0000000000155ada      0x24e Drivers/STM32H7xx_HAL_Driver/Src/stm32h7xx_hal_dma_ex.o
                                     0x1529ac (size before relaxing)
 .debug_str     0x0000000000155d28      0x1ff Drivers/STM32H7xx_HAL_Driver/Src/stm32h7xx_hal_gpio.o
                                     0x15299c (size before relaxing)
 .debug_str     0x0000000000155f27      0xd41 Drivers/STM32H7xx_HAL_Driver/Src/stm32h7xx_hal_i2c.o
                                     0x153836 (size before relaxing)
 .debug_str     0x0000000000156c68       0xb8 Drivers/STM32H7xx_HAL_Driver/Src/stm32h7xx_hal_i2c_ex.o
                                     0x152cd7 (size before relaxing)
 .debug_str     0x0000000000156d20      0x638 Drivers/STM32H7xx_HAL_Driver/Src/stm32h7xx_hal_pwr_ex.o
                                     0x152d64 (size before relaxing)
 .debug_str     0x0000000000157358      0x38c Drivers/STM32H7xx_HAL_Driver/Src/stm32h7xx_hal_rcc.o
                                     0x152c2b (size before relaxing)
 .debug_str     0x00000000001576e4      0x653 Drivers/STM32H7xx_HAL_Driver/Src/stm32h7xx_hal_rcc_ex.o
                                     0x1530f1 (size before relaxing)
 .debug_str     0x0000000000157d37      0x944 Drivers/STM32H7xx_HAL_Driver/Src/stm32h7xx_hal_uart.o
                                     0x153553 (size before relaxing)
 .debug_str     0x000000000015867b      0x28f Drivers/STM32H7xx_HAL_Driver/Src/stm32h7xx_hal_uart_ex.o
                                     0x152b9d (size before relaxing)
 .debug_str     0x000000000015890a      0x34f Hardware/OV2640.o
                                     0x1538c8 (size before relaxing)

.comment        0x0000000000000000       0x7b
 .comment       0x0000000000000000       0x7b Core/Src/dcmi.o
                                         0x7c (size before relaxing)
 .comment       0x000000000000007b       0x7c Core/Src/dma.o
 .comment       0x000000000000007b       0x7c Core/Src/gpio.o
 .comment       0x000000000000007b       0x7c Core/Src/i2c.o
 .comment       0x000000000000007b       0x7c Core/Src/main.o
 .comment       0x000000000000007b       0x7c Core/Src/stm32h7xx_hal_msp.o
 .comment       0x000000000000007b       0x7c Core/Src/stm32h7xx_it.o
 .comment       0x000000000000007b       0x7c Core/Src/system_stm32h7xx.o
 .comment       0x000000000000007b       0x7c Core/Src/usart.o
 .comment       0x000000000000007b       0x7c Drivers/STM32H7xx_HAL_Driver/Src/stm32h7xx_hal.o
 .comment       0x000000000000007b       0x7c Drivers/STM32H7xx_HAL_Driver/Src/stm32h7xx_hal_cortex.o
 .comment       0x000000000000007b       0x7c Drivers/STM32H7xx_HAL_Driver/Src/stm32h7xx_hal_dcmi.o
 .comment       0x000000000000007b       0x7c Drivers/STM32H7xx_HAL_Driver/Src/stm32h7xx_hal_dma.o
 .comment       0x000000000000007b       0x7c Drivers/STM32H7xx_HAL_Driver/Src/stm32h7xx_hal_dma_ex.o
 .comment       0x000000000000007b       0x7c Drivers/STM32H7xx_HAL_Driver/Src/stm32h7xx_hal_gpio.o
 .comment       0x000000000000007b       0x7c Drivers/STM32H7xx_HAL_Driver/Src/stm32h7xx_hal_i2c.o
 .comment       0x000000000000007b       0x7c Drivers/STM32H7xx_HAL_Driver/Src/stm32h7xx_hal_i2c_ex.o
 .comment       0x000000000000007b       0x7c Drivers/STM32H7xx_HAL_Driver/Src/stm32h7xx_hal_pwr_ex.o
 .comment       0x000000000000007b       0x7c Drivers/STM32H7xx_HAL_Driver/Src/stm32h7xx_hal_rcc.o
 .comment       0x000000000000007b       0x7c Drivers/STM32H7xx_HAL_Driver/Src/stm32h7xx_hal_rcc_ex.o
 .comment       0x000000000000007b       0x7c Drivers/STM32H7xx_HAL_Driver/Src/stm32h7xx_hal_uart.o
 .comment       0x000000000000007b       0x7c Drivers/STM32H7xx_HAL_Driver/Src/stm32h7xx_hal_uart_ex.o
 .comment       0x000000000000007b       0x7c Hardware/OV2640.o

.debug_frame    0x0000000000000000     0x3f54
 .debug_frame   0x0000000000000000       0x74 Core/Src/dcmi.o
 .debug_frame   0x0000000000000074       0x34 Core/Src/dma.o
 .debug_frame   0x00000000000000a8       0x34 Core/Src/gpio.o
 .debug_frame   0x00000000000000dc       0x74 Core/Src/i2c.o
 .debug_frame   0x0000000000000150       0x74 Core/Src/main.o
 .debug_frame   0x00000000000001c4       0x38 Core/Src/stm32h7xx_hal_msp.o
 .debug_frame   0x00000000000001fc      0x144 Core/Src/stm32h7xx_it.o
 .debug_frame   0x0000000000000340       0x58 Core/Src/system_stm32h7xx.o
 .debug_frame   0x0000000000000398       0x74 Core/Src/usart.o
 .debug_frame   0x000000000000040c      0x710 Drivers/STM32H7xx_HAL_Driver/Src/stm32h7xx_hal.o
 .debug_frame   0x0000000000000b1c      0x4b8 Drivers/STM32H7xx_HAL_Driver/Src/stm32h7xx_hal_cortex.o
 .debug_frame   0x0000000000000fd4      0x340 Drivers/STM32H7xx_HAL_Driver/Src/stm32h7xx_hal_dcmi.o
 .debug_frame   0x0000000000001314      0x2b4 Drivers/STM32H7xx_HAL_Driver/Src/stm32h7xx_hal_dma.o
 .debug_frame   0x00000000000015c8      0x174 Drivers/STM32H7xx_HAL_Driver/Src/stm32h7xx_hal_dma_ex.o
 .debug_frame   0x000000000000173c      0x14c Drivers/STM32H7xx_HAL_Driver/Src/stm32h7xx_hal_gpio.o
 .debug_frame   0x0000000000001888      0xbf0 Drivers/STM32H7xx_HAL_Driver/Src/stm32h7xx_hal_i2c.o
 .debug_frame   0x0000000000002478      0x100 Drivers/STM32H7xx_HAL_Driver/Src/stm32h7xx_hal_i2c_ex.o
 .debug_frame   0x0000000000002578      0x580 Drivers/STM32H7xx_HAL_Driver/Src/stm32h7xx_hal_pwr_ex.o
 .debug_frame   0x0000000000002af8      0x1f8 Drivers/STM32H7xx_HAL_Driver/Src/stm32h7xx_hal_rcc.o
 .debug_frame   0x0000000000002cf0      0x3f4 Drivers/STM32H7xx_HAL_Driver/Src/stm32h7xx_hal_rcc_ex.o
 .debug_frame   0x00000000000030e4      0xa0c Drivers/STM32H7xx_HAL_Driver/Src/stm32h7xx_hal_uart.o
 .debug_frame   0x0000000000003af0      0x22c Drivers/STM32H7xx_HAL_Driver/Src/stm32h7xx_hal_uart_ex.o
 .debug_frame   0x0000000000003d1c      0x18c Hardware/OV2640.o
 .debug_frame   0x0000000000003ea8       0x2c d:/stm32cubeide_1.0.1/stm32cubeide/plugins/com.st.stm32cube.ide.mcu.externaltools.gnu-tools-for-stm32.7-2018-q2-update.win32_1.5.0.202011040924/tools/bin/../lib/gcc/arm-none-eabi/7.3.1/../../../../arm-none-eabi/lib/thumb/v7e-m/fpv5/hard\libc_nano.a(lib_a-init.o)
 .debug_frame   0x0000000000003ed4       0x20 d:/stm32cubeide_1.0.1/stm32cubeide/plugins/com.st.stm32cube.ide.mcu.externaltools.gnu-tools-for-stm32.7-2018-q2-update.win32_1.5.0.202011040924/tools/bin/../lib/gcc/arm-none-eabi/7.3.1/../../../../arm-none-eabi/lib/thumb/v7e-m/fpv5/hard\libc_nano.a(lib_a-memset.o)
 .debug_frame   0x0000000000003ef4       0x2c d:/stm32cubeide_1.0.1/stm32cubeide/plugins/com.st.stm32cube.ide.mcu.externaltools.gnu-tools-for-stm32.7-2018-q2-update.win32_1.5.0.202011040924/tools/bin/../lib/gcc/arm-none-eabi/7.3.1/thumb/v7e-m/fpv5/hard\libgcc.a(_aeabi_uldivmod.o)
 .debug_frame   0x0000000000003f20       0x34 d:/stm32cubeide_1.0.1/stm32cubeide/plugins/com.st.stm32cube.ide.mcu.externaltools.gnu-tools-for-stm32.7-2018-q2-update.win32_1.5.0.202011040924/tools/bin/../lib/gcc/arm-none-eabi/7.3.1/thumb/v7e-m/fpv5/hard\libgcc.a(_udivmoddi4.o)
