stm32h7xx_hal_dcmi.c:174:19:HAL_DCMI_Init	16	static
stm32h7xx_hal_dcmi.c:271:19:HAL_DCMI_DeInit	16	static
stm32h7xx_hal_dcmi.c:303:13:HAL_DCMI_MspInit	16	static
stm32h7xx_hal_dcmi.c:319:13:HAL_DCMI_MspDeInit	16	static
stm32h7xx_hal_dcmi.c:358:19:HAL_DCMI_Start_DMA	40	static
stm32h7xx_hal_dcmi.c:463:19:HAL_DCMI_Stop	24	static
stm32h7xx_hal_dcmi.c:517:19:HAL_DCMI_Suspend	24	static
stm32h7xx_hal_dcmi.c:564:19:HAL_DCMI_Resume	16	static
stm32h7xx_hal_dcmi.c:590:6:HAL_DCMI_IRQHandler	24	static
stm32h7xx_hal_dcmi.c:690:13:HAL_DCMI_ErrorCallback	16	static
stm32h7xx_hal_dcmi.c:706:13:HAL_DCMI_LineEventCallback	16	static
stm32h7xx_hal_dcmi.c:721:13:HAL_DCMI_VsyncEventCallback	16	static
stm32h7xx_hal_dcmi.c:737:13:HAL_DCMI_FrameEventCallback	16	static
stm32h7xx_hal_dcmi.c:777:19:HAL_DCMI_ConfigCrop	24	static
stm32h7xx_hal_dcmi.c:810:19:HAL_DCMI_DisableCrop	16	static
stm32h7xx_hal_dcmi.c:836:19:HAL_DCMI_EnableCrop	16	static
stm32h7xx_hal_dcmi.c:864:20:HAL_DCMI_ConfigSyncUnmask	16	static
stm32h7xx_hal_dcmi.c:913:23:HAL_DCMI_GetState	16	static
stm32h7xx_hal_dcmi.c:924:10:HAL_DCMI_GetError	16	static
stm32h7xx_hal_dcmi.c:1123:13:DCMI_DMAXferCplt	24	static
stm32h7xx_hal_dcmi.c:1188:13:DCMI_DMAError	24	static
